Component: ARM Compiler 5.05 update 1 (build 106) Tool: armlink [4d0efa]

==============================================================================

Section Cross References

    system_stm32f4xx.o(i.SystemCoreClockUpdate) refers to system_stm32f4xx.o(.data) for SystemCoreClock
    system_stm32f4xx.o(i.SystemInit) refers to system_stm32f4xx.o(i.SetSysClock) for SetSysClock
    startup_stm32f40xx.o(STACK) refers (Special) to heapauxi.o(.text) for __use_two_region_memory
    startup_stm32f40xx.o(HEAP) refers (Special) to heapauxi.o(.text) for __use_two_region_memory
    startup_stm32f40xx.o(RESET) refers (Special) to heapauxi.o(.text) for __use_two_region_memory
    startup_stm32f40xx.o(RESET) refers to startup_stm32f40xx.o(STACK) for __initial_sp
    startup_stm32f40xx.o(RESET) refers to startup_stm32f40xx.o(.text) for Reset_Handler
    startup_stm32f40xx.o(RESET) refers to stm32f4xx_it.o(i.NMI_Handler) for NMI_Handler
    startup_stm32f40xx.o(RESET) refers to stm32f4xx_it.o(i.HardFault_Handler) for HardFault_Handler
    startup_stm32f40xx.o(RESET) refers to stm32f4xx_it.o(i.MemManage_Handler) for MemManage_Handler
    startup_stm32f40xx.o(RESET) refers to stm32f4xx_it.o(i.BusFault_Handler) for BusFault_Handler
    startup_stm32f40xx.o(RESET) refers to stm32f4xx_it.o(i.UsageFault_Handler) for UsageFault_Handler
    startup_stm32f40xx.o(RESET) refers to stm32f4xx_it.o(i.SVC_Handler) for SVC_Handler
    startup_stm32f40xx.o(RESET) refers to stm32f4xx_it.o(i.DebugMon_Handler) for DebugMon_Handler
    startup_stm32f40xx.o(RESET) refers to stm32f4xx_it.o(i.PendSV_Handler) for PendSV_Handler
    startup_stm32f40xx.o(RESET) refers to delay.o(i.SysTick_Handler) for SysTick_Handler
    startup_stm32f40xx.o(RESET) refers to usart.o(i.USART1_IRQHandler) for USART1_IRQHandler
    startup_stm32f40xx.o(.text) refers (Special) to heapauxi.o(.text) for __use_two_region_memory
    startup_stm32f40xx.o(.text) refers to system_stm32f4xx.o(i.SystemInit) for SystemInit
    startup_stm32f40xx.o(.text) refers to __main.o(!!!main) for __main
    startup_stm32f40xx.o(.text) refers to startup_stm32f40xx.o(HEAP) for Heap_Mem
    startup_stm32f40xx.o(.text) refers to startup_stm32f40xx.o(STACK) for Stack_Mem
    ad.o(i.ADC_Config) refers to stm32f4xx_rcc.o(i.RCC_AHB1PeriphClockCmd) for RCC_AHB1PeriphClockCmd
    ad.o(i.ADC_Config) refers to stm32f4xx_rcc.o(i.RCC_APB2PeriphClockCmd) for RCC_APB2PeriphClockCmd
    ad.o(i.ADC_Config) refers to stm32f4xx_dma.o(i.DMA_Init) for DMA_Init
    ad.o(i.ADC_Config) refers to stm32f4xx_dma.o(i.DMA_Cmd) for DMA_Cmd
    ad.o(i.ADC_Config) refers to stm32f4xx_gpio.o(i.GPIO_Init) for GPIO_Init
    ad.o(i.ADC_Config) refers to stm32f4xx_adc.o(i.ADC_CommonInit) for ADC_CommonInit
    ad.o(i.ADC_Config) refers to stm32f4xx_adc.o(i.ADC_Init) for ADC_Init
    ad.o(i.ADC_Config) refers to stm32f4xx_adc.o(i.ADC_RegularChannelConfig) for ADC_RegularChannelConfig
    ad.o(i.ADC_Config) refers to stm32f4xx_adc.o(i.ADC_DMARequestAfterLastTransferCmd) for ADC_DMARequestAfterLastTransferCmd
    ad.o(i.ADC_Config) refers to stm32f4xx_adc.o(i.ADC_DMACmd) for ADC_DMACmd
    ad.o(i.ADC_Config) refers to stm32f4xx_adc.o(i.ADC_Cmd) for ADC_Cmd
    ad.o(i.ADC_Config) refers to ad.o(.data) for uhADCxConvertedValue_1
    ad.o(i.ADC_Init_All) refers to ad.o(i.ADC_Config) for ADC_Config
    ad.o(i.ADC_Init_All) refers to stm32f4xx_adc.o(i.ADC_SoftwareStartConv) for ADC_SoftwareStartConv
    da.o(i.DAC_Ch2_SineWaveConfig) refers to stm32f4xx_rcc.o(i.RCC_AHB1PeriphClockCmd) for RCC_AHB1PeriphClockCmd
    da.o(i.DAC_Ch2_SineWaveConfig) refers to stm32f4xx_dac.o(i.DAC_Init) for DAC_Init
    da.o(i.DAC_Ch2_SineWaveConfig) refers to stm32f4xx_dma.o(i.DMA_DeInit) for DMA_DeInit
    da.o(i.DAC_Ch2_SineWaveConfig) refers to stm32f4xx_dma.o(i.DMA_Init) for DMA_Init
    da.o(i.DAC_Ch2_SineWaveConfig) refers to stm32f4xx_dma.o(i.DMA_Cmd) for DMA_Cmd
    da.o(i.DAC_Ch2_SineWaveConfig) refers to stm32f4xx_dac.o(i.DAC_Cmd) for DAC_Cmd
    da.o(i.DAC_Ch2_SineWaveConfig) refers to stm32f4xx_dac.o(i.DAC_DMACmd) for DAC_DMACmd
    da.o(i.DAC_Ch2_SineWaveConfig) refers to da.o(.constdata) for aSine12bit
    da.o(i.DAC_Ch2_TriangleConfig) refers to stm32f4xx_dac.o(i.DAC_Init) for DAC_Init
    da.o(i.DAC_Ch2_TriangleConfig) refers to stm32f4xx_dac.o(i.DAC_Cmd) for DAC_Cmd
    da.o(i.DAC_Ch2_TriangleConfig) refers to stm32f4xx_dac.o(i.DAC_SetChannel2Data) for DAC_SetChannel2Data
    da.o(i.DAC_Init_ALL) refers to da.o(i.DAC_Init_IO) for DAC_Init_IO
    da.o(i.DAC_Init_ALL) refers to da.o(i.DAC_Ch2_SineWaveConfig) for DAC_Ch2_SineWaveConfig
    da.o(i.DAC_Init_IO) refers to stm32f4xx_rcc.o(i.RCC_AHB1PeriphClockCmd) for RCC_AHB1PeriphClockCmd
    da.o(i.DAC_Init_IO) refers to stm32f4xx_rcc.o(i.RCC_APB1PeriphClockCmd) for RCC_APB1PeriphClockCmd
    da.o(i.DAC_Init_IO) refers to stm32f4xx_gpio.o(i.GPIO_Init) for GPIO_Init
    da.o(i.DAC_Init_IO) refers to da.o(i.TIM6_Config) for TIM6_Config
[...]
    ..\\DSP_LIB\\ControllerFunctions\\arm_pid_init_f32.c 0x00000000   Number         0  arm_pid_init_f32.o ABSOLUTE
    ..\\DSP_LIB\\ControllerFunctions\\arm_pid_init_q15.c 0x00000000   Number         0  arm_pid_init_q15.o ABSOLUTE
    ..\\DSP_LIB\\ControllerFunctions\\arm_pid_init_q31.c 0x00000000   Number         0  arm_pid_init_q31.o ABSOLUTE
    ..\\DSP_LIB\\ControllerFunctions\\arm_pid_reset_f32.c 0x00000000   Number         0  arm_pid_reset_f32.o ABSOLUTE
    ..\\DSP_LIB\\ControllerFunctions\\arm_pid_reset_q15.c 0x00000000   Number         0  arm_pid_reset_q15.o ABSOLUTE
    ..\\DSP_LIB\\ControllerFunctions\\arm_pid_reset_q31.c 0x00000000   Number         0  arm_pid_reset_q31.o ABSOLUTE
    ..\\DSP_LIB\\ControllerFunctions\\arm_sin_cos_f32.c 0x00000000   Number         0  arm_sin_cos_f32.o ABSOLUTE
    ..\\DSP_LIB\\ControllerFunctions\\arm_sin_cos_q31.c 0x00000000   Number         0  arm_sin_cos_q31.o ABSOLUTE
    ..\\DSP_LIB\\FastMathFunctions\\arm_cos_f32.c 0x00000000   Number         0  arm_cos_f32.o ABSOLUTE
    ..\\DSP_LIB\\FastMathFunctions\\arm_cos_q15.c 0x00000000   Number         0  arm_cos_q15.o ABSOLUTE
    ..\\DSP_LIB\\FastMathFunctions\\arm_cos_q31.c 0x00000000   Number         0  arm_cos_q31.o ABSOLUTE
    ..\\DSP_LIB\\FastMathFunctions\\arm_sin_f32.c 0x00000000   Number         0  arm_sin_f32.o ABSOLUTE
    ..\\DSP_LIB\\FastMathFunctions\\arm_sin_q15.c 0x00000000   Number         0  arm_sin_q15.o ABSOLUTE
    ..\\DSP_LIB\\FastMathFunctions\\arm_sin_q31.c 0x00000000   Number         0  arm_sin_q31.o ABSOLUTE
    ..\\DSP_LIB\\FastMathFunctions\\arm_sqrt_q15.c 0x00000000   Number         0  arm_sqrt_q15.o ABSOLUTE
    ..\\DSP_LIB\\FastMathFunctions\\arm_sqrt_q31.c 0x00000000   Number         0  arm_sqrt_q31.o ABSOLUTE
    ..\\DSP_LIB\\FilteringFunctions\\arm_biquad_cascade_df1_32x64_init_q31.c 0x00000000   Number         0  arm_biquad_cascade_df1_32x64_init_q31.o ABSOLUTE
    ..\\DSP_LIB\\FilteringFunctions\\arm_biquad_cascade_df1_32x64_q31.c 0x00000000   Number         0  arm_biquad_cascade_df1_32x64_q31.o ABSOLUTE
    ..\\DSP_LIB\\FilteringFunctions\\arm_biquad_cascade_df1_f32.c 0x00000000   Number         0  arm_biquad_cascade_df1_f32.o ABSOLUTE
    ..\\DSP_LIB\\FilteringFunctions\\arm_biquad_cascade_df1_fast_q15.c 0x00000000   Number         0  arm_biquad_cascade_df1_fast_q15.o ABSOLUTE
    ..\\DSP_LIB\\FilteringFunctions\\arm_biquad_cascade_df1_fast_q31.c 0x00000000   Number         0  arm_biquad_cascade_df1_fast_q31.o ABSOLUTE
    ..\\DSP_LIB\\FilteringFunctions\\arm_biquad_cascade_df1_init_f32.c 0x00000000   Number         0  arm_biquad_cascade_df1_init_f32.o ABSOLUTE
    ..\\DSP_LIB\\FilteringFunctions\\arm_biquad_cascade_df1_init_q15.c 0x00000000   Number         0  arm_biquad_cascade_df1_init_q15.o ABSOLUTE
    ..\\DSP_LIB\\FilteringFunctions\\arm_biquad_cascade_df1_init_q31.c 0x00000000   Number         0  arm_biquad_cascade_df1_init_q31.o ABSOLUTE
    ..\\DSP_LIB\\FilteringFunctions\\arm_biquad_cascade_df1_q15.c 0x00000000   Number         0  arm_biquad_cascade_df1_q15.o ABSOLUTE
    ..\\DSP_LIB\\FilteringFunctions\\arm_biquad_cascade_df1_q31.c 0x00000000   Number         0  arm_biquad_cascade_df1_q31.o ABSOLUTE
    ..\\DSP_LIB\\FilteringFunctions\\arm_biquad_cascade_df2T_f32.c 0x00000000   Number         0  arm_biquad_cascade_df2t_f32.o ABSOLUTE
    ..\\DSP_LIB\\FilteringFunctions\\arm_biquad_cascade_df2T_f64.c 0x00000000   Number         0  arm_biquad_cascade_df2t_f64.o ABSOLUTE
    ..\\DSP_LIB\\FilteringFunctions\\arm_biquad_cascade_df2T_init_f32.c 0x00000000   Number         0  arm_biquad_cascade_df2t_init_f32.o ABSOLUTE
    ..\\DSP_LIB\\FilteringFunctions\\arm_biquad_cascade_df2T_init_f64.c 0x00000000   Number         0  arm_biquad_cascade_df2t_init_f64.o ABSOLUTE
    ..\\DSP_LIB\\FilteringFunctions\\arm_biquad_cascade_stereo_df2T_f32.c 0x00000000   Number         0  arm_biquad_cascade_stereo_df2t_f32.o ABSOLUTE
    ..\\DSP_LIB\\FilteringFunctions\\arm_biquad_cascade_stereo_df2T_init_f32.c 0x00000000   Number         0  arm_biquad_cascade_stereo_df2t_init_f32.o ABSOLUTE
    ..\\DSP_LIB\\FilteringFunctions\\arm_conv_f32.c 0x00000000   Number         0  arm_conv_f32.o ABSOLUTE
    ..\\DSP_LIB\\FilteringFunctions\\arm_conv_fast_opt_q15.c 0x00000000   Number         0  arm_conv_fast_opt_q15.o ABSOLUTE
    ..\\DSP_LIB\\FilteringFunctions\\arm_conv_fast_q15.c 0x00000000   Number         0  arm_conv_fast_q15.o ABSOLUTE
    ..\\DSP_LIB\\FilteringFunctions\\arm_conv_fast_q31.c 0x00000000   Number         0  arm_conv_fast_q31.o ABSOLUTE
    ..\\DSP_LIB\\FilteringFunctions\\arm_conv_opt_q15.c 0x00000000   Number         0  arm_conv_opt_q15.o ABSOLUTE
    ..\\DSP_LIB\\FilteringFunctions\\arm_conv_opt_q7.c 0x00000000   Number         0  arm_conv_opt_q7.o ABSOLUTE
    ..\\DSP_LIB\\FilteringFunctions\\arm_conv_partial_f32.c 0x00000000   Number         0  arm_conv_partial_f32.o ABSOLUTE
    ..\\DSP_LIB\\FilteringFunctions\\arm_conv_partial_fast_opt_q15.c 0x00000000   Number         0  arm_conv_partial_fast_opt_q15.o ABSOLUTE
    ..\\DSP_LIB\\FilteringFunctions\\arm_conv_partial_fast_q15.c 0x00000000   Number         0  arm_conv_partial_fast_q15.o ABSOLUTE
    ..\\DSP_LIB\\FilteringFunctions\\arm_conv_partial_fast_q31.c 0x00000000   Number         0  arm_conv_partial_fast_q31.o ABSOLUTE
    ..\\DSP_LIB\\FilteringFunctions\\arm_conv_partial_opt_q15.c 0x00000000   Number         0  arm_conv_partial_opt_q15.o ABSOLUTE
    ..\\DSP_LIB\\FilteringFunctions\\arm_conv_partial_opt_q7.c 0x00000000   Number         0  arm_conv_partial_opt_q7.o ABSOLUTE
    ..\\DSP_LIB\\FilteringFunctions\\arm_conv_partial_q15.c 0x00000000   Number         0  arm_conv_partial_q15.o ABSOLUTE
    ..\\DSP_LIB\\FilteringFunctions\\arm_conv_partial_q31.c 0x00000000   Number         0  arm_conv_partial_q31.o ABSOLUTE
    ..\\DSP_LIB\\FilteringFunctions\\arm_conv_partial_q7.c 0x00000000   Number         0  arm_conv_partial_q7.o ABSOLUTE
    ..\\DSP_LIB\\FilteringFunctions\\arm_conv_q15.c 0x00000000   Number         0  arm_conv_q15.o ABSOLUTE
    ..\\DSP_LIB\\FilteringFunctions\\arm_conv_q31.c 0x00000000   Number         0  arm_conv_q31.o ABSOLUTE
    ..\\DSP_LIB\\FilteringFunctions\\arm_conv_q7.c 0x00000000   Number         0  arm_conv_q7.o ABSOLUTE
    ..\\DSP_LIB\\FilteringFunctions\\arm_correlate_f32.c 0x00000000   Number         0  arm_correlate_f32.o ABSOLUTE
    ..\\DSP_LIB\\FilteringFunctions\\arm_correlate_fast_opt_q15.c 0x00000000   Number         0  arm_correlate_fast_opt_q15.o ABSOLUTE
    ..\\DSP_LIB\\FilteringFunctions\\arm_correlate_fast_q15.c 0x00000000   Number         0  arm_correlate_fast_q15.o ABSOLUTE
    ..\\DSP_LIB\\FilteringFunctions\\arm_correlate_fast_q31.c 0x00000000   Number         0  arm_correlate_fast_q31.o ABSOLUTE
    ..\\DSP_LIB\\FilteringFunctions\\arm_correlate_opt_q15.c 0x00000000   Number         0  arm_correlate_opt_q15.o ABSOLUTE
    ..\\DSP_LIB\\FilteringFunctions\\arm_correlate_opt_q7.c 0x00000000   Number         0  arm_correlate_opt_q7.o ABSOLUTE
    ..\\DSP_LIB\\FilteringFunctions\\arm_correlate_q15.c 0x00000000   Number         0  arm_correlate_q15.o ABSOLUTE
    ..\\DSP_LIB\\FilteringFunctions\\arm_correlate_q31.c 0x00000000   Number         0  arm_correlate_q31.o ABSOLUTE
    ..\\DSP_LIB\\FilteringFunctions\\arm_correlate_q7.c 0x00000000   Number         0  arm_correlate_q7.o ABSOLUTE
    ..\\DSP_LIB\\FilteringFunctions\\arm_fir_decimate_f32.c 0x00000000   Number         0  arm_fir_decimate_f32.o ABSOLUTE
    ..\\DSP_LIB\\FilteringFunctions\\arm_fir_decimate_fast_q15.c 0x00000000   Number         0  arm_fir_decimate_fast_q15.o ABSOLUTE
    ..\\DSP_LIB\\FilteringFunctions\\arm_fir_decimate_fast_q31.c 0x00000000   Number         0  arm_fir_decimate_fast_q31.o ABSOLUTE
    ..\\DSP_LIB\\FilteringFunctions\\arm_fir_decimate_init_f32.c 0x00000000   Number         0  arm_fir_decimate_init_f32.o ABSOLUTE
    ..\\DSP_LIB\\FilteringFunctions\\arm_fir_decimate_init_q15.c 0x00000000   Number         0  arm_fir_decimate_init_q15.o ABSOLUTE
    ..\\DSP_LIB\\FilteringFunctions\\arm_fir_decimate_init_q31.c 0x00000000   Number         0  arm_fir_decimate_init_q31.o ABSOLUTE
    ..\\DSP_LIB\\FilteringFunctions\\arm_fir_decimate_q15.c 0x00000000   Number         0  arm_fir_decimate_q15.o ABSOLUTE
    ..\\DSP_LIB\\FilteringFunctions\\arm_fir_decimate_q31.c 0x00000000   Number         0  arm_fir_decimate_q31.o ABSOLUTE
    ..\\DSP_LIB\\FilteringFunctions\\arm_fir_f32.c 0x00000000   Number         0  arm_fir_f32.o ABSOLUTE
    ..\\DSP_LIB\\FilteringFunctions\\arm_fir_fast_q15.c 0x00000000   Number         0  arm_fir_fast_q15.o ABSOLUTE
    ..\\DSP_LIB\\FilteringFunctions\\arm_fir_fast_q31.c 0x00000000   Number         0  arm_fir_fast_q31.o ABSOLUTE
    ..\\DSP_LIB\\FilteringFunctions\\arm_fir_init_f32.c 0x00000000   Number         0  arm_fir_init_f32.o ABSOLUTE
    ..\\DSP_LIB\\FilteringFunctions\\arm_fir_init_q15.c 0x00000000   Number         0  arm_fir_init_q15.o ABSOLUTE
    ..\\DSP_LIB\\FilteringFunctions\\arm_fir_init_q31.c 0x00000000   Number         0  arm_fir_init_q31.o ABSOLUTE
    ..\\DSP_LIB\\FilteringFunctions\\arm_fir_init_q7.c 0x00000000   Number         0  arm_fir_init_q7.o ABSOLUTE
    ..\\DSP_LIB\\FilteringFunctions\\arm_fir_interpolate_f32.c 0x00000000   Number         0  arm_fir_interpolate_f32.o ABSOLUTE
    ..\\DSP_LIB\\FilteringFunctions\\arm_fir_interpolate_init_f32.c 0x00000000   Number         0  arm_fir_interpolate_init_f32.o ABSOLUTE
    ..\\DSP_LIB\\FilteringFunctions\\arm_fir_interpolate_init_q15.c 0x00000000   Number         0  arm_fir_interpolate_init_q15.o ABSOLUTE
    ..\\DSP_LIB\\FilteringFunctions\\arm_fir_interpolate_init_q31.c 0x00000000   Number         0  arm_fir_interpolate_init_q31.o ABSOLUTE
    ..\\DSP_LIB\\FilteringFunctions\\arm_fir_interpolate_q15.c 0x00000000   Number         0  arm_fir_interpolate_q15.o ABSOLUTE
    ..\\DSP_LIB\\FilteringFunctions\\arm_fir_interpolate_q31.c 0x00000000   Number         0  arm_fir_interpolate_q31.o ABSOLUTE
    ..\\DSP_LIB\\FilteringFunctions\\arm_fir_lattice_f32.c 0x00000000   Number         0  arm_fir_lattice_f32.o ABSOLUTE
    ..\\DSP_LIB\\FilteringFunctions\\arm_fir_lattice_init_f32.c 0x00000000   Number         0  arm_fir_lattice_init_f32.o ABSOLUTE
    ..\\DSP_LIB\\FilteringFunctions\\arm_fir_lattice_init_q15.c 0x00000000   Number         0  arm_fir_lattice_init_q15.o ABSOLUTE
    ..\\DSP_LIB\\FilteringFunctions\\arm_fir_lattice_init_q31.c 0x00000000   Number         0  arm_fir_lattice_init_q31.o ABSOLUTE
    ..\\DSP_LIB\\FilteringFunctions\\arm_fir_lattice_q15.c 0x00000000   Number         0  arm_fir_lattice_q15.o ABSOLUTE
    ..\\DSP_LIB\\FilteringFunctions\\arm_fir_lattice_q31.c 0x00000000   Number         0  arm_fir_lattice_q31.o ABSOLUTE
    ..\\DSP_LIB\\FilteringFunctions\\arm_fir_q15.c 0x00000000   Number         0  arm_fir_q15.o ABSOLUTE
    ..\\DSP_LIB\\FilteringFunctions\\arm_fir_q31.c 0x00000000   Number         0  arm_fir_q31.o ABSOLUTE
    ..\\DSP_LIB\\FilteringFunctions\\arm_fir_q7.c 0x00000000   Number         0  arm_fir_q7.o ABSOLUTE
    ..\\DSP_LIB\\FilteringFunctions\\arm_fir_sparse_f32.c 0x00000000   Number         0  arm_fir_sparse_f32.o ABSOLUTE
    ..\\DSP_LIB\\FilteringFunctions\\arm_fir_sparse_init_f32.c 0x00000000   Number         0  arm_fir_sparse_init_f32.o ABSOLUTE
    ..\\DSP_LIB\\FilteringFunctions\\arm_fir_sparse_init_q15.c 0x00000000   Number         0  arm_fir_sparse_init_q15.o ABSOLUTE
    ..\\DSP_LIB\\FilteringFunctions\\arm_fir_sparse_init_q31.c 0x00000000   Number         0  arm_fir_sparse_init_q31.o ABSOLUTE
    ..\\DSP_LIB\\FilteringFunctions\\arm_fir_sparse_init_q7.c 0x00000000   Number         0  arm_fir_sparse_init_q7.o ABSOLUTE
    ..\\DSP_LIB\\FilteringFunctions\\arm_fir_sparse_q15.c 0x00000000   Number         0  arm_fir_sparse_q15.o ABSOLUTE
    ..\\DSP_LIB\\FilteringFunctions\\arm_fir_sparse_q31.c 0x00000000   Number         0  arm_fir_sparse_q31.o ABSOLUTE
    ..\\DSP_LIB\\FilteringFunctions\\arm_fir_sparse_q7.c 0x00000000   Number         0  arm_fir_sparse_q7.o ABSOLUTE
    ..\\DSP_LIB\\FilteringFunctions\\arm_iir_lattice_f32.c 0x00000000   Number         0  arm_iir_lattice_f32.o ABSOLUTE
    ..\\DSP_LIB\\FilteringFunctions\\arm_iir_lattice_init_f32.c 0x00000000   Number         0  arm_iir_lattice_init_f32.o ABSOLUTE
    ..\\DSP_LIB\\FilteringFunctions\\arm_iir_lattice_init_q15.c 0x00000000   Number         0  arm_iir_lattice_init_q15.o ABSOLUTE
    ..\\DSP_LIB\\FilteringFunctions\\arm_iir_lattice_init_q31.c 0x00000000   Number         0  arm_iir_lattice_init_q31.o ABSOLUTE
    ..\\DSP_LIB\\FilteringFunctions\\arm_iir_lattice_q15.c 0x00000000   Number         0  arm_iir_lattice_q15.o ABSOLUTE
    ..\\DSP_LIB\\FilteringFunctions\\arm_iir_lattice_q31.c 0x00000000   Number         0  arm_iir_lattice_q31.o ABSOLUTE
    ..\\DSP_LIB\\FilteringFunctions\\arm_lms_f32.c 0x00000000   Number         0  arm_lms_f32.o ABSOLUTE
    ..\\DSP_LIB\\FilteringFunctions\\arm_lms_init_f32.c 0x00000000   Number         0  arm_lms_init_f32.o ABSOLUTE
    ..\\DSP_LIB\\FilteringFunctions\\arm_lms_init_q15.c 0x00000000   Number         0  arm_lms_init_q15.o ABSOLUTE
    ..\\DSP_LIB\\FilteringFunctions\\arm_lms_init_q31.c 0x00000000   Number         0  arm_lms_init_q31.o ABSOLUTE
    ..\\DSP_LIB\\FilteringFunctions\\arm_lms_norm_f32.c 0x00000000   Number         0  arm_lms_norm_f32.o ABSOLUTE
    ..\\DSP_LIB\\FilteringFunctions\\arm_lms_norm_init_f32.c 0x00000000   Number         0  arm_lms_norm_init_f32.o ABSOLUTE
    ..\\DSP_LIB\\FilteringFunctions\\arm_lms_norm_init_q15.c 0x00000000   Number         0  arm_lms_norm_init_q15.o ABSOLUTE
    ..\\DSP_LIB\\FilteringFunctions\\arm_lms_norm_init_q31.c 0x00000000   Number         0  arm_lms_norm_init_q31.o ABSOLUTE
    ..\\DSP_LIB\\FilteringFunctions\\arm_lms_norm_q15.c 0x00000000   Number         0  arm_lms_norm_q15.o ABSOLUTE
    ..\\DSP_LIB\\FilteringFunctions\\arm_lms_norm_q31.c 0x00000000   Number         0  arm_lms_norm_q31.o ABSOLUTE
    ..\\DSP_LIB\\FilteringFunctions\\arm_lms_q15.c 0x00000000   Number         0  arm_lms_q15.o ABSOLUTE
    ..\\DSP_LIB\\FilteringFunctions\\arm_lms_q31.c 0x00000000   Number         0  arm_lms_q31.o ABSOLUTE
    ..\\DSP_LIB\\MatrixFunctions\\arm_mat_add_f32.c 0x00000000   Number         0  arm_mat_add_f32.o ABSOLUTE
    ..\\DSP_LIB\\MatrixFunctions\\arm_mat_add_q15.c 0x00000000   Number         0  arm_mat_add_q15.o ABSOLUTE
    ..\\DSP_LIB\\MatrixFunctions\\arm_mat_add_q31.c 0x00000000   Number         0  arm_mat_add_q31.o ABSOLUTE
    ..\\DSP_LIB\\MatrixFunctions\\arm_mat_cmplx_mult_f32.c 0x00000000   Number         0  arm_mat_cmplx_mult_f32.o ABSOLUTE
    ..\\DSP_LIB\\MatrixFunctions\\arm_mat_cmplx_mult_q15.c 0x00000000   Number         0  arm_mat_cmplx_mult_q15.o ABSOLUTE
    ..\\DSP_LIB\\MatrixFunctions\\arm_mat_cmplx_mult_q31.c 0x00000000   Number         0  arm_mat_cmplx_mult_q31.o ABSOLUTE
    ..\\DSP_LIB\\MatrixFunctions\\arm_mat_init_f32.c 0x00000000   Number         0  arm_mat_init_f32.o ABSOLUTE
    ..\\DSP_LIB\\MatrixFunctions\\arm_mat_init_q15.c 0x00000000   Number         0  arm_mat_init_q15.o ABSOLUTE
    ..\\DSP_LIB\\MatrixFunctions\\arm_mat_init_q31.c 0x00000000   Number         0  arm_mat_init_q31.o ABSOLUTE
    ..\\DSP_LIB\\MatrixFunctions\\arm_mat_inverse_f32.c 0x00000000   Number         0  arm_mat_inverse_f32.o ABSOLUTE
    ..\\DSP_LIB\\MatrixFunctions\\arm_mat_inverse_f64.c 0x00000000   Number         0  arm_mat_inverse_f64.o ABSOLUTE
    ..\\DSP_LIB\\MatrixFunctions\\arm_mat_mult_f32.c 0x00000000   Number         0  arm_mat_mult_f32.o ABSOLUTE
    ..\\DSP_LIB\\MatrixFunctions\\arm_mat_mult_fast_q15.c 0x00000000   Number         0  arm_mat_mult_fast_q15.o ABSOLUTE
    ..\\DSP_LIB\\MatrixFunctions\\arm_mat_mult_fast_q31.c 0x00000000   Number         0  arm_mat_mult_fast_q31.o ABSOLUTE
    ..\\DSP_LIB\\MatrixFunctions\\arm_mat_mult_q15.c 0x00000000   Number         0  arm_mat_mult_q15.o ABSOLUTE
    ..\\DSP_LIB\\MatrixFunctions\\arm_mat_mult_q31.c 0x00000000   Number         0  arm_mat_mult_q31.o ABSOLUTE
    ..\\DSP_LIB\\MatrixFunctions\\arm_mat_scale_f32.c 0x00000000   Number         0  arm_mat_scale_f32.o ABSOLUTE
    ..\\DSP_LIB\\MatrixFunctions\\arm_mat_scale_q15.c 0x00000000   Number         0  arm_mat_scale_q15.o ABSOLUTE
    ..\\DSP_LIB\\MatrixFunctions\\arm_mat_scale_q31.c 0x00000000   Number         0  arm_mat_scale_q31.o ABSOLUTE
    ..\\DSP_LIB\\MatrixFunctions\\arm_mat_sub_f32.c 0x00000000   Number         0  arm_mat_sub_f32.o ABSOLUTE
    ..\\DSP_LIB\\MatrixFunctions\\arm_mat_sub_q15.c 0x00000000   Number         0  arm_mat_sub_q15.o ABSOLUTE
    ..\\DSP_LIB\\MatrixFunctions\\arm_mat_sub_q31.c 0x00000000   Number         0  arm_mat_sub_q31.o ABSOLUTE
    ..\\DSP_LIB\\MatrixFunctions\\arm_mat_trans_f32.c 0x00000000   Number         0  arm_mat_trans_f32.o ABSOLUTE
    ..\\DSP_LIB\\MatrixFunctions\\arm_mat_trans_q15.c 0x00000000   Number         0  arm_mat_trans_q15.o ABSOLUTE
    ..\\DSP_LIB\\MatrixFunctions\\arm_mat_trans_q31.c 0x00000000   Number         0  arm_mat_trans_q31.o ABSOLUTE
    ..\\DSP_LIB\\StatisticsFunctions\\arm_max_f32.c 0x00000000   Number         0  arm_max_f32.o ABSOLUTE
    ..\\DSP_LIB\\StatisticsFunctions\\arm_max_q15.c 0x00000000   Number         0  arm_max_q15.o ABSOLUTE
    ..\\DSP_LIB\\StatisticsFunctions\\arm_max_q31.c 0x00000000   Number         0  arm_max_q31.o ABSOLUTE
    ..\\DSP_LIB\\StatisticsFunctions\\arm_max_q7.c 0x00000000   Number         0  arm_max_q7.o ABSOLUTE
    ..\\DSP_LIB\\StatisticsFunctions\\arm_mean_f32.c 0x00000000   Number         0  arm_mean_f32.o ABSOLUTE
    ..\\DSP_LIB\\StatisticsFunctions\\arm_mean_q15.c 0x00000000   Number         0  arm_mean_q15.o ABSOLUTE
    ..\\DSP_LIB\\StatisticsFunctions\\arm_mean_q31.c 0x00000000   Number         0  arm_mean_q31.o ABSOLUTE
    ..\\DSP_LIB\\StatisticsFunctions\\arm_mean_q7.c 0x00000000   Number         0  arm_mean_q7.o ABSOLUTE
    ..\\DSP_LIB\\StatisticsFunctions\\arm_min_f32.c 0x00000000   Number         0  arm_min_f32.o ABSOLUTE
    ..\\DSP_LIB\\StatisticsFunctions\\arm_min_q15.c 0x00000000   Number         0  arm_min_q15.o ABSOLUTE
    ..\\DSP_LIB\\StatisticsFunctions\\arm_min_q31.c 0x00000000   Number         0  arm_min_q31.o ABSOLUTE
    ..\\DSP_LIB\\StatisticsFunctions\\arm_min_q7.c 0x00000000   Number         0  arm_min_q7.o ABSOLUTE
    ..\\DSP_LIB\\StatisticsFunctions\\arm_power_f32.c 0x00000000   Number         0  arm_power_f32.o ABSOLUTE
    ..\\DSP_LIB\\StatisticsFunctions\\arm_power_q15.c 0x00000000   Number         0  arm_power_q15.o ABSOLUTE
    ..\\DSP_LIB\\StatisticsFunctions\\arm_power_q31.c 0x00000000   Number         0  arm_power_q31.o ABSOLUTE
    ..\\DSP_LIB\\StatisticsFunctions\\arm_power_q7.c 0x00000000   Number         0  arm_power_q7.o ABSOLUTE
    ..\\DSP_LIB\\StatisticsFunctions\\arm_rms_f32.c 0x00000000   Number         0  arm_rms_f32.o ABSOLUTE
    ..\\DSP_LIB\\StatisticsFunctions\\arm_rms_q15.c 0x00000000   Number         0  arm_rms_q15.o ABSOLUTE
    ..\\DSP_LIB\\StatisticsFunctions\\arm_rms_q31.c 0x00000000   Number         0  arm_rms_q31.o ABSOLUTE
    ..\\DSP_LIB\\StatisticsFunctions\\arm_std_f32.c 0x00000000   Number         0  arm_std_f32.o ABSOLUTE
    ..\\DSP_LIB\\StatisticsFunctions\\arm_std_q15.c 0x00000000   Number         0  arm_std_q15.o ABSOLUTE
    ..\\DSP_LIB\\StatisticsFunctions\\arm_std_q31.c 0x00000000   Number         0  arm_std_q31.o ABSOLUTE
    ..\\DSP_LIB\\StatisticsFunctions\\arm_var_f32.c 0x00000000   Number         0  arm_var_f32.o ABSOLUTE
    ..\\DSP_LIB\\StatisticsFunctions\\arm_var_q15.c 0x00000000   Number         0  arm_var_q15.o ABSOLUTE
    ..\\DSP_LIB\\StatisticsFunctions\\arm_var_q31.c 0x00000000   Number         0  arm_var_q31.o ABSOLUTE
    ..\\DSP_LIB\\SupportFunctions\\arm_copy_f32.c 0x00000000   Number         0  arm_copy_f32.o ABSOLUTE
    ..\\DSP_LIB\\SupportFunctions\\arm_copy_q15.c 0x00000000   Number         0  arm_copy_q15.o ABSOLUTE
    ..\\DSP_LIB\\SupportFunctions\\arm_copy_q31.c 0x00000000   Number         0  arm_copy_q31.o ABSOLUTE
    ..\\DSP_LIB\\SupportFunctions\\arm_copy_q7.c 0x00000000   Number         0  arm_copy_q7.o ABSOLUTE
    ..\\DSP_LIB\\SupportFunctions\\arm_fill_f32.c 0x00000000   Number         0  arm_fill_f32.o ABSOLUTE
    ..\\DSP_LIB\\SupportFunctions\\arm_fill_q15.c 0x00000000   Number         0  arm_fill_q15.o ABSOLUTE
    ..\\DSP_LIB\\SupportFunctions\\arm_fill_q31.c 0x00000000   Number         0  arm_fill_q31.o ABSOLUTE
    ..\\DSP_LIB\\SupportFunctions\\arm_fill_q7.c 0x00000000   Number         0  arm_fill_q7.o ABSOLUTE
    ..\\DSP_LIB\\SupportFunctions\\arm_float_to_q15.c 0x00000000   Number         0  arm_float_to_q15.o ABSOLUTE
    ..\\DSP_LIB\\SupportFunctions\\arm_float_to_q31.c 0x00000000   Number         0  arm_float_to_q31.o ABSOLUTE
    ..\\DSP_LIB\\SupportFunctions\\arm_float_to_q7.c 0x00000000   Number         0  arm_float_to_q7.o ABSOLUTE
    ..\\DSP_LIB\\SupportFunctions\\arm_q15_to_float.c 0x00000000   Number         0  arm_q15_to_float.o ABSOLUTE
    ..\\DSP_LIB\\SupportFunctions\\arm_q15_to_q31.c 0x00000000   Number         0  arm_q15_to_q31.o ABSOLUTE
    ..\\DSP_LIB\\SupportFunctions\\arm_q15_to_q7.c 0x00000000   Number         0  arm_q15_to_q7.o ABSOLUTE
    ..\\DSP_LIB\\SupportFunctions\\arm_q31_to_float.c 0x00000000   Number         0  arm_q31_to_float.o ABSOLUTE
    ..\\DSP_LIB\\SupportFunctions\\arm_q31_to_q15.c 0x00000000   Number         0  arm_q31_to_q15.o ABSOLUTE
    ..\\DSP_LIB\\SupportFunctions\\arm_q31_to_q7.c 0x00000000   Number         0  arm_q31_to_q7.o ABSOLUTE
    ..\\DSP_LIB\\SupportFunctions\\arm_q7_to_float.c 0x00000000   Number         0  arm_q7_to_float.o ABSOLUTE
    ..\\DSP_LIB\\SupportFunctions\\arm_q7_to_q15.c 0x00000000   Number         0  arm_q7_to_q15.o ABSOLUTE
    ..\\DSP_LIB\\SupportFunctions\\arm_q7_to_q31.c 0x00000000   Number         0  arm_q7_to_q31.o ABSOLUTE
    ..\\DSP_LIB\\TransformFunctions\\arm_bitreversal.c 0x00000000   Number         0  arm_bitreversal.o ABSOLUTE
    ..\\DSP_LIB\\TransformFunctions\\arm_bitreversal2.S 0x00000000   Number         0  arm_bitreversal2.o ABSOLUTE
    ..\\DSP_LIB\\TransformFunctions\\arm_cfft_f32.c 0x00000000   Number         0  arm_cfft_f32.o ABSOLUTE
    ..\\DSP_LIB\\TransformFunctions\\arm_cfft_q15.c 0x00000000   Number         0  arm_cfft_q15.o ABSOLUTE
    ..\\DSP_LIB\\TransformFunctions\\arm_cfft_q31.c 0x00000000   Number         0  arm_cfft_q31.o ABSOLUTE
    ..\\DSP_LIB\\TransformFunctions\\arm_cfft_radix2_f32.c 0x00000000   Number         0  arm_cfft_radix2_f32.o ABSOLUTE
    ..\\DSP_LIB\\TransformFunctions\\arm_cfft_radix2_init_f32.c 0x00000000   Number         0  arm_cfft_radix2_init_f32.o ABSOLUTE
    ..\\DSP_LIB\\TransformFunctions\\arm_cfft_radix2_init_q15.c 0x00000000   Number         0  arm_cfft_radix2_init_q15.o ABSOLUTE
    ..\\DSP_LIB\\TransformFunctions\\arm_cfft_radix2_init_q31.c 0x00000000   Number         0  arm_cfft_radix2_init_q31.o ABSOLUTE
    ..\\DSP_LIB\\TransformFunctions\\arm_cfft_radix2_q15.c 0x00000000   Number         0  arm_cfft_radix2_q15.o ABSOLUTE
    ..\\DSP_LIB\\TransformFunctions\\arm_cfft_radix2_q31.c 0x00000000   Number         0  arm_cfft_radix2_q31.o ABSOLUTE
    ..\\DSP_LIB\\TransformFunctions\\arm_cfft_radix4_f32.c 0x00000000   Number         0  arm_cfft_radix4_f32.o ABSOLUTE
    ..\\DSP_LIB\\TransformFunctions\\arm_cfft_radix4_init_f32.c 0x00000000   Number         0  arm_cfft_radix4_init_f32.o ABSOLUTE
    ..\\DSP_LIB\\TransformFunctions\\arm_cfft_radix4_init_q15.c 0x00000000   Number         0  arm_cfft_radix4_init_q15.o ABSOLUTE
    ..\\DSP_LIB\\TransformFunctions\\arm_cfft_radix4_init_q31.c 0x00000000   Number         0  arm_cfft_radix4_init_q31.o ABSOLUTE
    ..\\DSP_LIB\\TransformFunctions\\arm_cfft_radix4_q15.c 0x00000000   Number         0  arm_cfft_radix4_q15.o ABSOLUTE
    ..\\DSP_LIB\\TransformFunctions\\arm_cfft_radix4_q31.c 0x00000000   Number         0  arm_cfft_radix4_q31.o ABSOLUTE
    ..\\DSP_LIB\\TransformFunctions\\arm_cfft_radix8_f32.c 0x00000000   Number         0  arm_cfft_radix8_f32.o ABSOLUTE
    ..\\DSP_LIB\\TransformFunctions\\arm_dct4_f32.c 0x00000000   Number         0  arm_dct4_f32.o ABSOLUTE
    ..\\DSP_LIB\\TransformFunctions\\arm_dct4_init_f32.c 0x00000000   Number         0  arm_dct4_init_f32.o ABSOLUTE
    ..\\DSP_LIB\\TransformFunctions\\arm_dct4_init_q15.c 0x00000000   Number         0  arm_dct4_init_q15.o ABSOLUTE
    ..\\DSP_LIB\\TransformFunctions\\arm_dct4_init_q31.c 0x00000000   Number         0  arm_dct4_init_q31.o ABSOLUTE
    ..\\DSP_LIB\\TransformFunctions\\arm_dct4_q15.c 0x00000000   Number         0  arm_dct4_q15.o ABSOLUTE
    ..\\DSP_LIB\\TransformFunctions\\arm_dct4_q31.c 0x00000000   Number         0  arm_dct4_q31.o ABSOLUTE
    ..\\DSP_LIB\\TransformFunctions\\arm_rfft_f32.c 0x00000000   Number         0  arm_rfft_f32.o ABSOLUTE
    ..\\DSP_LIB\\TransformFunctions\\arm_rfft_fast_f32.c 0x00000000   Number         0  arm_rfft_fast_f32.o ABSOLUTE
    ..\\DSP_LIB\\TransformFunctions\\arm_rfft_fast_init_f32.c 0x00000000   Number         0  arm_rfft_fast_init_f32.o ABSOLUTE
    ..\\DSP_LIB\\TransformFunctions\\arm_rfft_init_f32.c 0x00000000   Number         0  arm_rfft_init_f32.o ABSOLUTE
    ..\\DSP_LIB\\TransformFunctions\\arm_rfft_init_q15.c 0x00000000   Number         0  arm_rfft_init_q15.o ABSOLUTE
    ..\\DSP_LIB\\TransformFunctions\\arm_rfft_init_q31.c 0x00000000   Number         0  arm_rfft_init_q31.o ABSOLUTE
    ..\\DSP_LIB\\TransformFunctions\\arm_rfft_q15.c 0x00000000   Number         0  arm_rfft_q15.o ABSOLUTE
    ..\\DSP_LIB\\TransformFunctions\\arm_rfft_q31.c 0x00000000   Number         0  arm_rfft_q31.o ABSOLUTE
    ..\\MAIN\\main.c                         0x00000000   Number         0  main.o ABSOLUTE
    ..\\PERPH\\LED\\led.c                    0x00000000   Number         0  led_1.o ABSOLUTE
    ..\\PERPH\\RELAY\\relay.c                0x00000000   Number         0  relay.o ABSOLUTE
    ..\\STM32F4xx_StdPeriph_Driver\\src\\misc.c 0x00000000   Number         0  misc.o ABSOLUTE
    ..\\STM32F4xx_StdPeriph_Driver\\src\\stm32f4xx_adc.c 0x00000000   Number         0  stm32f4xx_adc.o ABSOLUTE
    ..\\STM32F4xx_StdPeriph_Driver\\src\\stm32f4xx_can.c 0x00000000   Number         0  stm32f4xx_can.o ABSOLUTE
    ..\\STM32F4xx_StdPeriph_Driver\\src\\stm32f4xx_cec.c 0x00000000   Number         0  stm32f4xx_cec.o ABSOLUTE
    ..\\STM32F4xx_StdPeriph_Driver\\src\\stm32f4xx_crc.c 0x00000000   Number         0  stm32f4xx_crc.o ABSOLUTE
    ..\\STM32F4xx_StdPeriph_Driver\\src\\stm32f4xx_cryp.c 0x00000000   Number         0  stm32f4xx_cryp.o ABSOLUTE
    ..\\STM32F4xx_StdPeriph_Driver\\src\\stm32f4xx_cryp_aes.c 0x00000000   Number         0  stm32f4xx_cryp_aes.o ABSOLUTE
    ..\\STM32F4xx_StdPeriph_Driver\\src\\stm32f4xx_cryp_des.c 0x00000000   Number         0  stm32f4xx_cryp_des.o ABSOLUTE
    ..\\STM32F4xx_StdPeriph_Driver\\src\\stm32f4xx_cryp_tdes.c 0x00000000   Number         0  stm32f4xx_cryp_tdes.o ABSOLUTE
    ..\\STM32F4xx_StdPeriph_Driver\\src\\stm32f4xx_dac.c 0x00000000   Number         0  stm32f4xx_dac.o ABSOLUTE
    ..\\STM32F4xx_StdPeriph_Driver\\src\\stm32f4xx_dbgmcu.c 0x00000000   Number         0  stm32f4xx_dbgmcu.o ABSOLUTE
    ..\\STM32F4xx_StdPeriph_Driver\\src\\stm32f4xx_dcmi.c 0x00000000   Number         0  stm32f4xx_dcmi.o ABSOLUTE
    ..\\STM32F4xx_StdPeriph_Driver\\src\\stm32f4xx_dfsdm.c 0x00000000   Number         0  stm32f4xx_dfsdm.o ABSOLUTE
    ..\\STM32F4xx_StdPeriph_Driver\\src\\stm32f4xx_dma.c 0x00000000   Number         0  stm32f4xx_dma.o ABSOLUTE
    ..\\STM32F4xx_StdPeriph_Driver\\src\\stm32f4xx_dma2d.c 0x00000000   Number         0  stm32f4xx_dma2d.o ABSOLUTE
    ..\\STM32F4xx_StdPeriph_Driver\\src\\stm32f4xx_dsi.c 0x00000000   Number         0  stm32f4xx_dsi.o ABSOLUTE
    ..\\STM32F4xx_StdPeriph_Driver\\src\\stm32f4xx_exti.c 0x00000000   Number         0  stm32f4xx_exti.o ABSOLUTE
    ..\\STM32F4xx_StdPeriph_Driver\\src\\stm32f4xx_flash.c 0x00000000   Number         0  stm32f4xx_flash.o ABSOLUTE
    ..\\STM32F4xx_StdPeriph_Driver\\src\\stm32f4xx_flash_ramfunc.c 0x00000000   Number         0  stm32f4xx_flash_ramfunc.o ABSOLUTE
    ..\\STM32F4xx_StdPeriph_Driver\\src\\stm32f4xx_fmpi2c.c 0x00000000   Number         0  stm32f4xx_fmpi2c.o ABSOLUTE
    ..\\STM32F4xx_StdPeriph_Driver\\src\\stm32f4xx_gpio.c 0x00000000   Number         0  stm32f4xx_gpio.o ABSOLUTE
    ..\\STM32F4xx_StdPeriph_Driver\\src\\stm32f4xx_hash.c 0x00000000   Number         0  stm32f4xx_hash.o ABSOLUTE
    ..\\STM32F4xx_StdPeriph_Driver\\src\\stm32f4xx_hash_md5.c 0x00000000   Number         0  stm32f4xx_hash_md5.o ABSOLUTE
    ..\\STM32F4xx_StdPeriph_Driver\\src\\stm32f4xx_hash_sha1.c 0x00000000   Number         0  stm32f4xx_hash_sha1.o ABSOLUTE
    ..\\STM32F4xx_StdPeriph_Driver\\src\\stm32f4xx_i2c.c 0x00000000   Number         0  stm32f4xx_i2c.o ABSOLUTE
    ..\\STM32F4xx_StdPeriph_Driver\\src\\stm32f4xx_iwdg.c 0x00000000   Number         0  stm32f4xx_iwdg.o ABSOLUTE
    ..\\STM32F4xx_StdPeriph_Driver\\src\\stm32f4xx_lptim.c 0x00000000   Number         0  stm32f4xx_lptim.o ABSOLUTE
    ..\\STM32F4xx_StdPeriph_Driver\\src\\stm32f4xx_ltdc.c 0x00000000   Number         0  stm32f4xx_ltdc.o ABSOLUTE
    ..\\STM32F4xx_StdPeriph_Driver\\src\\stm32f4xx_pwr.c 0x00000000   Number         0  stm32f4xx_pwr.o ABSOLUTE
    ..\\STM32F4xx_StdPeriph_Driver\\src\\stm32f4xx_qspi.c 0x00000000   Number         0  stm32f4xx_qspi.o ABSOLUTE
    ..\\STM32F4xx_StdPeriph_Driver\\src\\stm32f4xx_rcc.c 0x00000000   Number         0  stm32f4xx_rcc.o ABSOLUTE
    ..\\STM32F4xx_StdPeriph_Driver\\src\\stm32f4xx_rng.c 0x00000000   Number         0  stm32f4xx_rng.o ABSOLUTE
    ..\\STM32F4xx_StdPeriph_Driver\\src\\stm32f4xx_rtc.c 0x00000000   Number         0  stm32f4xx_rtc.o ABSOLUTE
    ..\\STM32F4xx_StdPeriph_Driver\\src\\stm32f4xx_sai.c 0x00000000   Number         0  stm32f4xx_sai.o ABSOLUTE
    ..\\STM32F4xx_StdPeriph_Driver\\src\\stm32f4xx_sdio.c 0x00000000   Number         0  stm32f4xx_sdio.o ABSOLUTE
    ..\\STM32F4xx_StdPeriph_Driver\\src\\stm32f4xx_spdifrx.c 0x00000000   Number         0  stm32f4xx_spdifrx.o ABSOLUTE
    ..\\STM32F4xx_StdPeriph_Driver\\src\\stm32f4xx_spi.c 0x00000000   Number         0  stm32f4xx_spi.o ABSOLUTE
    ..\\STM32F4xx_StdPeriph_Driver\\src\\stm32f4xx_syscfg.c 0x00000000   Number         0  stm32f4xx_syscfg.o ABSOLUTE
    ..\\STM32F4xx_StdPeriph_Driver\\src\\stm32f4xx_tim.c 0x00000000   Number         0  stm32f4xx_tim.o ABSOLUTE
    ..\\STM32F4xx_StdPeriph_Driver\\src\\stm32f4xx_usart.c 0x00000000   Number         0  stm32f4xx_usart.o ABSOLUTE
    ..\\STM32F4xx_StdPeriph_Driver\\src\\stm32f4xx_wwdg.c 0x00000000   Number         0  stm32f4xx_wwdg.o ABSOLUTE
    dc.s                                     0x00000000   Number         0  dc.o ABSOLUTE
    RESET                                    0x08000000   Section      392  startup_stm32f40xx.o(RESET)
    !!!main                                  0x08000188   Section        8  __main.o(!!!main)
    !!!scatter                               0x08000190   Section       52  __scatter.o(!!!scatter)
    !!handler_copy                           0x080001c4   Section       26  __scatter_copy.o(!!handler_copy)
    !!handler_zi                             0x080001e0   Section       28  __scatter_zi.o(!!handler_zi)
    .ARM.Collect$$libinit$$00000000          0x080001fc   Section        2  libinit.o(.ARM.Collect$$libinit$$00000000)
    .ARM.Collect$$libinit$$00000001          0x080001fe   Section        4  libinit2.o(.ARM.Collect$$libinit$$00000001)
    .ARM.Collect$$libinit$$00000004          0x08000202   Section        0  libinit2.o(.ARM.Collect$$libinit$$00000004)
    .ARM.Collect$$libinit$$0000000A          0x08000202   Section        0  libinit2.o(.ARM.Collect$$libinit$$0000000A)
    .ARM.Collect$$libinit$$0000000C          0x08000202   Section        0  libinit2.o(.ARM.Collect$$libinit$$0000000C)
    .ARM.Collect$$libinit$$0000000E          0x08000202   Section        0  libinit2.o(.ARM.Collect$$libinit$$0000000E)
    .ARM.Collect$$libinit$$00000011          0x08000202   Section        0  libinit2.o(.ARM.Collect$$libinit$$00000011)
    .ARM.Collect$$libinit$$00000013          0x08000202   Section        0  libinit2.o(.ARM.Collect$$libinit$$00000013)
    .ARM.Collect$$libinit$$00000015          0x08000202   Section        0  libinit2.o(.ARM.Collect$$libinit$$00000015)
    .ARM.Collect$$libinit$$00000017          0x08000202   Section        0  libinit2.o(.ARM.Collect$$libinit$$00000017)
    .ARM.Collect$$libinit$$00000019          0x08000202   Section        0  libinit2.o(.ARM.Collect$$libinit$$00000019)
    .ARM.Collect$$libinit$$0000001B          0x08000202   Section        0  libinit2.o(.ARM.Collect$$libinit$$0000001B)
    .ARM.Collect$$libinit$$0000001D          0x08000202   Section        0  libinit2.o(.ARM.Collect$$libinit$$0000001D)
    .ARM.Collect$$libinit$$0000001F          0x08000202   Section        0  libinit2.o(.ARM.Collect$$libinit$$0000001F)
    .ARM.Collect$$libinit$$00000021          0x08000202   Section        0  libinit2.o(.ARM.Collect$$libinit$$00000021)
    .ARM.Collect$$libinit$$00000023          0x08000202   Section        0  libinit2.o(.ARM.Collect$$libinit$$00000023)
    .ARM.Collect$$libinit$$00000025          0x08000202   Section        0  libinit2.o(.ARM.Collect$$libinit$$00000025)
    .ARM.Collect$$libinit$$0000002C          0x08000202   Section        0  libinit2.o(.ARM.Collect$$libinit$$0000002C)
    .ARM.Collect$$libinit$$0000002E          0x08000202   Section        0  libinit2.o(.ARM.Collect$$libinit$$0000002E)
    .ARM.Collect$$libinit$$00000030          0x08000202   Section        0  libinit2.o(.ARM.Collect$$libinit$$00000030)
    .ARM.Collect$$libinit$$00000032          0x08000202   Section        0  libinit2.o(.ARM.Collect$$libinit$$00000032)
    .ARM.Collect$$libinit$$00000033          0x08000202   Section        2  libinit2.o(.ARM.Collect$$libinit$$00000033)
    .ARM.Collect$$libshutdown$$00000000      0x08000204   Section        2  libshutdown.o(.ARM.Collect$$libshutdown$$00000000)
    .ARM.Collect$$libshutdown$$00000003      0x08000206   Section        0  libshutdown2.o(.ARM.Collect$$libshutdown$$00000003)
    .ARM.Collect$$libshutdown$$00000006      0x08000206   Section        0  libshutdown2.o(.ARM.Collect$$libshutdown$$00000006)
    .ARM.Collect$$libshutdown$$00000009      0x08000206   Section        0  libshutdown2.o(.ARM.Collect$$libshutdown$$00000009)
    .ARM.Collect$$libshutdown$$0000000B      0x08000206   Section        0  libshutdown2.o(.ARM.Collect$$libshutdown$$0000000B)
    .ARM.Collect$$libshutdown$$0000000E      0x08000206   Section        0  libshutdown2.o(.ARM.Collect$$libshutdown$$0000000E)
    .ARM.Collect$$libshutdown$$0000000F      0x08000206   Section        2  libshutdown2.o(.ARM.Collect$$libshutdown$$0000000F)
    .ARM.Collect$$rtentry$$00000000          0x08000208   Section        0  __rtentry.o(.ARM.Collect$$rtentry$$00000000)
    .ARM.Collect$$rtentry$$00000002          0x08000208   Section        0  __rtentry2.o(.ARM.Collect$$rtentry$$00000002)
    .ARM.Collect$$rtentry$$00000004          0x08000208   Section        6  __rtentry4.o(.ARM.Collect$$rtentry$$00000004)
    .ARM.Collect$$rtentry$$00000009          0x0800020e   Section        0  __rtentry2.o(.ARM.Collect$$rtentry$$00000009)
    .ARM.Collect$$rtentry$$0000000A          0x0800020e   Section        4  __rtentry2.o(.ARM.Collect$$rtentry$$0000000A)
    .ARM.Collect$$rtentry$$0000000C          0x08000212   Section        0  __rtentry2.o(.ARM.Collect$$rtentry$$0000000C)
    .ARM.Collect$$rtentry$$0000000D          0x08000212   Section        8  __rtentry2.o(.ARM.Collect$$rtentry$$0000000D)
    .ARM.Collect$$rtexit$$00000000           0x0800021a   Section        2  rtexit.o(.ARM.Collect$$rtexit$$00000000)
    .ARM.Collect$$rtexit$$00000002           0x0800021c   Section        0  rtexit2.o(.ARM.Collect$$rtexit$$00000002)
    .ARM.Collect$$rtexit$$00000003           0x0800021c   Section        4  rtexit2.o(.ARM.Collect$$rtexit$$00000003)
    .ARM.Collect$$rtexit$$00000004           0x08000220   Section        6  rtexit2.o(.ARM.Collect$$rtexit$$00000004)
    .text                                    0x08000228   Section       64  startup_stm32f40xx.o(.text)
    $v0                                      0x08000228   Number         0  startup_stm32f40xx.o(.text)
    .text                                    0x08000268   Section        2  use_no_semi_2.o(.text)
    .text                                    0x0800026c   Section        0  noretval__2printf.o(.text)
    .text                                    0x08000284   Section       68  rt_memclr.o(.text)
    .text                                    0x080002c8   Section       78  rt_memclr_w.o(.text)
    .text                                    0x08000316   Section        0  heapauxi.o(.text)
    .text                                    0x0800031c   Section        2  use_no_semi.o(.text)
    .text                                    0x08000320   Section        0  _printf_char_file.o(.text)
    .text                                    0x08000344   Section        0  _printf_char_common.o(.text)
    _printf_input_char                       0x08000345   Thumb Code    10  _printf_char_common.o(.text)
    .text                                    0x08000374   Section        0  ferror.o(.text)
    .text                                    0x0800037c   Section       74  sys_stackheap_outer.o(.text)
    .text                                    0x080003c6   Section        0  __printf_nopercent.o(.text)
    .text                                    0x080003ee   Section        0  exit.o(.text)
    .text                                    0x080003fc   Section        8  libspace.o(.text)
    i.ADC_Cmd                                0x08000404   Section        0  stm32f4xx_adc.o(i.ADC_Cmd)
    i.ADC_CommonInit                         0x0800041c   Section        0  stm32f4xx_adc.o(i.ADC_CommonInit)
    i.ADC_Config                             0x0800044c   Section        0  ad.o(i.ADC_Config)
    ADC_Config                               0x0800044d   Thumb Code   412  ad.o(i.ADC_Config)
    i.ADC_DMACmd                             0x08000608   Section        0  stm32f4xx_adc.o(i.ADC_DMACmd)
    i.ADC_DMARequestAfterLastTransferCmd     0x0800061e   Section        0  stm32f4xx_adc.o(i.ADC_DMARequestAfterLastTransferCmd)
    i.ADC_Init                               0x08000634   Section        0  stm32f4xx_adc.o(i.ADC_Init)
    i.ADC_Init_All                           0x08000688   Section        0  ad.o(i.ADC_Init_All)
    i.ADC_RegularChannelConfig               0x080006a4   Section        0  stm32f4xx_adc.o(i.ADC_RegularChannelConfig)
    i.ADC_SoftwareStartConv                  0x0800075c   Section        0  stm32f4xx_adc.o(i.ADC_SoftwareStartConv)
    i.BusFault_Handler                       0x08000766   Section        0  stm32f4xx_it.o(i.BusFault_Handler)
    i.DAC_Ch2_SineWaveConfig                 0x0800076c   Section        0  da.o(i.DAC_Ch2_SineWaveConfig)
    DAC_Ch2_SineWaveConfig                   0x0800076d   Thumb Code   134  da.o(i.DAC_Ch2_SineWaveConfig)
    i.DAC_Cmd                                0x08000800   Section        0  stm32f4xx_dac.o(i.DAC_Cmd)
    i.DAC_DMACmd                             0x08000828   Section        0  stm32f4xx_dac.o(i.DAC_DMACmd)
    i.DAC_Init                               0x08000854   Section        0  stm32f4xx_dac.o(i.DAC_Init)
    i.DAC_Init_ALL                           0x08000888   Section        0  da.o(i.DAC_Init_ALL)
    i.DAC_Init_IO                            0x08000894   Section        0  da.o(i.DAC_Init_IO)
    DAC_Init_IO                              0x08000895   Thumb Code    48  da.o(i.DAC_Init_IO)
    i.DMA_Cmd                                0x080008c8   Section        0  stm32f4xx_dma.o(i.DMA_Cmd)
    i.DMA_DeInit                             0x080008e0   Section        0  stm32f4xx_dma.o(i.DMA_DeInit)
    i.DMA_Init                               0x08000a38   Section        0  stm32f4xx_dma.o(i.DMA_Init)
    i.DebugMon_Handler                       0x08000a90   Section        0  stm32f4xx_it.o(i.DebugMon_Handler)
    i.GPIO_Init                              0x08000a92   Section        0  stm32f4xx_gpio.o(i.GPIO_Init)
    i.GPIO_PinAFConfig                       0x08000b22   Section        0  stm32f4xx_gpio.o(i.GPIO_PinAFConfig)
    i.GPIO_ReadOutputDataBit                 0x08000b68   Section        0  stm32f4xx_gpio.o(i.GPIO_ReadOutputDataBit)
    i.GPIO_ResetBits                         0x08000b7a   Section        0  stm32f4xx_gpio.o(i.GPIO_ResetBits)
    i.GPIO_WriteBit                          0x08000b7e   Section        0  stm32f4xx_gpio.o(i.GPIO_WriteBit)
    i.HardFault_Handler                      0x08000b88   Section        0  stm32f4xx_it.o(i.HardFault_Handler)
    i.LED_Init                               0x08000b8c   Section        0  led_1.o(i.LED_Init)
    i.MemManage_Handler                      0x08000c28   Section        0  stm32f4xx_it.o(i.MemManage_Handler)
    i.NMI_Handler                            0x08000c2c   Section        0  stm32f4xx_it.o(i.NMI_Handler)
    i.NVIC_Init                              0x08000c30   Section        0  misc.o(i.NVIC_Init)
    i.NVIC_PriorityGroupConfig               0x08000ca8   Section        0  misc.o(i.NVIC_PriorityGroupConfig)
    i.PendSV_Handler                         0x08000cbc   Section        0  stm32f4xx_it.o(i.PendSV_Handler)
    i.RCC_AHB1PeriphClockCmd                 0x08000cc0   Section        0  stm32f4xx_rcc.o(i.RCC_AHB1PeriphClockCmd)
    i.RCC_APB1PeriphClockCmd                 0x08000ce0   Section        0  stm32f4xx_rcc.o(i.RCC_APB1PeriphClockCmd)
    i.RCC_APB2PeriphClockCmd                 0x08000d00   Section        0  stm32f4xx_rcc.o(i.RCC_APB2PeriphClockCmd)
    i.RCC_GetClocksFreq                      0x08000d20   Section        0  stm32f4xx_rcc.o(i.RCC_GetClocksFreq)
    i.RELAY_Init                             0x08000e08   Section        0  relay.o(i.RELAY_Init)
    i.SVC_Handler                            0x08000e44   Section        0  stm32f4xx_it.o(i.SVC_Handler)
    i.SetSysClock                            0x08000e48   Section        0  system_stm32f4xx.o(i.SetSysClock)
    SetSysClock                              0x08000e49   Thumb Code   220  system_stm32f4xx.o(i.SetSysClock)
    i.SysTick_Handler                        0x08000f34   Section        0  delay.o(i.SysTick_Handler)
    i.SystemInit                             0x08000f5c   Section        0  system_stm32f4xx.o(i.SystemInit)
    i.TIM6_Config                            0x08000fc4   Section        0  da.o(i.TIM6_Config)
    TIM6_Config                              0x08000fc5   Thumb Code    60  da.o(i.TIM6_Config)
    i.TIM_Cmd                                0x08001004   Section        0  stm32f4xx_tim.o(i.TIM_Cmd)
    i.TIM_SelectOutputTrigger                0x0800101c   Section        0  stm32f4xx_tim.o(i.TIM_SelectOutputTrigger)
    i.TIM_TimeBaseInit                       0x08001030   Section        0  stm32f4xx_tim.o(i.TIM_TimeBaseInit)
    i.TIM_TimeBaseStructInit                 0x080010b4   Section        0  stm32f4xx_tim.o(i.TIM_TimeBaseStructInit)
    i.UART_SendString                        0x080010c6   Section        0  usart.o(i.UART_SendString)
    i.USART1_IRQHandler                      0x080010f0   Section        0  usart.o(i.USART1_IRQHandler)
    i.USART_ClearFlag                        0x080011d8   Section        0  stm32f4xx_usart.o(i.USART_ClearFlag)
    i.USART_Cmd                              0x080011ea   Section        0  stm32f4xx_usart.o(i.USART_Cmd)
    i.USART_Config                           0x08001204   Section        0  usart.o(i.USART_Config)
    USART_Config                             0x08001205   Thumb Code   372  usart.o(i.USART_Config)
    i.USART_GetFlagStatus                    0x08001388   Section        0  stm32f4xx_usart.o(i.USART_GetFlagStatus)
    i.USART_GetITStatus                      0x080013a2   Section        0  stm32f4xx_usart.o(i.USART_GetITStatus)
    i.USART_ITConfig                         0x080013f6   Section        0  stm32f4xx_usart.o(i.USART_ITConfig)
    i.USART_Init                             0x08001440   Section        0  stm32f4xx_usart.o(i.USART_Init)
    i.USART_ReceiveData                      0x08001514   Section        0  stm32f4xx_usart.o(i.USART_ReceiveData)
    i.USART_SendData                         0x0800151e   Section        0  stm32f4xx_usart.o(i.USART_SendData)
    i.UsageFault_Handler                     0x08001526   Section        0  stm32f4xx_it.o(i.UsageFault_Handler)
    i.Usart_Init_All                         0x0800152a   Section        0  usart.o(i.Usart_Init_All)
    i._sys_exit                              0x08001532   Section        0  usart.o(i._sys_exit)
    i.fputc                                  0x08001538   Section        0  usart.o(i.fputc)
    i.main                                   0x08001554   Section        0  main.o(i.main)
    i.time_tick                              0x08001708   Section        0  delay.o(i.time_tick)
    time_tick                                0x08001709   Thumb Code    44  delay.o(i.time_tick)
    i.times_Flag                             0x08001744   Section        0  delay.o(i.times_Flag)
    times_Flag                               0x08001745   Thumb Code   208  delay.o(i.times_Flag)
    x$fpl$fpinit                             0x0800181c   Section       10  fpinit.o(x$fpl$fpinit)
    $v0                                      0x0800181c   Number         0  fpinit.o(x$fpl$fpinit)
    .constdata                               0x08001826   Section       64  da.o(.constdata)
    .data                                    0x20000000   Section       20  system_stm32f4xx.o(.data)
    .data                                    0x20000014   Section        4  ad.o(.data)
    .data                                    0x20000018   Section        5  usart.o(.data)
    statu                                    0x2000001c   Data           1  usart.o(.data)
    .data                                    0x20000020   Section       24  delay.o(.data)
    fac_us                                   0x20000020   Data           2  delay.o(.data)
    fac_ms                                   0x20000024   Data           4  delay.o(.data)
    Time_tic_cnt                             0x20000034   Data           4  delay.o(.data)
    .data                                    0x20000038   Section       16  stm32f4xx_rcc.o(.data)
    APBAHBPrescTable                         0x20000038   Data          16  stm32f4xx_rcc.o(.data)
    .bss                                     0x20000048   Section      516  usart.o(.bss)
    .bss                                     0x2000024c   Section       32  delay.o(.bss)
    .bss                                     0x2000026c   Section       96  libspace.o(.bss)
    HEAP                                     0x200002d0   Section      512  startup_stm32f40xx.o(HEAP)
    Heap_Mem                                 0x200002d0   Data         512  startup_stm32f40xx.o(HEAP)
    STACK                                    0x200004d0   Section     1024  startup_stm32f40xx.o(STACK)
    Stack_Mem                                0x200004d0   Data        1024  startup_stm32f40xx.o(STACK)
    __initial_sp                             0x200008d0   Data           0  startup_stm32f40xx.o(STACK)

    Global Symbols

    Symbol Name                              Value     Ov Type        Size  Object(Section)

    BuildAttributes$$THM_ISAv4$E$P$D$K$B$S$7EM$VFPi3$EXTD16$VFPS$VFMA$PE$A:L22UL41UL21$X:L11$S22US41US21$IEEE1$IW$USESV6$~STKCKD$USESV7$~SHL$OSPACE$ROPI$EBA8$UX$STANDARDLIB$REQ8$PRES8$EABIv2 0x00000000   Number         0  anon$$obj.o ABSOLUTE
    __ARM_use_no_argv                        0x00000000   Number         0  main.o ABSOLUTE
    __ARM_exceptions_init                     - Undefined Weak Reference
    __alloca_initialize                       - Undefined Weak Reference
    __arm_preinit_                            - Undefined Weak Reference
    __cpp_initialize__aeabi_                  - Undefined Weak Reference
    __cxa_finalize                            - Undefined Weak Reference
    __rt_locale                               - Undefined Weak Reference
    __sigvec_lookup                           - Undefined Weak Reference
    _atexit_init                              - Undefined Weak Reference
    _call_atexit_fns                          - Undefined Weak Reference
    _clock_init                               - Undefined Weak Reference
    _fp_trap_init                             - Undefined Weak Reference
    _fp_trap_shutdown                         - Undefined Weak Reference
    _get_lc_collate                           - Undefined Weak Reference
    _get_lc_ctype                             - Undefined Weak Reference
    _get_lc_monetary                          - Undefined Weak Reference
    _get_lc_numeric                           - Undefined Weak Reference
    _get_lc_time                              - Undefined Weak Reference
    _getenv_init                              - Undefined Weak Reference
    _handle_redirection                       - Undefined Weak Reference
    _init_alloc                               - Undefined Weak Reference
    _init_user_alloc                          - Undefined Weak Reference
    _initio                                   - Undefined Weak Reference
    _mutex_acquire                            - Undefined Weak Reference
    _mutex_release                            - Undefined Weak Reference
    _rand_init                                - Undefined Weak Reference
    _signal_finish                            - Undefined Weak Reference
    _signal_init                              - Undefined Weak Reference
    _terminate_alloc                          - Undefined Weak Reference
    _terminate_user_alloc                     - Undefined Weak Reference
    _terminateio                              - Undefined Weak Reference
    __Vectors_Size                           0x00000188   Number         0  startup_stm32f40xx.o ABSOLUTE
    __Vectors                                0x08000000   Data           4  startup_stm32f40xx.o(RESET)
    __Vectors_End                            0x08000188   Data           0  startup_stm32f40xx.o(RESET)
    __main                                   0x08000189   Thumb Code     8  __main.o(!!!main)
    __scatterload                            0x08000191   Thumb Code     0  __scatter.o(!!!scatter)
    __scatterload_rt2                        0x08000191   Thumb Code    44  __scatter.o(!!!scatter)
    __scatterload_rt2_thumb_only             0x08000191   Thumb Code     0  __scatter.o(!!!scatter)
    __scatterload_null                       0x0800019f   Thumb Code     0  __scatter.o(!!!scatter)
    __scatterload_copy                       0x080001c5   Thumb Code    26  __scatter_copy.o(!!handler_copy)
    __scatterload_zeroinit                   0x080001e1   Thumb Code    28  __scatter_zi.o(!!handler_zi)
    __rt_lib_init                            0x080001fd   Thumb Code     0  libinit.o(.ARM.Collect$$libinit$$00000000)
    __rt_lib_init_fp_1                       0x080001ff   Thumb Code     0  libinit2.o(.ARM.Collect$$libinit$$00000001)
    __rt_lib_init_alloca_1                   0x08000203   Thumb Code     0  libinit2.o(.ARM.Collect$$libinit$$0000002E)
    __rt_lib_init_argv_1                     0x08000203   Thumb Code     0  libinit2.o(.ARM.Collect$$libinit$$0000002C)
    __rt_lib_init_atexit_1                   0x08000203   Thumb Code     0  libinit2.o(.ARM.Collect$$libinit$$0000001B)
    __rt_lib_init_clock_1                    0x08000203   Thumb Code     0  libinit2.o(.ARM.Collect$$libinit$$00000021)
    __rt_lib_init_cpp_1                      0x08000203   Thumb Code     0  libinit2.o(.ARM.Collect$$libinit$$00000032)
    __rt_lib_init_exceptions_1               0x08000203   Thumb Code     0  libinit2.o(.ARM.Collect$$libinit$$00000030)
    __rt_lib_init_fp_trap_1                  0x08000203   Thumb Code     0  libinit2.o(.ARM.Collect$$libinit$$0000001F)
    __rt_lib_init_getenv_1                   0x08000203   Thumb Code     0  libinit2.o(.ARM.Collect$$libinit$$00000023)
    __rt_lib_init_heap_1                     0x08000203   Thumb Code     0  libinit2.o(.ARM.Collect$$libinit$$0000000A)
    __rt_lib_init_lc_collate_1               0x08000203   Thumb Code     0  libinit2.o(.ARM.Collect$$libinit$$00000011)
    __rt_lib_init_lc_ctype_1                 0x08000203   Thumb Code     0  libinit2.o(.ARM.Collect$$libinit$$00000013)
    __rt_lib_init_lc_monetary_1              0x08000203   Thumb Code     0  libinit2.o(.ARM.Collect$$libinit$$00000015)
    __rt_lib_init_lc_numeric_1               0x08000203   Thumb Code     0  libinit2.o(.ARM.Collect$$libinit$$00000017)
    __rt_lib_init_lc_time_1                  0x08000203   Thumb Code     0  libinit2.o(.ARM.Collect$$libinit$$00000019)
    __rt_lib_init_preinit_1                  0x08000203   Thumb Code     0  libinit2.o(.ARM.Collect$$libinit$$00000004)
    __rt_lib_init_rand_1                     0x08000203   Thumb Code     0  libinit2.o(.ARM.Collect$$libinit$$0000000E)
    __rt_lib_init_return                     0x08000203   Thumb Code     0  libinit2.o(.ARM.Collect$$libinit$$00000033)
    __rt_lib_init_signal_1                   0x08000203   Thumb Code     0  libinit2.o(.ARM.Collect$$libinit$$0000001D)
    __rt_lib_init_stdio_1                    0x08000203   Thumb Code     0  libinit2.o(.ARM.Collect$$libinit$$00000025)
    __rt_lib_init_user_alloc_1               0x08000203   Thumb Code     0  libinit2.o(.ARM.Collect$$libinit$$0000000C)
    __rt_lib_shutdown                        0x08000205   Thumb Code     0  libshutdown.o(.ARM.Collect$$libshutdown$$00000000)
    __rt_lib_shutdown_fp_trap_1              0x08000207   Thumb Code     0  libshutdown2.o(.ARM.Collect$$libshutdown$$00000006)
    __rt_lib_shutdown_heap_1                 0x08000207   Thumb Code     0  libshutdown2.o(.ARM.Collect$$libshutdown$$0000000E)
    __rt_lib_shutdown_return                 0x08000207   Thumb Code     0  libshutdown2.o(.ARM.Collect$$libshutdown$$0000000F)
    __rt_lib_shutdown_signal_1               0x08000207   Thumb Code     0  libshutdown2.o(.ARM.Collect$$libshutdown$$00000009)
    __rt_lib_shutdown_stdio_1                0x08000207   Thumb Code     0  libshutdown2.o(.ARM.Collect$$libshutdown$$00000003)
    __rt_lib_shutdown_user_alloc_1           0x08000207   Thumb Code     0  libshutdown2.o(.ARM.Collect$$libshutdown$$0000000B)
    __rt_entry                               0x08000209   Thumb Code     0  __rtentry.o(.ARM.Collect$$rtentry$$00000000)
    __rt_entry_presh_1                       0x08000209   Thumb Code     0  __rtentry2.o(.ARM.Collect$$rtentry$$00000002)
    __rt_entry_sh                            0x08000209   Thumb Code     0  __rtentry4.o(.ARM.Collect$$rtentry$$00000004)
    __rt_entry_li                            0x0800020f   Thumb Code     0  __rtentry2.o(.ARM.Collect$$rtentry$$0000000A)
    __rt_entry_postsh_1                      0x0800020f   Thumb Code     0  __rtentry2.o(.ARM.Collect$$rtentry$$00000009)
    __rt_entry_main                          0x08000213   Thumb Code     0  __rtentry2.o(.ARM.Collect$$rtentry$$0000000D)
    __rt_entry_postli_1                      0x08000213   Thumb Code     0  __rtentry2.o(.ARM.Collect$$rtentry$$0000000C)
    __rt_exit                                0x0800021b   Thumb Code     0  rtexit.o(.ARM.Collect$$rtexit$$00000000)
    __rt_exit_ls                             0x0800021d   Thumb Code     0  rtexit2.o(.ARM.Collect$$rtexit$$00000003)
    __rt_exit_prels_1                        0x0800021d   Thumb Code     0  rtexit2.o(.ARM.Collect$$rtexit$$00000002)
    __rt_exit_exit                           0x08000221   Thumb Code     0  rtexit2.o(.ARM.Collect$$rtexit$$00000004)
    Reset_Handler                            0x08000229   Thumb Code     8  startup_stm32f40xx.o(.text)
    ADC_IRQHandler                           0x08000243   Thumb Code     0  startup_stm32f40xx.o(.text)
    CAN1_RX0_IRQHandler                      0x08000243   Thumb Code     0  startup_stm32f40xx.o(.text)
    CAN1_RX1_IRQHandler                      0x08000243   Thumb Code     0  startup_stm32f40xx.o(.text)
    CAN1_SCE_IRQHandler                      0x08000243   Thumb Code     0  startup_stm32f40xx.o(.text)
    CAN1_TX_IRQHandler                       0x08000243   Thumb Code     0  startup_stm32f40xx.o(.text)
    CAN2_RX0_IRQHandler                      0x08000243   Thumb Code     0  startup_stm32f40xx.o(.text)
    CAN2_RX1_IRQHandler                      0x08000243   Thumb Code     0  startup_stm32f40xx.o(.text)
    CAN2_SCE_IRQHandler                      0x08000243   Thumb Code     0  startup_stm32f40xx.o(.text)
    CAN2_TX_IRQHandler                       0x08000243   Thumb Code     0  startup_stm32f40xx.o(.text)
    CRYP_IRQHandler                          0x08000243   Thumb Code     0  startup_stm32f40xx.o(.text)
    DCMI_IRQHandler                          0x08000243   Thumb Code     0  startup_stm32f40xx.o(.text)
    DMA1_Stream0_IRQHandler                  0x08000243   Thumb Code     0  startup_stm32f40xx.o(.text)
    DMA1_Stream1_IRQHandler                  0x08000243   Thumb Code     0  startup_stm32f40xx.o(.text)
    DMA1_Stream2_IRQHandler                  0x08000243   Thumb Code     0  startup_stm32f40xx.o(.text)
    DMA1_Stream3_IRQHandler                  0x08000243   Thumb Code     0  startup_stm32f40xx.o(.text)
    DMA1_Stream4_IRQHandler                  0x08000243   Thumb Code     0  startup_stm32f40xx.o(.text)
    DMA1_Stream5_IRQHandler                  0x08000243   Thumb Code     0  startup_stm32f40xx.o(.text)
    DMA1_Stream6_IRQHandler                  0x08000243   Thumb Code     0  startup_stm32f40xx.o(.text)
    DMA1_Stream7_IRQHandler                  0x08000243   Thumb Code     0  startup_stm32f40xx.o(.text)
    DMA2_Stream0_IRQHandler                  0x08000243   Thumb Code     0  startup_stm32f40xx.o(.text)
    DMA2_Stream1_IRQHandler                  0x08000243   Thumb Code     0  startup_stm32f40xx.o(.text)
    DMA2_Stream2_IRQHandler                  0x08000243   Thumb Code     0  startup_stm32f40xx.o(.text)
    DMA2_Stream3_IRQHandler                  0x08000243   Thumb Code     0  startup_stm32f40xx.o(.text)
    DMA2_Stream4_IRQHandler                  0x08000243   Thumb Code     0  startup_stm32f40xx.o(.text)
    DMA2_Stream5_IRQHandler                  0x08000243   Thumb Code     0  startup_stm32f40xx.o(.text)
    DMA2_Stream6_IRQHandler                  0x08000243   Thumb Code     0  startup_stm32f40xx.o(.text)
    DMA2_Stream7_IRQHandler                  0x08000243   Thumb Code     0  startup_stm32f40xx.o(.text)
    ETH_IRQHandler                           0x08000243   Thumb Code     0  startup_stm32f40xx.o(.text)
    ETH_WKUP_IRQHandler                      0x08000243   Thumb Code     0  startup_stm32f40xx.o(.text)
    EXTI0_IRQHandler                         0x08000243   Thumb Code     0  startup_stm32f40xx.o(.text)
    EXTI15_10_IRQHandler                     0x08000243   Thumb Code     0  startup_stm32f40xx.o(.text)
    EXTI1_IRQHandler                         0x08000243   Thumb Code     0  startup_stm32f40xx.o(.text)
    EXTI2_IRQHandler                         0x08000243   Thumb Code     0  startup_stm32f40xx.o(.text)
    EXTI3_IRQHandler                         0x08000243   Thumb Code     0  startup_stm32f40xx.o(.text)
    EXTI4_IRQHandler                         0x08000243   Thumb Code     0  startup_stm32f40xx.o(.text)
    EXTI9_5_IRQHandler                       0x08000243   Thumb Code     0  startup_stm32f40xx.o(.text)
    FLASH_IRQHandler                         0x08000243   Thumb Code     0  startup_stm32f40xx.o(.text)
    FPU_IRQHandler                           0x08000243   Thumb Code     0  startup_stm32f40xx.o(.text)
    FSMC_IRQHandler                          0x08000243   Thumb Code     0  startup_stm32f40xx.o(.text)
    HASH_RNG_IRQHandler                      0x08000243   Thumb Code     0  startup_stm32f40xx.o(.text)
    I2C1_ER_IRQHandler                       0x08000243   Thumb Code     0  startup_stm32f40xx.o(.text)
    I2C1_EV_IRQHandler                       0x08000243   Thumb Code     0  startup_stm32f40xx.o(.text)
    I2C2_ER_IRQHandler                       0x08000243   Thumb Code     0  startup_stm32f40xx.o(.text)
    I2C2_EV_IRQHandler                       0x08000243   Thumb Code     0  startup_stm32f40xx.o(.text)
    I2C3_ER_IRQHandler                       0x08000243   Thumb Code     0  startup_stm32f40xx.o(.text)
    I2C3_EV_IRQHandler                       0x08000243   Thumb Code     0  startup_stm32f40xx.o(.text)
    OTG_FS_IRQHandler                        0x08000243   Thumb Code     0  startup_stm32f40xx.o(.text)
    OTG_FS_WKUP_IRQHandler                   0x08000243   Thumb Code     0  startup_stm32f40xx.o(.text)
    OTG_HS_EP1_IN_IRQHandler                 0x08000243   Thumb Code     0  startup_stm32f40xx.o(.text)
    OTG_HS_EP1_OUT_IRQHandler                0x08000243   Thumb Code     0  startup_stm32f40xx.o(.text)
    OTG_HS_IRQHandler                        0x08000243   Thumb Code     0  startup_stm32f40xx.o(.text)
    OTG_HS_WKUP_IRQHandler                   0x08000243   Thumb Code     0  startup_stm32f40xx.o(.text)
    PVD_IRQHandler                           0x08000243   Thumb Code     0  startup_stm32f40xx.o(.text)
    RCC_IRQHandler                           0x08000243   Thumb Code     0  startup_stm32f40xx.o(.text)
    RTC_Alarm_IRQHandler                     0x08000243   Thumb Code     0  startup_stm32f40xx.o(.text)
    RTC_WKUP_IRQHandler                      0x08000243   Thumb Code     0  startup_stm32f40xx.o(.text)
    SDIO_IRQHandler                          0x08000243   Thumb Code     0  startup_stm32f40xx.o(.text)
    SPI1_IRQHandler                          0x08000243   Thumb Code     0  startup_stm32f40xx.o(.text)
    SPI2_IRQHandler                          0x08000243   Thumb Code     0  startup_stm32f40xx.o(.text)
    SPI3_IRQHandler                          0x08000243   Thumb Code     0  startup_stm32f40xx.o(.text)
    TAMP_STAMP_IRQHandler                    0x08000243   Thumb Code     0  startup_stm32f40xx.o(.text)
    TIM1_BRK_TIM9_IRQHandler                 0x08000243   Thumb Code     0  startup_stm32f40xx.o(.text)
    TIM1_CC_IRQHandler                       0x08000243   Thumb Code     0  startup_stm32f40xx.o(.text)
    TIM1_TRG_COM_TIM11_IRQHandler            0x08000243   Thumb Code     0  startup_stm32f40xx.o(.text)
    TIM1_UP_TIM10_IRQHandler                 0x08000243   Thumb Code     0  startup_stm32f40xx.o(.text)
    TIM2_IRQHandler                          0x08000243   Thumb Code     0  startup_stm32f40xx.o(.text)
    TIM3_IRQHandler                          0x08000243   Thumb Code     0  startup_stm32f40xx.o(.text)
    TIM4_IRQHandler                          0x08000243   Thumb Code     0  startup_stm32f40xx.o(.text)
    TIM5_IRQHandler                          0x08000243   Thumb Code     0  startup_stm32f40xx.o(.text)
    TIM6_DAC_IRQHandler                      0x08000243   Thumb Code     0  startup_stm32f40xx.o(.text)
    TIM7_IRQHandler                          0x08000243   Thumb Code     0  startup_stm32f40xx.o(.text)
    TIM8_BRK_TIM12_IRQHandler                0x08000243   Thumb Code     0  startup_stm32f40xx.o(.text)
    TIM8_CC_IRQHandler                       0x08000243   Thumb Code     0  startup_stm32f40xx.o(.text)
    TIM8_TRG_COM_TIM14_IRQHandler            0x08000243   Thumb Code     0  startup_stm32f40xx.o(.text)
    TIM8_UP_TIM13_IRQHandler                 0x08000243   Thumb Code     0  startup_stm32f40xx.o(.text)
    UART4_IRQHandler                         0x08000243   Thumb Code     0  startup_stm32f40xx.o(.text)
    UART5_IRQHandler                         0x08000243   Thumb Code     0  startup_stm32f40xx.o(.text)
    USART2_IRQHandler                        0x08000243   Thumb Code     0  startup_stm32f40xx.o(.text)
    USART3_IRQHandler                        0x08000243   Thumb Code     0  startup_stm32f40xx.o(.text)
    USART6_IRQHandler                        0x08000243   Thumb Code     0  startup_stm32f40xx.o(.text)
    WWDG_IRQHandler                          0x08000243   Thumb Code     0  startup_stm32f40xx.o(.text)
    __user_initial_stackheap                 0x08000245   Thumb Code     0  startup_stm32f40xx.o(.text)
    __use_no_semihosting                     0x08000269   Thumb Code     2  use_no_semi_2.o(.text)
    __2printf                                0x0800026d   Thumb Code    20  noretval__2printf.o(.text)
    __aeabi_memclr                           0x08000285   Thumb Code     0  rt_memclr.o(.text)
    __rt_memclr                              0x08000285   Thumb Code    68  rt_memclr.o(.text)
    _memset                                  0x08000289   Thumb Code     0  rt_memclr.o(.text)
    __aeabi_memclr4                          0x080002c9   Thumb Code     0  rt_memclr_w.o(.text)
    __aeabi_memclr8                          0x080002c9   Thumb Code     0  rt_memclr_w.o(.text)
    __rt_memclr_w                            0x080002c9   Thumb Code    78  rt_memclr_w.o(.text)
    _memset_w                                0x080002cd   Thumb Code     0  rt_memclr_w.o(.text)
    __use_two_region_memory                  0x08000317   Thumb Code     2  heapauxi.o(.text)
    __rt_heap_escrow$2region                 0x08000319   Thumb Code     2  heapauxi.o(.text)
    __rt_heap_expand$2region                 0x0800031b   Thumb Code     2  heapauxi.o(.text)
    __I$use$semihosting                      0x0800031d   Thumb Code     0  use_no_semi.o(.text)
    __use_no_semihosting_swi                 0x0800031d   Thumb Code     2  use_no_semi.o(.text)
    _printf_char_file                        0x08000321   Thumb Code    32  _printf_char_file.o(.text)
    _printf_char_common                      0x0800034f   Thumb Code    32  _printf_char_common.o(.text)
    ferror                                   0x08000375   Thumb Code     8  ferror.o(.text)
    __user_setup_stackheap                   0x0800037d   Thumb Code    74  sys_stackheap_outer.o(.text)
    __printf                                 0x080003c7   Thumb Code    40  __printf_nopercent.o(.text)
    exit                                     0x080003ef   Thumb Code    12  exit.o(.text)
    __user_libspace                          0x080003fd   Thumb Code     8  libspace.o(.text)
    __user_perproc_libspace                  0x080003fd   Thumb Code     0  libspace.o(.text)
    __user_perthread_libspace                0x080003fd   Thumb Code     0  libspace.o(.text)
    ADC_Cmd                                  0x08000405   Thumb Code    22  stm32f4xx_adc.o(i.ADC_Cmd)
    ADC_CommonInit                           0x0800041d   Thumb Code    34  stm32f4xx_adc.o(i.ADC_CommonInit)
    ADC_DMACmd                               0x08000609   Thumb Code    22  stm32f4xx_adc.o(i.ADC_DMACmd)
    ADC_DMARequestAfterLastTransferCmd       0x0800061f   Thumb Code    22  stm32f4xx_adc.o(i.ADC_DMARequestAfterLastTransferCmd)
    ADC_Init                                 0x08000635   Thumb Code    74  stm32f4xx_adc.o(i.ADC_Init)
    ADC_Init_All                             0x08000689   Thumb Code    20  ad.o(i.ADC_Init_All)
    ADC_RegularChannelConfig                 0x080006a5   Thumb Code   184  stm32f4xx_adc.o(i.ADC_RegularChannelConfig)
    ADC_SoftwareStartConv                    0x0800075d   Thumb Code    10  stm32f4xx_adc.o(i.ADC_SoftwareStartConv)
    BusFault_Handler                         0x08000767   Thumb Code     4  stm32f4xx_it.o(i.BusFault_Handler)
    DAC_Cmd                                  0x08000801   Thumb Code    34  stm32f4xx_dac.o(i.DAC_Cmd)
    DAC_DMACmd                               0x08000829   Thumb Code    38  stm32f4xx_dac.o(i.DAC_DMACmd)
    DAC_Init                                 0x08000855   Thumb Code    46  stm32f4xx_dac.o(i.DAC_Init)
    DAC_Init_ALL                             0x08000889   Thumb Code    12  da.o(i.DAC_Init_ALL)
    DMA_Cmd                                  0x080008c9   Thumb Code    22  stm32f4xx_dma.o(i.DMA_Cmd)
    DMA_DeInit                               0x080008e1   Thumb Code   324  stm32f4xx_dma.o(i.DMA_DeInit)
    DMA_Init                                 0x08000a39   Thumb Code    82  stm32f4xx_dma.o(i.DMA_Init)
    DebugMon_Handler                         0x08000a91   Thumb Code     2  stm32f4xx_it.o(i.DebugMon_Handler)
    GPIO_Init                                0x08000a93   Thumb Code   144  stm32f4xx_gpio.o(i.GPIO_Init)
    GPIO_PinAFConfig                         0x08000b23   Thumb Code    70  stm32f4xx_gpio.o(i.GPIO_PinAFConfig)
    GPIO_ReadOutputDataBit                   0x08000b69   Thumb Code    18  stm32f4xx_gpio.o(i.GPIO_ReadOutputDataBit)
    GPIO_ResetBits                           0x08000b7b   Thumb Code     4  stm32f4xx_gpio.o(i.GPIO_ResetBits)
    GPIO_WriteBit                            0x08000b7f   Thumb Code    10  stm32f4xx_gpio.o(i.GPIO_WriteBit)
    HardFault_Handler                        0x08000b89   Thumb Code     4  stm32f4xx_it.o(i.HardFault_Handler)
    LED_Init                                 0x08000b8d   Thumb Code   150  led_1.o(i.LED_Init)
    MemManage_Handler                        0x08000c29   Thumb Code     4  stm32f4xx_it.o(i.MemManage_Handler)
    NMI_Handler                              0x08000c2d   Thumb Code     2  stm32f4xx_it.o(i.NMI_Handler)
    NVIC_Init                                0x08000c31   Thumb Code   106  misc.o(i.NVIC_Init)
    NVIC_PriorityGroupConfig                 0x08000ca9   Thumb Code    10  misc.o(i.NVIC_PriorityGroupConfig)
    PendSV_Handler                           0x08000cbd   Thumb Code     2  stm32f4xx_it.o(i.PendSV_Handler)
    RCC_AHB1PeriphClockCmd                   0x08000cc1   Thumb Code    26  stm32f4xx_rcc.o(i.RCC_AHB1PeriphClockCmd)
    RCC_APB1PeriphClockCmd                   0x08000ce1   Thumb Code    26  stm32f4xx_rcc.o(i.RCC_APB1PeriphClockCmd)
    RCC_APB2PeriphClockCmd                   0x08000d01   Thumb Code    26  stm32f4xx_rcc.o(i.RCC_APB2PeriphClockCmd)
    RCC_GetClocksFreq                        0x08000d21   Thumb Code   214  stm32f4xx_rcc.o(i.RCC_GetClocksFreq)
    RELAY_Init                               0x08000e09   Thumb Code    54  relay.o(i.RELAY_Init)
    SVC_Handler                              0x08000e45   Thumb Code     2  stm32f4xx_it.o(i.SVC_Handler)
    SysTick_Handler                          0x08000f35   Thumb Code    32  delay.o(i.SysTick_Handler)
    SystemInit                               0x08000f5d   Thumb Code    88  system_stm32f4xx.o(i.SystemInit)
    TIM_Cmd                                  0x08001005   Thumb Code    24  stm32f4xx_tim.o(i.TIM_Cmd)
    TIM_SelectOutputTrigger                  0x0800101d   Thumb Code    18  stm32f4xx_tim.o(i.TIM_SelectOutputTrigger)
    TIM_TimeBaseInit                         0x08001031   Thumb Code   104  stm32f4xx_tim.o(i.TIM_TimeBaseInit)
    TIM_TimeBaseStructInit                   0x080010b5   Thumb Code    18  stm32f4xx_tim.o(i.TIM_TimeBaseStructInit)
    UART_SendString                          0x080010c7   Thumb Code    40  usart.o(i.UART_SendString)
    USART1_IRQHandler                        0x080010f1   Thumb Code   218  usart.o(i.USART1_IRQHandler)
    USART_ClearFlag                          0x080011d9   Thumb Code    18  stm32f4xx_usart.o(i.USART_ClearFlag)
    USART_Cmd                                0x080011eb   Thumb Code    24  stm32f4xx_usart.o(i.USART_Cmd)
    USART_GetFlagStatus                      0x08001389   Thumb Code    26  stm32f4xx_usart.o(i.USART_GetFlagStatus)
    USART_GetITStatus                        0x080013a3   Thumb Code    84  stm32f4xx_usart.o(i.USART_GetITStatus)
    USART_ITConfig                           0x080013f7   Thumb Code    74  stm32f4xx_usart.o(i.USART_ITConfig)
    USART_Init                               0x08001441   Thumb Code   204  stm32f4xx_usart.o(i.USART_Init)
    USART_ReceiveData                        0x08001515   Thumb Code    10  stm32f4xx_usart.o(i.USART_ReceiveData)
    USART_SendData                           0x0800151f   Thumb Code     8  stm32f4xx_usart.o(i.USART_SendData)
    UsageFault_Handler                       0x08001527   Thumb Code     4  stm32f4xx_it.o(i.UsageFault_Handler)
    Usart_Init_All                           0x0800152b   Thumb Code     8  usart.o(i.Usart_Init_All)
    _sys_exit                                0x08001533   Thumb Code     6  usart.o(i._sys_exit)
    fputc                                    0x08001539   Thumb Code    22  usart.o(i.fputc)
    main                                     0x08001555   Thumb Code   262  main.o(i.main)
    _fp_init                                 0x0800181d   Thumb Code    10  fpinit.o(x$fpl$fpinit)
    __fplib_config_fpu_vfp                   0x08001825   Thumb Code     0  fpinit.o(x$fpl$fpinit)
    __fplib_config_pureend_doubles           0x08001825   Thumb Code     0  fpinit.o(x$fpl$fpinit)
    aSine12bit                               0x08001826   Data          64  da.o(.constdata)
    Region$$Table$$Base                      0x08001868   Number         0  anon$$obj.o(Region$$Table)
    Region$$Table$$Limit                     0x08001888   Number         0  anon$$obj.o(Region$$Table)
    SystemCoreClock                          0x20000000   Data           4  system_stm32f4xx.o(.data)
    AHBPrescTable                            0x20000004   Data          16  system_stm32f4xx.o(.data)
    uhADCxConvertedValue_1                   0x20000014   Data           2  ad.o(.data)
    uhADCxConvertedValue_2                   0x20000016   Data           2  ad.o(.data)
    __stdout                                 0x20000018   Data           4  usart.o(.data)
    Time_statr_flag                          0x20000028   Data           1  delay.o(.data)
    Time_out_flag                            0x20000029   Data           1  delay.o(.data)
    Time_wait_cnt                            0x2000002c   Data           4  delay.o(.data)
    frameCounter                             0x20000030   Data           2  delay.o(.data)
    USART1_MESSG                             0x20000048   Data         516  usart.o(.bss)
    TIME_FLAG                                0x2000024c   Data          32  delay.o(.bss)
    __libspace_start                         0x2000026c   Data          96  libspace.o(.bss)
    __temporary_stack_top$libspace           0x200002cc   Data           0  libspace.o(.bss)



==============================================================================

Memory Map of the image

  Image Entry point : 0x08000189

  Load Region LR_IROM1 (Base: 0x08000000, Size: 0x000018d0, Max: 0x00100000, ABSOLUTE)

    Execution Region ER_IROM1 (Base: 0x08000000, Size: 0x00001888, Max: 0x00100000, ABSOLUTE)

    Base Addr    Size         Type   Attr      Idx    E Section Name        Object

    0x08000000   0x00000188   Data   RO          220    RESET               startup_stm32f40xx.o
    0x08000188   0x00000008   Code   RO        12292  * !!!main             c_w.l(__main.o)
    0x08000190   0x00000034   Code   RO        12501    !!!scatter          c_w.l(__scatter.o)
    0x080001c4   0x0000001a   Code   RO        12503    !!handler_copy      c_w.l(__scatter_copy.o)
    0x080001de   0x00000002   PAD
    0x080001e0   0x0000001c   Code   RO        12505    !!handler_zi        c_w.l(__scatter_zi.o)
    0x080001fc   0x00000002   Code   RO        12372    .ARM.Collect$$libinit$$00000000  c_w.l(libinit.o)
    0x080001fe   0x00000004   Code   RO        12382    .ARM.Collect$$libinit$$00000001  c_w.l(libinit2.o)
    0x08000202   0x00000000   Code   RO        12385    .ARM.Collect$$libinit$$00000004  c_w.l(libinit2.o)
    0x08000202   0x00000000   Code   RO        12388    .ARM.Collect$$libinit$$0000000A  c_w.l(libinit2.o)
    0x08000202   0x00000000   Code   RO        12390    .ARM.Collect$$libinit$$0000000C  c_w.l(libinit2.o)
    0x08000202   0x00000000   Code   RO        12392    .ARM.Collect$$libinit$$0000000E  c_w.l(libinit2.o)
    0x08000202   0x00000000   Code   RO        12395    .ARM.Collect$$libinit$$00000011  c_w.l(libinit2.o)
    0x08000202   0x00000000   Code   RO        12397    .ARM.Collect$$libinit$$00000013  c_w.l(libinit2.o)
    0x08000202   0x00000000   Code   RO        12399    .ARM.Collect$$libinit$$00000015  c_w.l(libinit2.o)
    0x08000202   0x00000000   Code   RO        12401    .ARM.Collect$$libinit$$00000017  c_w.l(libinit2.o)
    0x08000202   0x00000000   Code   RO        12403    .ARM.Collect$$libinit$$00000019  c_w.l(libinit2.o)
    0x08000202   0x00000000   Code   RO        12405    .ARM.Collect$$libinit$$0000001B  c_w.l(libinit2.o)
    0x08000202   0x00000000   Code   RO        12407    .ARM.Collect$$libinit$$0000001D  c_w.l(libinit2.o)
    0x08000202   0x00000000   Code   RO        12409    .ARM.Collect$$libinit$$0000001F  c_w.l(libinit2.o)
    0x08000202   0x00000000   Code   RO        12411    .ARM.Collect$$libinit$$00000021  c_w.l(libinit2.o)
    0x08000202   0x00000000   Code   RO        12413    .ARM.Collect$$libinit$$00000023  c_w.l(libinit2.o)
    0x08000202   0x00000000   Code   RO        12415    .ARM.Collect$$libinit$$00000025  c_w.l(libinit2.o)
    0x08000202   0x00000000   Code   RO        12419    .ARM.Collect$$libinit$$0000002C  c_w.l(libinit2.o)
    0x08000202   0x00000000   Code   RO        12421    .ARM.Collect$$libinit$$0000002E  c_w.l(libinit2.o)
    0x08000202   0x00000000   Code   RO        12423    .ARM.Collect$$libinit$$00000030  c_w.l(libinit2.o)
    0x08000202   0x00000000   Code   RO        12425    .ARM.Collect$$libinit$$00000032  c_w.l(libinit2.o)
    0x08000202   0x00000002   Code   RO        12426    .ARM.Collect$$libinit$$00000033  c_w.l(libinit2.o)
    0x08000204   0x00000002   Code   RO        12454    .ARM.Collect$$libshutdown$$00000000  c_w.l(libshutdown.o)
    0x08000206   0x00000000   Code   RO        12469    .ARM.Collect$$libshutdown$$00000003  c_w.l(libshutdown2.o)
    0x08000206   0x00000000   Code   RO        12472    .ARM.Collect$$libshutdown$$00000006  c_w.l(libshutdown2.o)
    0x08000206   0x00000000   Code   RO        12475    .ARM.Collect$$libshutdown$$00000009  c_w.l(libshutdown2.o)
    0x08000206   0x00000000   Code   RO        12477    .ARM.Collect$$libshutdown$$0000000B  c_w.l(libshutdown2.o)
    0x08000206   0x00000000   Code   RO        12480    .ARM.Collect$$libshutdown$$0000000E  c_w.l(libshutdown2.o)
    0x08000206   0x00000002   Code   RO        12481    .ARM.Collect$$libshutdown$$0000000F  c_w.l(libshutdown2.o)
    0x08000208   0x00000000   Code   RO        12318    .ARM.Collect$$rtentry$$00000000  c_w.l(__rtentry.o)
    0x08000208   0x00000000   Code   RO        12335    .ARM.Collect$$rtentry$$00000002  c_w.l(__rtentry2.o)
    0x08000208   0x00000006   Code   RO        12347    .ARM.Collect$$rtentry$$00000004  c_w.l(__rtentry4.o)
    0x0800020e   0x00000000   Code   RO        12337    .ARM.Collect$$rtentry$$00000009  c_w.l(__rtentry2.o)
    0x0800020e   0x00000004   Code   RO        12338    .ARM.Collect$$rtentry$$0000000A  c_w.l(__rtentry2.o)
    0x08000212   0x00000000   Code   RO        12340    .ARM.Collect$$rtentry$$0000000C  c_w.l(__rtentry2.o)
    0x08000212   0x00000008   Code   RO        12341    .ARM.Collect$$rtentry$$0000000D  c_w.l(__rtentry2.o)
    0x0800021a   0x00000002   Code   RO        12376    .ARM.Collect$$rtexit$$00000000  c_w.l(rtexit.o)
    0x0800021c   0x00000000   Code   RO        12428    .ARM.Collect$$rtexit$$00000002  c_w.l(rtexit2.o)
    0x0800021c   0x00000004   Code   RO        12429    .ARM.Collect$$rtexit$$00000003  c_w.l(rtexit2.o)
    0x08000220   0x00000006   Code   RO        12430    .ARM.Collect$$rtexit$$00000004  c_w.l(rtexit2.o)
    0x08000226   0x00000002   PAD
    0x08000228   0x00000040   Code   RO          221    .text               startup_stm32f40xx.o
    0x08000268   0x00000002   Code   RO        12274    .text               c_w.l(use_no_semi_2.o)
    0x0800026a   0x00000002   PAD
    0x0800026c   0x00000018   Code   RO        12284    .text               c_w.l(noretval__2printf.o)
    0x08000284   0x00000044   Code   RO        12286    .text               c_w.l(rt_memclr.o)
    0x080002c8   0x0000004e   Code   RO        12288    .text               c_w.l(rt_memclr_w.o)
    0x08000316   0x00000006   Code   RO        12290    .text               c_w.l(heapauxi.o)
    0x0800031c   0x00000002   Code   RO        12316    .text               c_w.l(use_no_semi.o)
    0x0800031e   0x00000002   PAD
    0x08000320   0x00000024   Code   RO        12321    .text               c_w.l(_printf_char_file.o)
    0x08000344   0x00000030   Code   RO        12353    .text               c_w.l(_printf_char_common.o)
    0x08000374   0x00000008   Code   RO        12355    .text               c_w.l(ferror.o)
    0x0800037c   0x0000004a   Code   RO        12359    .text               c_w.l(sys_stackheap_outer.o)
    0x080003c6   0x00000028   Code   RO        12363    .text               c_w.l(__printf_nopercent.o)
    0x080003ee   0x0000000c   Code   RO        12365    .text               c_w.l(exit.o)
    0x080003fa   0x00000002   PAD
    0x080003fc   0x00000008   Code   RO        12373    .text               c_w.l(libspace.o)
    0x08000404   0x00000016   Code   RO          586    i.ADC_Cmd           stm32f4xx_adc.o
    0x0800041a   0x00000002   PAD
    0x0800041c   0x00000030   Code   RO          587    i.ADC_CommonInit    stm32f4xx_adc.o
    0x0800044c   0x000001bc   Code   RO          228    i.ADC_Config        ad.o
    0x08000608   0x00000016   Code   RO          590    i.ADC_DMACmd        stm32f4xx_adc.o
    0x0800061e   0x00000016   Code   RO          591    i.ADC_DMARequestAfterLastTransferCmd  stm32f4xx_adc.o
    0x08000634   0x00000054   Code   RO          606    i.ADC_Init          stm32f4xx_adc.o
    0x08000688   0x0000001c   Code   RO          229    i.ADC_Init_All      ad.o
    0x080006a4   0x000000b8   Code   RO          611    i.ADC_RegularChannelConfig  stm32f4xx_adc.o
    0x0800075c   0x0000000a   Code   RO          613    i.ADC_SoftwareStartConv  stm32f4xx_adc.o
    0x08000766   0x00000004   Code   RO            4    i.BusFault_Handler  stm32f4xx_it.o
    0x0800076a   0x00000002   PAD
    0x0800076c   0x00000094   Code   RO          263    i.DAC_Ch2_SineWaveConfig  da.o
    0x08000800   0x00000028   Code   RO         1310    i.DAC_Cmd           stm32f4xx_dac.o
    0x08000828   0x0000002c   Code   RO         1311    i.DAC_DMACmd        stm32f4xx_dac.o
    0x08000854   0x00000034   Code   RO         1318    i.DAC_Init          stm32f4xx_dac.o
    0x08000888   0x0000000c   Code   RO          265    i.DAC_Init_ALL      da.o
    0x08000894   0x00000034   Code   RO          266    i.DAC_Init_IO       da.o
    0x080008c8   0x00000016   Code   RO         1607    i.DMA_Cmd           stm32f4xx_dma.o
    0x080008de   0x00000002   PAD
    0x080008e0   0x00000158   Code   RO         1608    i.DMA_DeInit        stm32f4xx_dma.o
    0x08000a38   0x00000058   Code   RO         1619    i.DMA_Init          stm32f4xx_dma.o
    0x08000a90   0x00000002   Code   RO            5    i.DebugMon_Handler  stm32f4xx_it.o
    0x08000a92   0x00000090   Code   RO         2272    i.GPIO_Init         stm32f4xx_gpio.o
    0x08000b22   0x00000046   Code   RO         2273    i.GPIO_PinAFConfig  stm32f4xx_gpio.o
    0x08000b68   0x00000012   Code   RO         2278    i.GPIO_ReadOutputDataBit  stm32f4xx_gpio.o
    0x08000b7a   0x00000004   Code   RO         2279    i.GPIO_ResetBits    stm32f4xx_gpio.o
    0x08000b7e   0x0000000a   Code   RO         2284    i.GPIO_WriteBit     stm32f4xx_gpio.o
    0x08000b88   0x00000004   Code   RO            6    i.HardFault_Handler  stm32f4xx_it.o
    0x08000b8c   0x0000009c   Code   RO         5402    i.LED_Init          led_1.o
    0x08000c28   0x00000004   Code   RO            7    i.MemManage_Handler  stm32f4xx_it.o
    0x08000c2c   0x00000002   Code   RO            8    i.NMI_Handler       stm32f4xx_it.o
    0x08000c2e   0x00000002   PAD
    0x08000c30   0x00000078   Code   RO          532    i.NVIC_Init         misc.o
    0x08000ca8   0x00000014   Code   RO          533    i.NVIC_PriorityGroupConfig  misc.o
    0x08000cbc   0x00000002   Code   RO            9    i.PendSV_Handler    stm32f4xx_it.o
    0x08000cbe   0x00000002   PAD
    0x08000cc0   0x00000020   Code   RO         3198    i.RCC_AHB1PeriphClockCmd  stm32f4xx_rcc.o
    0x08000ce0   0x00000020   Code   RO         3207    i.RCC_APB1PeriphClockCmd  stm32f4xx_rcc.o
    0x08000d00   0x00000020   Code   RO         3210    i.RCC_APB2PeriphClockCmd  stm32f4xx_rcc.o
    0x08000d20   0x000000e8   Code   RO         3219    i.RCC_GetClocksFreq  stm32f4xx_rcc.o
    0x08000e08   0x0000003c   Code   RO         5426    i.RELAY_Init        relay.o
    0x08000e44   0x00000002   Code   RO           10    i.SVC_Handler       stm32f4xx_it.o
    0x08000e46   0x00000002   PAD
    0x08000e48   0x000000ec   Code   RO          180    i.SetSysClock       system_stm32f4xx.o
    0x08000f34   0x00000028   Code   RO          422    i.SysTick_Handler   delay.o
    0x08000f5c   0x00000068   Code   RO          182    i.SystemInit        system_stm32f4xx.o
    0x08000fc4   0x00000040   Code   RO          267    i.TIM6_Config       da.o
    0x08001004   0x00000018   Code   RO         4594    i.TIM_Cmd           stm32f4xx_tim.o
    0x0800101c   0x00000012   Code   RO         4652    i.TIM_SelectOutputTrigger  stm32f4xx_tim.o
    0x0800102e   0x00000002   PAD
    0x08001030   0x00000084   Code   RO         4666    i.TIM_TimeBaseInit  stm32f4xx_tim.o
    0x080010b4   0x00000012   Code   RO         4667    i.TIM_TimeBaseStructInit  stm32f4xx_tim.o
    0x080010c6   0x00000028   Code   RO          314    i.UART_SendString   usart.o
    0x080010ee   0x00000002   PAD
    0x080010f0   0x000000e8   Code   RO          315    i.USART1_IRQHandler  usart.o
    0x080011d8   0x00000012   Code   RO         5144    i.USART_ClearFlag   stm32f4xx_usart.o
    0x080011ea   0x00000018   Code   RO         5148    i.USART_Cmd         stm32f4xx_usart.o
    0x08001202   0x00000002   PAD
    0x08001204   0x00000184   Code   RO          316    i.USART_Config      usart.o
    0x08001388   0x0000001a   Code   RO         5151    i.USART_GetFlagStatus  stm32f4xx_usart.o
    0x080013a2   0x00000054   Code   RO         5152    i.USART_GetITStatus  stm32f4xx_usart.o
    0x080013f6   0x0000004a   Code   RO         5154    i.USART_ITConfig    stm32f4xx_usart.o
    0x08001440   0x000000d4   Code   RO         5155    i.USART_Init        stm32f4xx_usart.o
    0x08001514   0x0000000a   Code   RO         5162    i.USART_ReceiveData  stm32f4xx_usart.o
    0x0800151e   0x00000008   Code   RO         5165    i.USART_SendData    stm32f4xx_usart.o
    0x08001526   0x00000004   Code   RO           11    i.UsageFault_Handler  stm32f4xx_it.o
    0x0800152a   0x00000008   Code   RO          317    i.Usart_Init_All    usart.o
    0x08001532   0x00000006   Code   RO          318    i._sys_exit         usart.o
    0x08001538   0x0000001c   Code   RO          319    i.fputc             usart.o
    0x08001554   0x000001b4   Code   RO          473    i.main              main.o
    0x08001708   0x0000003c   Code   RO          423    i.time_tick         delay.o
    0x08001744   0x000000d8   Code   RO          424    i.times_Flag        delay.o
    0x0800181c   0x0000000a   Code   RO        12442    x$fpl$fpinit        fz_wm.l(fpinit.o)
    0x08001826   0x00000040   Data   RO          268    .constdata          da.o
    0x08001866   0x00000002   PAD
    0x08001868   0x00000020   Data   RO        12499    Region$$Table       anon$$obj.o


    Execution Region RW_IRAM1 (Base: 0x20000000, Size: 0x000008d0, Max: 0x00020000, ABSOLUTE)

    Base Addr    Size         Type   Attr      Idx    E Section Name        Object

    0x20000000   0x00000014   Data   RW          183    .data               system_stm32f4xx.o
    0x20000014   0x00000004   Data   RW          230    .data               ad.o
    0x20000018   0x00000005   Data   RW          321    .data               usart.o
    0x2000001d   0x00000003   PAD
    0x20000020   0x00000018   Data   RW          426    .data               delay.o
    0x20000038   0x00000010   Data   RW         3251    .data               stm32f4xx_rcc.o
    0x20000048   0x00000204   Zero   RW          320    .bss                usart.o
    0x2000024c   0x00000020   Zero   RW          425    .bss                delay.o
    0x2000026c   0x00000060   Zero   RW        12374    .bss                c_w.l(libspace.o)
    0x200002cc   0x00000004   PAD
    0x200002d0   0x00000200   Zero   RW          219    HEAP                startup_stm32f40xx.o
    0x200004d0   0x00000400   Zero   RW          218    STACK               startup_stm32f40xx.o


==============================================================================

Image component sizes


      Code (inc. data)   RO Data    RW Data    ZI Data      Debug   Object Name

       472         40          0          4          0       1791   ad.o
       276         22         64          0          0       2452   da.o
       316         32          0         24         32       2499   delay.o
       156          6          0          0          0        547   led_1.o
       436        174          0          0          0      26842   main.o
       140         24          0          0          0       1579   misc.o
        60          6          0          0          0        505   relay.o
        64         26        392          0       1536        808   startup_stm32f40xx.o
       392         24          0          0          0       5531   stm32f4xx_adc.o
       136         18          0          0          0       2422   stm32f4xx_dac.o
       454         26          0          0          0       3114   stm32f4xx_dma.o
       246          0          0          0          0       3593   stm32f4xx_gpio.o
        24          0          0          0          0     325676   stm32f4xx_it.o
       328         36          0         16          0       4691   stm32f4xx_rcc.o
       192         28          0          0          0       2992   stm32f4xx_tim.o
       456          8          0          0          0       6059   stm32f4xx_usart.o
       340         32          0         20          0       1673   system_stm32f4xx.o
       702         36          0          5        516       6574   usart.o

    ----------------------------------------------------------------------
      5208        538        490         72       2084     399348   Object Totals
         0          0         32          0          0          0   (incl. Generated)
        18          0          2          3          0          0   (incl. Padding)

    ----------------------------------------------------------------------

      Code (inc. data)   RO Data    RW Data    ZI Data      Debug   Library Member Name

         8          0          0          0          0         68   __main.o
        40          0          0          0          0         84   __printf_nopercent.o
         0          0          0          0          0          0   __rtentry.o
        12          0          0          0          0          0   __rtentry2.o
         6          0          0          0          0          0   __rtentry4.o
        52          8          0          0          0          0   __scatter.o
        26          0          0          0          0          0   __scatter_copy.o
        28          0          0          0          0          0   __scatter_zi.o
        48          6          0          0          0         96   _printf_char_common.o
        36          4          0          0          0         80   _printf_char_file.o
        12          0          0          0          0         72   exit.o
         8          0          0          0          0         68   ferror.o
         6          0          0          0          0        152   heapauxi.o
         2          0          0          0          0          0   libinit.o
         6          0          0          0          0          0   libinit2.o
         2          0          0          0          0          0   libshutdown.o
         2          0          0          0          0          0   libshutdown2.o
         8          4          0          0         96         68   libspace.o
        24          4          0          0          0         84   noretval__2printf.o
        68          0          0          0          0         68   rt_memclr.o
        78          0          0          0          0         80   rt_memclr_w.o
         2          0          0          0          0          0   rtexit.o
        10          0          0          0          0          0   rtexit2.o
        74          0          0          0          0         80   sys_stackheap_outer.o
         2          0          0          0          0         68   use_no_semi.o
         2          0          0          0          0         68   use_no_semi_2.o
        10          0          0          0          0        116   fpinit.o

    ----------------------------------------------------------------------
       582         26          0          0        100       1252   Library Totals
        10          0          0          0          4          0   (incl. Padding)

    ----------------------------------------------------------------------

      Code (inc. data)   RO Data    RW Data    ZI Data      Debug   Library Name

       562         26          0          0         96       1136   c_w.l
        10          0          0          0          0        116   fz_wm.l

    ----------------------------------------------------------------------
       582         26          0          0        100       1252   Library Totals

    ----------------------------------------------------------------------

==============================================================================


      Code (inc. data)   RO Data    RW Data    ZI Data      Debug   

      5790        564        490         72       2184     394180   Grand Totals
      5790        564        490         72       2184     394180   ELF Image Totals
      5790        564        490         72          0          0   ROM Totals

==============================================================================

    Total RO  Size (Code + RO Data)                 6280 (   6.13kB)
    Total RW  Size (RW Data + ZI Data)              2256 (   2.20kB)
    Total ROM Size (Code + RO Data + RW Data)       6352 (   6.20kB)

==============================================================================

