Component: ARM Compiler 5.05 (build 41) Tool: armlink [4d0eb9]

==============================================================================

Section Cross References

    system_stm32f4xx.o(i.SystemCoreClockUpdate) refers to system_stm32f4xx.o(.data) for SystemCoreClock
    system_stm32f4xx.o(i.SystemInit) refers to system_stm32f4xx.o(i.SetSysClock) for SetSysClock
    startup_stm32f40xx.o(STACK) refers (Special) to heapauxi.o(.text) for __use_two_region_memory
    startup_stm32f40xx.o(HEAP) refers (Special) to heapauxi.o(.text) for __use_two_region_memory
    startup_stm32f40xx.o(RESET) refers (Special) to heapauxi.o(.text) for __use_two_region_memory
    startup_stm32f40xx.o(RESET) refers to startup_stm32f40xx.o(STACK) for __initial_sp
    startup_stm32f40xx.o(RESET) refers to startup_stm32f40xx.o(.text) for Reset_Handler
    startup_stm32f40xx.o(RESET) refers to stm32f4xx_it.o(i.NMI_Handler) for NMI_Handler
    startup_stm32f40xx.o(RESET) refers to stm32f4xx_it.o(i.HardFault_Handler) for HardFault_Handler
    startup_stm32f40xx.o(RESET) refers to stm32f4xx_it.o(i.MemManage_Handler) for MemManage_Handler
    startup_stm32f40xx.o(RESET) refers to stm32f4xx_it.o(i.BusFault_Handler) for BusFault_Handler
    startup_stm32f40xx.o(RESET) refers to stm32f4xx_it.o(i.UsageFault_Handler) for UsageFault_Handler
    startup_stm32f40xx.o(RESET) refers to stm32f4xx_it.o(i.SVC_Handler) for SVC_Handler
    startup_stm32f40xx.o(RESET) refers to stm32f4xx_it.o(i.DebugMon_Handler) for DebugMon_Handler
    startup_stm32f40xx.o(RESET) refers to stm32f4xx_it.o(i.PendSV_Handler) for PendSV_Handler
    startup_stm32f40xx.o(RESET) refers to delay.o(i.SysTick_Handler) for SysTick_Handler
    startup_stm32f40xx.o(RESET) refers to usart.o(i.USART1_IRQHandler) for USART1_IRQHandler
    startup_stm32f40xx.o(.text) refers (Special) to heapauxi.o(.text) for __use_two_region_memory
    startup_stm32f40xx.o(.text) refers to system_stm32f4xx.o(i.SystemInit) for SystemInit
    startup_stm32f40xx.o(.text) refers to __main.o(!!!main) for __main
    startup_stm32f40xx.o(.text) refers to startup_stm32f40xx.o(HEAP) for Heap_Mem
    startup_stm32f40xx.o(.text) refers to startup_stm32f40xx.o(STACK) for Stack_Mem
    ad.o(i.ADC_Config) refers to stm32f4xx_rcc.o(i.RCC_AHB1PeriphClockCmd) for RCC_AHB1PeriphClockCmd
    ad.o(i.ADC_Config) refers to stm32f4xx_rcc.o(i.RCC_APB2PeriphClockCmd) for RCC_APB2PeriphClockCmd
    ad.o(i.ADC_Config) refers to stm32f4xx_dma.o(i.DMA_Init) for DMA_Init
    ad.o(i.ADC_Config) refers to stm32f4xx_dma.o(i.DMA_Cmd) for DMA_Cmd
    ad.o(i.ADC_Config) refers to stm32f4xx_gpio.o(i.GPIO_Init) for GPIO_Init
    ad.o(i.ADC_Config) refers to stm32f4xx_adc.o(i.ADC_CommonInit) for ADC_CommonInit
    ad.o(i.ADC_Config) refers to stm32f4xx_adc.o(i.ADC_Init) for ADC_Init
    ad.o(i.ADC_Config) refers to stm32f4xx_adc.o(i.ADC_RegularChannelConfig) for ADC_RegularChannelConfig
    ad.o(i.ADC_Config) refers to stm32f4xx_adc.o(i.ADC_DMARequestAfterLastTransferCmd) for ADC_DMARequestAfterLastTransferCmd
    ad.o(i.ADC_Config) refers to stm32f4xx_adc.o(i.ADC_DMACmd) for ADC_DMACmd
    ad.o(i.ADC_Config) refers to stm32f4xx_adc.o(i.ADC_Cmd) for ADC_Cmd
    ad.o(i.ADC_Config) refers to ad.o(.data) for uhADCxConvertedValue_1
    ad.o(i.ADC_Init_All) refers to ad.o(i.ADC_Config) for ADC_Config
    ad.o(i.ADC_Init_All) refers to stm32f4xx_adc.o(i.ADC_SoftwareStartConv) for ADC_SoftwareStartConv
    da.o(i.DAC_Ch2_TriangleConfig) refers to stm32f4xx_dac.o(i.DAC_Init) for DAC_Init
    da.o(i.DAC_Ch2_TriangleConfig) refers to stm32f4xx_dac.o(i.DAC_Cmd) for DAC_Cmd
    da.o(i.DAC_Ch2_TriangleConfig) refers to stm32f4xx_dac.o(i.DAC_SetChannel2Data) for DAC_SetChannel2Data
    da.o(i.DAC_Init_ALL) refers to da.o(i.DAC_Init_IO) for DAC_Init_IO
    da.o(i.DAC_Init_ALL) refers to da.o(i.DAC_Ch2_TriangleConfig) for DAC_Ch2_TriangleConfig
    da.o(i.DAC_Init_IO) refers to stm32f4xx_rcc.o(i.RCC_AHB1PeriphClockCmd) for RCC_AHB1PeriphClockCmd
    da.o(i.DAC_Init_IO) refers to stm32f4xx_gpio.o(i.GPIO_Init) for GPIO_Init
    da.o(i.DAC_Init_IO) refers to da.o(i.TIM6_Config) for TIM6_Config
    da.o(i.TIM6_Config) refers to stm32f4xx_rcc.o(i.RCC_APB1PeriphClockCmd) for RCC_APB1PeriphClockCmd
    da.o(i.TIM6_Config) refers to stm32f4xx_tim.o(i.TIM_TimeBaseStructInit) for TIM_TimeBaseStructInit
    da.o(i.TIM6_Config) refers to stm32f4xx_tim.o(i.TIM_TimeBaseInit) for TIM_TimeBaseInit
    da.o(i.TIM6_Config) refers to stm32f4xx_tim.o(i.TIM_SelectOutputTrigger) for TIM_SelectOutputTrigger
    da.o(i.TIM6_Config) refers to stm32f4xx_tim.o(i.TIM_Cmd) for TIM_Cmd
    usart.o(.rev16_text) refers (Special) to use_no_semi_2.o(.text) for __use_no_semihosting
    usart.o(.revsh_text) refers (Special) to use_no_semi_2.o(.text) for __use_no_semihosting
    usart.o(.rrx_text) refers (Special) to use_no_semi_2.o(.text) for __use_no_semihosting
    usart.o(i.UART_SendString) refers (Special) to use_no_semi_2.o(.text) for __use_no_semihosting
[...]
    ..\\DSP_LIB\\BasicMathFunctions\\arm_dot_prod_q31.c 0x00000000   Number         0  arm_dot_prod_q31.o ABSOLUTE
    ..\\DSP_LIB\\BasicMathFunctions\\arm_dot_prod_q7.c 0x00000000   Number         0  arm_dot_prod_q7.o ABSOLUTE
    ..\\DSP_LIB\\BasicMathFunctions\\arm_mult_f32.c 0x00000000   Number         0  arm_mult_f32.o ABSOLUTE
    ..\\DSP_LIB\\BasicMathFunctions\\arm_mult_q15.c 0x00000000   Number         0  arm_mult_q15.o ABSOLUTE
    ..\\DSP_LIB\\BasicMathFunctions\\arm_mult_q31.c 0x00000000   Number         0  arm_mult_q31.o ABSOLUTE
    ..\\DSP_LIB\\BasicMathFunctions\\arm_mult_q7.c 0x00000000   Number         0  arm_mult_q7.o ABSOLUTE
    ..\\DSP_LIB\\BasicMathFunctions\\arm_negate_f32.c 0x00000000   Number         0  arm_negate_f32.o ABSOLUTE
    ..\\DSP_LIB\\BasicMathFunctions\\arm_negate_q15.c 0x00000000   Number         0  arm_negate_q15.o ABSOLUTE
    ..\\DSP_LIB\\BasicMathFunctions\\arm_negate_q31.c 0x00000000   Number         0  arm_negate_q31.o ABSOLUTE
    ..\\DSP_LIB\\BasicMathFunctions\\arm_negate_q7.c 0x00000000   Number         0  arm_negate_q7.o ABSOLUTE
    ..\\DSP_LIB\\BasicMathFunctions\\arm_offset_f32.c 0x00000000   Number         0  arm_offset_f32.o ABSOLUTE
    ..\\DSP_LIB\\BasicMathFunctions\\arm_offset_q15.c 0x00000000   Number         0  arm_offset_q15.o ABSOLUTE
    ..\\DSP_LIB\\BasicMathFunctions\\arm_offset_q31.c 0x00000000   Number         0  arm_offset_q31.o ABSOLUTE
    ..\\DSP_LIB\\BasicMathFunctions\\arm_offset_q7.c 0x00000000   Number         0  arm_offset_q7.o ABSOLUTE
    ..\\DSP_LIB\\BasicMathFunctions\\arm_scale_f32.c 0x00000000   Number         0  arm_scale_f32.o ABSOLUTE
    ..\\DSP_LIB\\BasicMathFunctions\\arm_scale_q15.c 0x00000000   Number         0  arm_scale_q15.o ABSOLUTE
    ..\\DSP_LIB\\BasicMathFunctions\\arm_scale_q31.c 0x00000000   Number         0  arm_scale_q31.o ABSOLUTE
    ..\\DSP_LIB\\BasicMathFunctions\\arm_scale_q7.c 0x00000000   Number         0  arm_scale_q7.o ABSOLUTE
    ..\\DSP_LIB\\BasicMathFunctions\\arm_shift_q15.c 0x00000000   Number         0  arm_shift_q15.o ABSOLUTE
    ..\\DSP_LIB\\BasicMathFunctions\\arm_shift_q31.c 0x00000000   Number         0  arm_shift_q31.o ABSOLUTE
    ..\\DSP_LIB\\BasicMathFunctions\\arm_shift_q7.c 0x00000000   Number         0  arm_shift_q7.o ABSOLUTE
    ..\\DSP_LIB\\BasicMathFunctions\\arm_sub_f32.c 0x00000000   Number         0  arm_sub_f32.o ABSOLUTE
    ..\\DSP_LIB\\BasicMathFunctions\\arm_sub_q15.c 0x00000000   Number         0  arm_sub_q15.o ABSOLUTE
    ..\\DSP_LIB\\BasicMathFunctions\\arm_sub_q31.c 0x00000000   Number         0  arm_sub_q31.o ABSOLUTE
    ..\\DSP_LIB\\BasicMathFunctions\\arm_sub_q7.c 0x00000000   Number         0  arm_sub_q7.o ABSOLUTE
    ..\\DSP_LIB\\CommonTables\\arm_common_tables.c 0x00000000   Number         0  arm_common_tables.o ABSOLUTE
    ..\\DSP_LIB\\CommonTables\\arm_const_structs.c 0x00000000   Number         0  arm_const_structs.o ABSOLUTE
    ..\\DSP_LIB\\ComplexMathFunctions\\arm_cmplx_conj_f32.c 0x00000000   Number         0  arm_cmplx_conj_f32.o ABSOLUTE
    ..\\DSP_LIB\\ComplexMathFunctions\\arm_cmplx_conj_q15.c 0x00000000   Number         0  arm_cmplx_conj_q15.o ABSOLUTE
    ..\\DSP_LIB\\ComplexMathFunctions\\arm_cmplx_conj_q31.c 0x00000000   Number         0  arm_cmplx_conj_q31.o ABSOLUTE
    ..\\DSP_LIB\\ComplexMathFunctions\\arm_cmplx_dot_prod_f32.c 0x00000000   Number         0  arm_cmplx_dot_prod_f32.o ABSOLUTE
    ..\\DSP_LIB\\ComplexMathFunctions\\arm_cmplx_dot_prod_q15.c 0x00000000   Number         0  arm_cmplx_dot_prod_q15.o ABSOLUTE
    ..\\DSP_LIB\\ComplexMathFunctions\\arm_cmplx_dot_prod_q31.c 0x00000000   Number         0  arm_cmplx_dot_prod_q31.o ABSOLUTE
    ..\\DSP_LIB\\ComplexMathFunctions\\arm_cmplx_mag_f32.c 0x00000000   Number         0  arm_cmplx_mag_f32.o ABSOLUTE
    ..\\DSP_LIB\\ComplexMathFunctions\\arm_cmplx_mag_q15.c 0x00000000   Number         0  arm_cmplx_mag_q15.o ABSOLUTE
    ..\\DSP_LIB\\ComplexMathFunctions\\arm_cmplx_mag_q31.c 0x00000000   Number         0  arm_cmplx_mag_q31.o ABSOLUTE
    ..\\DSP_LIB\\ComplexMathFunctions\\arm_cmplx_mag_squared_f32.c 0x00000000   Number         0  arm_cmplx_mag_squared_f32.o ABSOLUTE
    ..\\DSP_LIB\\ComplexMathFunctions\\arm_cmplx_mag_squared_q15.c 0x00000000   Number         0  arm_cmplx_mag_squared_q15.o ABSOLUTE
    ..\\DSP_LIB\\ComplexMathFunctions\\arm_cmplx_mag_squared_q31.c 0x00000000   Number         0  arm_cmplx_mag_squared_q31.o ABSOLUTE
    ..\\DSP_LIB\\ComplexMathFunctions\\arm_cmplx_mult_cmplx_f32.c 0x00000000   Number         0  arm_cmplx_mult_cmplx_f32.o ABSOLUTE
    ..\\DSP_LIB\\ComplexMathFunctions\\arm_cmplx_mult_cmplx_q15.c 0x00000000   Number         0  arm_cmplx_mult_cmplx_q15.o ABSOLUTE
    ..\\DSP_LIB\\ComplexMathFunctions\\arm_cmplx_mult_cmplx_q31.c 0x00000000   Number         0  arm_cmplx_mult_cmplx_q31.o ABSOLUTE
    ..\\DSP_LIB\\ComplexMathFunctions\\arm_cmplx_mult_real_f32.c 0x00000000   Number         0  arm_cmplx_mult_real_f32.o ABSOLUTE
    ..\\DSP_LIB\\ComplexMathFunctions\\arm_cmplx_mult_real_q15.c 0x00000000   Number         0  arm_cmplx_mult_real_q15.o ABSOLUTE
    ..\\DSP_LIB\\ComplexMathFunctions\\arm_cmplx_mult_real_q31.c 0x00000000   Number         0  arm_cmplx_mult_real_q31.o ABSOLUTE
    ..\\DSP_LIB\\ControllerFunctions\\arm_pid_init_f32.c 0x00000000   Number         0  arm_pid_init_f32.o ABSOLUTE
    ..\\DSP_LIB\\ControllerFunctions\\arm_pid_init_q15.c 0x00000000   Number         0  arm_pid_init_q15.o ABSOLUTE
    ..\\DSP_LIB\\ControllerFunctions\\arm_pid_init_q31.c 0x00000000   Number         0  arm_pid_init_q31.o ABSOLUTE
    ..\\DSP_LIB\\ControllerFunctions\\arm_pid_reset_f32.c 0x00000000   Number         0  arm_pid_reset_f32.o ABSOLUTE
    ..\\DSP_LIB\\ControllerFunctions\\arm_pid_reset_q15.c 0x00000000   Number         0  arm_pid_reset_q15.o ABSOLUTE
    ..\\DSP_LIB\\ControllerFunctions\\arm_pid_reset_q31.c 0x00000000   Number         0  arm_pid_reset_q31.o ABSOLUTE
    ..\\DSP_LIB\\ControllerFunctions\\arm_sin_cos_f32.c 0x00000000   Number         0  arm_sin_cos_f32.o ABSOLUTE
    ..\\DSP_LIB\\ControllerFunctions\\arm_sin_cos_q31.c 0x00000000   Number         0  arm_sin_cos_q31.o ABSOLUTE
    ..\\DSP_LIB\\FastMathFunctions\\arm_cos_f32.c 0x00000000   Number         0  arm_cos_f32.o ABSOLUTE
    ..\\DSP_LIB\\FastMathFunctions\\arm_cos_q15.c 0x00000000   Number         0  arm_cos_q15.o ABSOLUTE
    ..\\DSP_LIB\\FastMathFunctions\\arm_cos_q31.c 0x00000000   Number         0  arm_cos_q31.o ABSOLUTE
    ..\\DSP_LIB\\FastMathFunctions\\arm_sin_f32.c 0x00000000   Number         0  arm_sin_f32.o ABSOLUTE
    ..\\DSP_LIB\\FastMathFunctions\\arm_sin_q15.c 0x00000000   Number         0  arm_sin_q15.o ABSOLUTE
    ..\\DSP_LIB\\FastMathFunctions\\arm_sin_q31.c 0x00000000   Number         0  arm_sin_q31.o ABSOLUTE
    ..\\DSP_LIB\\FastMathFunctions\\arm_sqrt_q15.c 0x00000000   Number         0  arm_sqrt_q15.o ABSOLUTE
    ..\\DSP_LIB\\FastMathFunctions\\arm_sqrt_q31.c 0x00000000   Number         0  arm_sqrt_q31.o ABSOLUTE
    ..\\DSP_LIB\\FilteringFunctions\\arm_biquad_cascade_df1_32x64_init_q31.c 0x00000000   Number         0  arm_biquad_cascade_df1_32x64_init_q31.o ABSOLUTE
    ..\\DSP_LIB\\FilteringFunctions\\arm_biquad_cascade_df1_32x64_q31.c 0x00000000   Number         0  arm_biquad_cascade_df1_32x64_q31.o ABSOLUTE
    ..\\DSP_LIB\\FilteringFunctions\\arm_biquad_cascade_df1_f32.c 0x00000000   Number         0  arm_biquad_cascade_df1_f32.o ABSOLUTE
    ..\\DSP_LIB\\FilteringFunctions\\arm_biquad_cascade_df1_fast_q15.c 0x00000000   Number         0  arm_biquad_cascade_df1_fast_q15.o ABSOLUTE
    ..\\DSP_LIB\\FilteringFunctions\\arm_biquad_cascade_df1_fast_q31.c 0x00000000   Number         0  arm_biquad_cascade_df1_fast_q31.o ABSOLUTE
    ..\\DSP_LIB\\FilteringFunctions\\arm_biquad_cascade_df1_init_f32.c 0x00000000   Number         0  arm_biquad_cascade_df1_init_f32.o ABSOLUTE
    ..\\DSP_LIB\\FilteringFunctions\\arm_biquad_cascade_df1_init_q15.c 0x00000000   Number         0  arm_biquad_cascade_df1_init_q15.o ABSOLUTE
    ..\\DSP_LIB\\FilteringFunctions\\arm_biquad_cascade_df1_init_q31.c 0x00000000   Number         0  arm_biquad_cascade_df1_init_q31.o ABSOLUTE
    ..\\DSP_LIB\\FilteringFunctions\\arm_biquad_cascade_df1_q15.c 0x00000000   Number         0  arm_biquad_cascade_df1_q15.o ABSOLUTE
    ..\\DSP_LIB\\FilteringFunctions\\arm_biquad_cascade_df1_q31.c 0x00000000   Number         0  arm_biquad_cascade_df1_q31.o ABSOLUTE
    ..\\DSP_LIB\\FilteringFunctions\\arm_biquad_cascade_df2T_f32.c 0x00000000   Number         0  arm_biquad_cascade_df2t_f32.o ABSOLUTE
    ..\\DSP_LIB\\FilteringFunctions\\arm_biquad_cascade_df2T_f64.c 0x00000000   Number         0  arm_biquad_cascade_df2t_f64.o ABSOLUTE
    ..\\DSP_LIB\\FilteringFunctions\\arm_biquad_cascade_df2T_init_f32.c 0x00000000   Number         0  arm_biquad_cascade_df2t_init_f32.o ABSOLUTE
    ..\\DSP_LIB\\FilteringFunctions\\arm_biquad_cascade_df2T_init_f64.c 0x00000000   Number         0  arm_biquad_cascade_df2t_init_f64.o ABSOLUTE
    ..\\DSP_LIB\\FilteringFunctions\\arm_biquad_cascade_stereo_df2T_f32.c 0x00000000   Number         0  arm_biquad_cascade_stereo_df2t_f32.o ABSOLUTE
    ..\\DSP_LIB\\FilteringFunctions\\arm_biquad_cascade_stereo_df2T_init_f32.c 0x00000000   Number         0  arm_biquad_cascade_stereo_df2t_init_f32.o ABSOLUTE
    ..\\DSP_LIB\\FilteringFunctions\\arm_conv_f32.c 0x00000000   Number         0  arm_conv_f32.o ABSOLUTE
    ..\\DSP_LIB\\FilteringFunctions\\arm_conv_fast_opt_q15.c 0x00000000   Number         0  arm_conv_fast_opt_q15.o ABSOLUTE
    ..\\DSP_LIB\\FilteringFunctions\\arm_conv_fast_q15.c 0x00000000   Number         0  arm_conv_fast_q15.o ABSOLUTE
    ..\\DSP_LIB\\FilteringFunctions\\arm_conv_fast_q31.c 0x00000000   Number         0  arm_conv_fast_q31.o ABSOLUTE
    ..\\DSP_LIB\\FilteringFunctions\\arm_conv_opt_q15.c 0x00000000   Number         0  arm_conv_opt_q15.o ABSOLUTE
    ..\\DSP_LIB\\FilteringFunctions\\arm_conv_opt_q7.c 0x00000000   Number         0  arm_conv_opt_q7.o ABSOLUTE
    ..\\DSP_LIB\\FilteringFunctions\\arm_conv_partial_f32.c 0x00000000   Number         0  arm_conv_partial_f32.o ABSOLUTE
    ..\\DSP_LIB\\FilteringFunctions\\arm_conv_partial_fast_opt_q15.c 0x00000000   Number         0  arm_conv_partial_fast_opt_q15.o ABSOLUTE
    ..\\DSP_LIB\\FilteringFunctions\\arm_conv_partial_fast_q15.c 0x00000000   Number         0  arm_conv_partial_fast_q15.o ABSOLUTE
    ..\\DSP_LIB\\FilteringFunctions\\arm_conv_partial_fast_q31.c 0x00000000   Number         0  arm_conv_partial_fast_q31.o ABSOLUTE
    ..\\DSP_LIB\\FilteringFunctions\\arm_conv_partial_opt_q15.c 0x00000000   Number         0  arm_conv_partial_opt_q15.o ABSOLUTE
    ..\\DSP_LIB\\FilteringFunctions\\arm_conv_partial_opt_q7.c 0x00000000   Number         0  arm_conv_partial_opt_q7.o ABSOLUTE
    ..\\DSP_LIB\\FilteringFunctions\\arm_conv_partial_q15.c 0x00000000   Number         0  arm_conv_partial_q15.o ABSOLUTE
    ..\\DSP_LIB\\FilteringFunctions\\arm_conv_partial_q31.c 0x00000000   Number         0  arm_conv_partial_q31.o ABSOLUTE
    ..\\DSP_LIB\\FilteringFunctions\\arm_conv_partial_q7.c 0x00000000   Number         0  arm_conv_partial_q7.o ABSOLUTE
    ..\\DSP_LIB\\FilteringFunctions\\arm_conv_q15.c 0x00000000   Number         0  arm_conv_q15.o ABSOLUTE
    ..\\DSP_LIB\\FilteringFunctions\\arm_conv_q31.c 0x00000000   Number         0  arm_conv_q31.o ABSOLUTE
    ..\\DSP_LIB\\FilteringFunctions\\arm_conv_q7.c 0x00000000   Number         0  arm_conv_q7.o ABSOLUTE
    ..\\DSP_LIB\\FilteringFunctions\\arm_correlate_f32.c 0x00000000   Number         0  arm_correlate_f32.o ABSOLUTE
    ..\\DSP_LIB\\FilteringFunctions\\arm_correlate_fast_opt_q15.c 0x00000000   Number         0  arm_correlate_fast_opt_q15.o ABSOLUTE
    ..\\DSP_LIB\\FilteringFunctions\\arm_correlate_fast_q15.c 0x00000000   Number         0  arm_correlate_fast_q15.o ABSOLUTE
    ..\\DSP_LIB\\FilteringFunctions\\arm_correlate_fast_q31.c 0x00000000   Number         0  arm_correlate_fast_q31.o ABSOLUTE
    ..\\DSP_LIB\\FilteringFunctions\\arm_correlate_opt_q15.c 0x00000000   Number         0  arm_correlate_opt_q15.o ABSOLUTE
    ..\\DSP_LIB\\FilteringFunctions\\arm_correlate_opt_q7.c 0x00000000   Number         0  arm_correlate_opt_q7.o ABSOLUTE
    ..\\DSP_LIB\\FilteringFunctions\\arm_correlate_q15.c 0x00000000   Number         0  arm_correlate_q15.o ABSOLUTE
    ..\\DSP_LIB\\FilteringFunctions\\arm_correlate_q31.c 0x00000000   Number         0  arm_correlate_q31.o ABSOLUTE
    ..\\DSP_LIB\\FilteringFunctions\\arm_correlate_q7.c 0x00000000   Number         0  arm_correlate_q7.o ABSOLUTE
    ..\\DSP_LIB\\FilteringFunctions\\arm_fir_decimate_f32.c 0x00000000   Number         0  arm_fir_decimate_f32.o ABSOLUTE
    ..\\DSP_LIB\\FilteringFunctions\\arm_fir_decimate_fast_q15.c 0x00000000   Number         0  arm_fir_decimate_fast_q15.o ABSOLUTE
    ..\\DSP_LIB\\FilteringFunctions\\arm_fir_decimate_fast_q31.c 0x00000000   Number         0  arm_fir_decimate_fast_q31.o ABSOLUTE
    ..\\DSP_LIB\\FilteringFunctions\\arm_fir_decimate_init_f32.c 0x00000000   Number         0  arm_fir_decimate_init_f32.o ABSOLUTE
    ..\\DSP_LIB\\FilteringFunctions\\arm_fir_decimate_init_q15.c 0x00000000   Number         0  arm_fir_decimate_init_q15.o ABSOLUTE
    ..\\DSP_LIB\\FilteringFunctions\\arm_fir_decimate_init_q31.c 0x00000000   Number         0  arm_fir_decimate_init_q31.o ABSOLUTE
    ..\\DSP_LIB\\FilteringFunctions\\arm_fir_decimate_q15.c 0x00000000   Number         0  arm_fir_decimate_q15.o ABSOLUTE
    ..\\DSP_LIB\\FilteringFunctions\\arm_fir_decimate_q31.c 0x00000000   Number         0  arm_fir_decimate_q31.o ABSOLUTE
    ..\\DSP_LIB\\FilteringFunctions\\arm_fir_f32.c 0x00000000   Number         0  arm_fir_f32.o ABSOLUTE
    ..\\DSP_LIB\\FilteringFunctions\\arm_fir_fast_q15.c 0x00000000   Number         0  arm_fir_fast_q15.o ABSOLUTE
    ..\\DSP_LIB\\FilteringFunctions\\arm_fir_fast_q31.c 0x00000000   Number         0  arm_fir_fast_q31.o ABSOLUTE
    ..\\DSP_LIB\\FilteringFunctions\\arm_fir_init_f32.c 0x00000000   Number         0  arm_fir_init_f32.o ABSOLUTE
    ..\\DSP_LIB\\FilteringFunctions\\arm_fir_init_q15.c 0x00000000   Number         0  arm_fir_init_q15.o ABSOLUTE
    ..\\DSP_LIB\\FilteringFunctions\\arm_fir_init_q31.c 0x00000000   Number         0  arm_fir_init_q31.o ABSOLUTE
    ..\\DSP_LIB\\FilteringFunctions\\arm_fir_init_q7.c 0x00000000   Number         0  arm_fir_init_q7.o ABSOLUTE
    ..\\DSP_LIB\\FilteringFunctions\\arm_fir_interpolate_f32.c 0x00000000   Number         0  arm_fir_interpolate_f32.o ABSOLUTE
    ..\\DSP_LIB\\FilteringFunctions\\arm_fir_interpolate_init_f32.c 0x00000000   Number         0  arm_fir_interpolate_init_f32.o ABSOLUTE
    ..\\DSP_LIB\\FilteringFunctions\\arm_fir_interpolate_init_q15.c 0x00000000   Number         0  arm_fir_interpolate_init_q15.o ABSOLUTE
    ..\\DSP_LIB\\FilteringFunctions\\arm_fir_interpolate_init_q31.c 0x00000000   Number         0  arm_fir_interpolate_init_q31.o ABSOLUTE
    ..\\DSP_LIB\\FilteringFunctions\\arm_fir_interpolate_q15.c 0x00000000   Number         0  arm_fir_interpolate_q15.o ABSOLUTE
    ..\\DSP_LIB\\FilteringFunctions\\arm_fir_interpolate_q31.c 0x00000000   Number         0  arm_fir_interpolate_q31.o ABSOLUTE
    ..\\DSP_LIB\\FilteringFunctions\\arm_fir_lattice_f32.c 0x00000000   Number         0  arm_fir_lattice_f32.o ABSOLUTE
    ..\\DSP_LIB\\FilteringFunctions\\arm_fir_lattice_init_f32.c 0x00000000   Number         0  arm_fir_lattice_init_f32.o ABSOLUTE
    ..\\DSP_LIB\\FilteringFunctions\\arm_fir_lattice_init_q15.c 0x00000000   Number         0  arm_fir_lattice_init_q15.o ABSOLUTE
    ..\\DSP_LIB\\FilteringFunctions\\arm_fir_lattice_init_q31.c 0x00000000   Number         0  arm_fir_lattice_init_q31.o ABSOLUTE
    ..\\DSP_LIB\\FilteringFunctions\\arm_fir_lattice_q15.c 0x00000000   Number         0  arm_fir_lattice_q15.o ABSOLUTE
    ..\\DSP_LIB\\FilteringFunctions\\arm_fir_lattice_q31.c 0x00000000   Number         0  arm_fir_lattice_q31.o ABSOLUTE
    ..\\DSP_LIB\\FilteringFunctions\\arm_fir_q15.c 0x00000000   Number         0  arm_fir_q15.o ABSOLUTE
    ..\\DSP_LIB\\FilteringFunctions\\arm_fir_q31.c 0x00000000   Number         0  arm_fir_q31.o ABSOLUTE
    ..\\DSP_LIB\\FilteringFunctions\\arm_fir_q7.c 0x00000000   Number         0  arm_fir_q7.o ABSOLUTE
    ..\\DSP_LIB\\FilteringFunctions\\arm_fir_sparse_f32.c 0x00000000   Number         0  arm_fir_sparse_f32.o ABSOLUTE
    ..\\DSP_LIB\\FilteringFunctions\\arm_fir_sparse_init_f32.c 0x00000000   Number         0  arm_fir_sparse_init_f32.o ABSOLUTE
    ..\\DSP_LIB\\FilteringFunctions\\arm_fir_sparse_init_q15.c 0x00000000   Number         0  arm_fir_sparse_init_q15.o ABSOLUTE
    ..\\DSP_LIB\\FilteringFunctions\\arm_fir_sparse_init_q31.c 0x00000000   Number         0  arm_fir_sparse_init_q31.o ABSOLUTE
    ..\\DSP_LIB\\FilteringFunctions\\arm_fir_sparse_init_q7.c 0x00000000   Number         0  arm_fir_sparse_init_q7.o ABSOLUTE
    ..\\DSP_LIB\\FilteringFunctions\\arm_fir_sparse_q15.c 0x00000000   Number         0  arm_fir_sparse_q15.o ABSOLUTE
    ..\\DSP_LIB\\FilteringFunctions\\arm_fir_sparse_q31.c 0x00000000   Number         0  arm_fir_sparse_q31.o ABSOLUTE
    ..\\DSP_LIB\\FilteringFunctions\\arm_fir_sparse_q7.c 0x00000000   Number         0  arm_fir_sparse_q7.o ABSOLUTE
    ..\\DSP_LIB\\FilteringFunctions\\arm_iir_lattice_f32.c 0x00000000   Number         0  arm_iir_lattice_f32.o ABSOLUTE
    ..\\DSP_LIB\\FilteringFunctions\\arm_iir_lattice_init_f32.c 0x00000000   Number         0  arm_iir_lattice_init_f32.o ABSOLUTE
    ..\\DSP_LIB\\FilteringFunctions\\arm_iir_lattice_init_q15.c 0x00000000   Number         0  arm_iir_lattice_init_q15.o ABSOLUTE
    ..\\DSP_LIB\\FilteringFunctions\\arm_iir_lattice_init_q31.c 0x00000000   Number         0  arm_iir_lattice_init_q31.o ABSOLUTE
    ..\\DSP_LIB\\FilteringFunctions\\arm_iir_lattice_q15.c 0x00000000   Number         0  arm_iir_lattice_q15.o ABSOLUTE
    ..\\DSP_LIB\\FilteringFunctions\\arm_iir_lattice_q31.c 0x00000000   Number         0  arm_iir_lattice_q31.o ABSOLUTE
    ..\\DSP_LIB\\FilteringFunctions\\arm_lms_f32.c 0x00000000   Number         0  arm_lms_f32.o ABSOLUTE
    ..\\DSP_LIB\\FilteringFunctions\\arm_lms_init_f32.c 0x00000000   Number         0  arm_lms_init_f32.o ABSOLUTE
    ..\\DSP_LIB\\FilteringFunctions\\arm_lms_init_q15.c 0x00000000   Number         0  arm_lms_init_q15.o ABSOLUTE
    ..\\DSP_LIB\\FilteringFunctions\\arm_lms_init_q31.c 0x00000000   Number         0  arm_lms_init_q31.o ABSOLUTE
    ..\\DSP_LIB\\FilteringFunctions\\arm_lms_norm_f32.c 0x00000000   Number         0  arm_lms_norm_f32.o ABSOLUTE
    ..\\DSP_LIB\\FilteringFunctions\\arm_lms_norm_init_f32.c 0x00000000   Number         0  arm_lms_norm_init_f32.o ABSOLUTE
    ..\\DSP_LIB\\FilteringFunctions\\arm_lms_norm_init_q15.c 0x00000000   Number         0  arm_lms_norm_init_q15.o ABSOLUTE
    ..\\DSP_LIB\\FilteringFunctions\\arm_lms_norm_init_q31.c 0x00000000   Number         0  arm_lms_norm_init_q31.o ABSOLUTE
    ..\\DSP_LIB\\FilteringFunctions\\arm_lms_norm_q15.c 0x00000000   Number         0  arm_lms_norm_q15.o ABSOLUTE
    ..\\DSP_LIB\\FilteringFunctions\\arm_lms_norm_q31.c 0x00000000   Number         0  arm_lms_norm_q31.o ABSOLUTE
    ..\\DSP_LIB\\FilteringFunctions\\arm_lms_q15.c 0x00000000   Number         0  arm_lms_q15.o ABSOLUTE
    ..\\DSP_LIB\\FilteringFunctions\\arm_lms_q31.c 0x00000000   Number         0  arm_lms_q31.o ABSOLUTE
    ..\\DSP_LIB\\MatrixFunctions\\arm_mat_add_f32.c 0x00000000   Number         0  arm_mat_add_f32.o ABSOLUTE
    ..\\DSP_LIB\\MatrixFunctions\\arm_mat_add_q15.c 0x00000000   Number         0  arm_mat_add_q15.o ABSOLUTE
    ..\\DSP_LIB\\MatrixFunctions\\arm_mat_add_q31.c 0x00000000   Number         0  arm_mat_add_q31.o ABSOLUTE
    ..\\DSP_LIB\\MatrixFunctions\\arm_mat_cmplx_mult_f32.c 0x00000000   Number         0  arm_mat_cmplx_mult_f32.o ABSOLUTE
    ..\\DSP_LIB\\MatrixFunctions\\arm_mat_cmplx_mult_q15.c 0x00000000   Number         0  arm_mat_cmplx_mult_q15.o ABSOLUTE
    ..\\DSP_LIB\\MatrixFunctions\\arm_mat_cmplx_mult_q31.c 0x00000000   Number         0  arm_mat_cmplx_mult_q31.o ABSOLUTE
    ..\\DSP_LIB\\MatrixFunctions\\arm_mat_init_f32.c 0x00000000   Number         0  arm_mat_init_f32.o ABSOLUTE
    ..\\DSP_LIB\\MatrixFunctions\\arm_mat_init_q15.c 0x00000000   Number         0  arm_mat_init_q15.o ABSOLUTE
    ..\\DSP_LIB\\MatrixFunctions\\arm_mat_init_q31.c 0x00000000   Number         0  arm_mat_init_q31.o ABSOLUTE
    ..\\DSP_LIB\\MatrixFunctions\\arm_mat_inverse_f32.c 0x00000000   Number         0  arm_mat_inverse_f32.o ABSOLUTE
    ..\\DSP_LIB\\MatrixFunctions\\arm_mat_inverse_f64.c 0x00000000   Number         0  arm_mat_inverse_f64.o ABSOLUTE
    ..\\DSP_LIB\\MatrixFunctions\\arm_mat_mult_f32.c 0x00000000   Number         0  arm_mat_mult_f32.o ABSOLUTE
    ..\\DSP_LIB\\MatrixFunctions\\arm_mat_mult_fast_q15.c 0x00000000   Number         0  arm_mat_mult_fast_q15.o ABSOLUTE
    ..\\DSP_LIB\\MatrixFunctions\\arm_mat_mult_fast_q31.c 0x00000000   Number         0  arm_mat_mult_fast_q31.o ABSOLUTE
    ..\\DSP_LIB\\MatrixFunctions\\arm_mat_mult_q15.c 0x00000000   Number         0  arm_mat_mult_q15.o ABSOLUTE
    ..\\DSP_LIB\\MatrixFunctions\\arm_mat_mult_q31.c 0x00000000   Number         0  arm_mat_mult_q31.o ABSOLUTE
    ..\\DSP_LIB\\MatrixFunctions\\arm_mat_scale_f32.c 0x00000000   Number         0  arm_mat_scale_f32.o ABSOLUTE
    ..\\DSP_LIB\\MatrixFunctions\\arm_mat_scale_q15.c 0x00000000   Number         0  arm_mat_scale_q15.o ABSOLUTE
    ..\\DSP_LIB\\MatrixFunctions\\arm_mat_scale_q31.c 0x00000000   Number         0  arm_mat_scale_q31.o ABSOLUTE
    ..\\DSP_LIB\\MatrixFunctions\\arm_mat_sub_f32.c 0x00000000   Number         0  arm_mat_sub_f32.o ABSOLUTE
    ..\\DSP_LIB\\MatrixFunctions\\arm_mat_sub_q15.c 0x00000000   Number         0  arm_mat_sub_q15.o ABSOLUTE
    ..\\DSP_LIB\\MatrixFunctions\\arm_mat_sub_q31.c 0x00000000   Number         0  arm_mat_sub_q31.o ABSOLUTE
    ..\\DSP_LIB\\MatrixFunctions\\arm_mat_trans_f32.c 0x00000000   Number         0  arm_mat_trans_f32.o ABSOLUTE
    ..\\DSP_LIB\\MatrixFunctions\\arm_mat_trans_q15.c 0x00000000   Number         0  arm_mat_trans_q15.o ABSOLUTE
    ..\\DSP_LIB\\MatrixFunctions\\arm_mat_trans_q31.c 0x00000000   Number         0  arm_mat_trans_q31.o ABSOLUTE
    ..\\DSP_LIB\\StatisticsFunctions\\arm_max_f32.c 0x00000000   Number         0  arm_max_f32.o ABSOLUTE
    ..\\DSP_LIB\\StatisticsFunctions\\arm_max_q15.c 0x00000000   Number         0  arm_max_q15.o ABSOLUTE
    ..\\DSP_LIB\\StatisticsFunctions\\arm_max_q31.c 0x00000000   Number         0  arm_max_q31.o ABSOLUTE
    ..\\DSP_LIB\\StatisticsFunctions\\arm_max_q7.c 0x00000000   Number         0  arm_max_q7.o ABSOLUTE
    ..\\DSP_LIB\\StatisticsFunctions\\arm_mean_f32.c 0x00000000   Number         0  arm_mean_f32.o ABSOLUTE
    ..\\DSP_LIB\\StatisticsFunctions\\arm_mean_q15.c 0x00000000   Number         0  arm_mean_q15.o ABSOLUTE
    ..\\DSP_LIB\\StatisticsFunctions\\arm_mean_q31.c 0x00000000   Number         0  arm_mean_q31.o ABSOLUTE
    ..\\DSP_LIB\\StatisticsFunctions\\arm_mean_q7.c 0x00000000   Number         0  arm_mean_q7.o ABSOLUTE
    ..\\DSP_LIB\\StatisticsFunctions\\arm_min_f32.c 0x00000000   Number         0  arm_min_f32.o ABSOLUTE
    ..\\DSP_LIB\\StatisticsFunctions\\arm_min_q15.c 0x00000000   Number         0  arm_min_q15.o ABSOLUTE
    ..\\DSP_LIB\\StatisticsFunctions\\arm_min_q31.c 0x00000000   Number         0  arm_min_q31.o ABSOLUTE
    ..\\DSP_LIB\\StatisticsFunctions\\arm_min_q7.c 0x00000000   Number         0  arm_min_q7.o ABSOLUTE
    ..\\DSP_LIB\\StatisticsFunctions\\arm_power_f32.c 0x00000000   Number         0  arm_power_f32.o ABSOLUTE
    ..\\DSP_LIB\\StatisticsFunctions\\arm_power_q15.c 0x00000000   Number         0  arm_power_q15.o ABSOLUTE
    ..\\DSP_LIB\\StatisticsFunctions\\arm_power_q31.c 0x00000000   Number         0  arm_power_q31.o ABSOLUTE
    ..\\DSP_LIB\\StatisticsFunctions\\arm_power_q7.c 0x00000000   Number         0  arm_power_q7.o ABSOLUTE
    ..\\DSP_LIB\\StatisticsFunctions\\arm_rms_f32.c 0x00000000   Number         0  arm_rms_f32.o ABSOLUTE
    ..\\DSP_LIB\\StatisticsFunctions\\arm_rms_q15.c 0x00000000   Number         0  arm_rms_q15.o ABSOLUTE
    ..\\DSP_LIB\\StatisticsFunctions\\arm_rms_q31.c 0x00000000   Number         0  arm_rms_q31.o ABSOLUTE
    ..\\DSP_LIB\\StatisticsFunctions\\arm_std_f32.c 0x00000000   Number         0  arm_std_f32.o ABSOLUTE
    ..\\DSP_LIB\\StatisticsFunctions\\arm_std_q15.c 0x00000000   Number         0  arm_std_q15.o ABSOLUTE
    ..\\DSP_LIB\\StatisticsFunctions\\arm_std_q31.c 0x00000000   Number         0  arm_std_q31.o ABSOLUTE
    ..\\DSP_LIB\\StatisticsFunctions\\arm_var_f32.c 0x00000000   Number         0  arm_var_f32.o ABSOLUTE
    ..\\DSP_LIB\\StatisticsFunctions\\arm_var_q15.c 0x00000000   Number         0  arm_var_q15.o ABSOLUTE
    ..\\DSP_LIB\\StatisticsFunctions\\arm_var_q31.c 0x00000000   Number         0  arm_var_q31.o ABSOLUTE
    ..\\DSP_LIB\\SupportFunctions\\arm_copy_f32.c 0x00000000   Number         0  arm_copy_f32.o ABSOLUTE
    ..\\DSP_LIB\\SupportFunctions\\arm_copy_q15.c 0x00000000   Number         0  arm_copy_q15.o ABSOLUTE
    ..\\DSP_LIB\\SupportFunctions\\arm_copy_q31.c 0x00000000   Number         0  arm_copy_q31.o ABSOLUTE
    ..\\DSP_LIB\\SupportFunctions\\arm_copy_q7.c 0x00000000   Number         0  arm_copy_q7.o ABSOLUTE
    ..\\DSP_LIB\\SupportFunctions\\arm_fill_f32.c 0x00000000   Number         0  arm_fill_f32.o ABSOLUTE
    ..\\DSP_LIB\\SupportFunctions\\arm_fill_q15.c 0x00000000   Number         0  arm_fill_q15.o ABSOLUTE
    ..\\DSP_LIB\\SupportFunctions\\arm_fill_q31.c 0x00000000   Number         0  arm_fill_q31.o ABSOLUTE
    ..\\DSP_LIB\\SupportFunctions\\arm_fill_q7.c 0x00000000   Number         0  arm_fill_q7.o ABSOLUTE
    ..\\DSP_LIB\\SupportFunctions\\arm_float_to_q15.c 0x00000000   Number         0  arm_float_to_q15.o ABSOLUTE
    ..\\DSP_LIB\\SupportFunctions\\arm_float_to_q31.c 0x00000000   Number         0  arm_float_to_q31.o ABSOLUTE
    ..\\DSP_LIB\\SupportFunctions\\arm_float_to_q7.c 0x00000000   Number         0  arm_float_to_q7.o ABSOLUTE
    ..\\DSP_LIB\\SupportFunctions\\arm_q15_to_float.c 0x00000000   Number         0  arm_q15_to_float.o ABSOLUTE
    ..\\DSP_LIB\\SupportFunctions\\arm_q15_to_q31.c 0x00000000   Number         0  arm_q15_to_q31.o ABSOLUTE
    ..\\DSP_LIB\\SupportFunctions\\arm_q15_to_q7.c 0x00000000   Number         0  arm_q15_to_q7.o ABSOLUTE
    ..\\DSP_LIB\\SupportFunctions\\arm_q31_to_float.c 0x00000000   Number         0  arm_q31_to_float.o ABSOLUTE
    ..\\DSP_LIB\\SupportFunctions\\arm_q31_to_q15.c 0x00000000   Number         0  arm_q31_to_q15.o ABSOLUTE
    ..\\DSP_LIB\\SupportFunctions\\arm_q31_to_q7.c 0x00000000   Number         0  arm_q31_to_q7.o ABSOLUTE
    ..\\DSP_LIB\\SupportFunctions\\arm_q7_to_float.c 0x00000000   Number         0  arm_q7_to_float.o ABSOLUTE
    ..\\DSP_LIB\\SupportFunctions\\arm_q7_to_q15.c 0x00000000   Number         0  arm_q7_to_q15.o ABSOLUTE
    ..\\DSP_LIB\\SupportFunctions\\arm_q7_to_q31.c 0x00000000   Number         0  arm_q7_to_q31.o ABSOLUTE
    ..\\DSP_LIB\\TransformFunctions\\arm_bitreversal.c 0x00000000   Number         0  arm_bitreversal.o ABSOLUTE
    ..\\DSP_LIB\\TransformFunctions\\arm_bitreversal2.S 0x00000000   Number         0  arm_bitreversal2.o ABSOLUTE
    ..\\DSP_LIB\\TransformFunctions\\arm_cfft_f32.c 0x00000000   Number         0  arm_cfft_f32.o ABSOLUTE
    ..\\DSP_LIB\\TransformFunctions\\arm_cfft_q15.c 0x00000000   Number         0  arm_cfft_q15.o ABSOLUTE
    ..\\DSP_LIB\\TransformFunctions\\arm_cfft_q31.c 0x00000000   Number         0  arm_cfft_q31.o ABSOLUTE
    ..\\DSP_LIB\\TransformFunctions\\arm_cfft_radix2_f32.c 0x00000000   Number         0  arm_cfft_radix2_f32.o ABSOLUTE
    ..\\DSP_LIB\\TransformFunctions\\arm_cfft_radix2_init_f32.c 0x00000000   Number         0  arm_cfft_radix2_init_f32.o ABSOLUTE
    ..\\DSP_LIB\\TransformFunctions\\arm_cfft_radix2_init_q15.c 0x00000000   Number         0  arm_cfft_radix2_init_q15.o ABSOLUTE
    ..\\DSP_LIB\\TransformFunctions\\arm_cfft_radix2_init_q31.c 0x00000000   Number         0  arm_cfft_radix2_init_q31.o ABSOLUTE
    ..\\DSP_LIB\\TransformFunctions\\arm_cfft_radix2_q15.c 0x00000000   Number         0  arm_cfft_radix2_q15.o ABSOLUTE
    ..\\DSP_LIB\\TransformFunctions\\arm_cfft_radix2_q31.c 0x00000000   Number         0  arm_cfft_radix2_q31.o ABSOLUTE
    ..\\DSP_LIB\\TransformFunctions\\arm_cfft_radix4_f32.c 0x00000000   Number         0  arm_cfft_radix4_f32.o ABSOLUTE
    ..\\DSP_LIB\\TransformFunctions\\arm_cfft_radix4_init_f32.c 0x00000000   Number         0  arm_cfft_radix4_init_f32.o ABSOLUTE
    ..\\DSP_LIB\\TransformFunctions\\arm_cfft_radix4_init_q15.c 0x00000000   Number         0  arm_cfft_radix4_init_q15.o ABSOLUTE
    ..\\DSP_LIB\\TransformFunctions\\arm_cfft_radix4_init_q31.c 0x00000000   Number         0  arm_cfft_radix4_init_q31.o ABSOLUTE
    ..\\DSP_LIB\\TransformFunctions\\arm_cfft_radix4_q15.c 0x00000000   Number         0  arm_cfft_radix4_q15.o ABSOLUTE
    ..\\DSP_LIB\\TransformFunctions\\arm_cfft_radix4_q31.c 0x00000000   Number         0  arm_cfft_radix4_q31.o ABSOLUTE
    ..\\DSP_LIB\\TransformFunctions\\arm_cfft_radix8_f32.c 0x00000000   Number         0  arm_cfft_radix8_f32.o ABSOLUTE
    ..\\DSP_LIB\\TransformFunctions\\arm_dct4_f32.c 0x00000000   Number         0  arm_dct4_f32.o ABSOLUTE
    ..\\DSP_LIB\\TransformFunctions\\arm_dct4_init_f32.c 0x00000000   Number         0  arm_dct4_init_f32.o ABSOLUTE
    ..\\DSP_LIB\\TransformFunctions\\arm_dct4_init_q15.c 0x00000000   Number         0  arm_dct4_init_q15.o ABSOLUTE
    ..\\DSP_LIB\\TransformFunctions\\arm_dct4_init_q31.c 0x00000000   Number         0  arm_dct4_init_q31.o ABSOLUTE
    ..\\DSP_LIB\\TransformFunctions\\arm_dct4_q15.c 0x00000000   Number         0  arm_dct4_q15.o ABSOLUTE
    ..\\DSP_LIB\\TransformFunctions\\arm_dct4_q31.c 0x00000000   Number         0  arm_dct4_q31.o ABSOLUTE
    ..\\DSP_LIB\\TransformFunctions\\arm_rfft_f32.c 0x00000000   Number         0  arm_rfft_f32.o ABSOLUTE
    ..\\DSP_LIB\\TransformFunctions\\arm_rfft_fast_f32.c 0x00000000   Number         0  arm_rfft_fast_f32.o ABSOLUTE
    ..\\DSP_LIB\\TransformFunctions\\arm_rfft_fast_init_f32.c 0x00000000   Number         0  arm_rfft_fast_init_f32.o ABSOLUTE
    ..\\DSP_LIB\\TransformFunctions\\arm_rfft_init_f32.c 0x00000000   Number         0  arm_rfft_init_f32.o ABSOLUTE
    ..\\DSP_LIB\\TransformFunctions\\arm_rfft_init_q15.c 0x00000000   Number         0  arm_rfft_init_q15.o ABSOLUTE
    ..\\DSP_LIB\\TransformFunctions\\arm_rfft_init_q31.c 0x00000000   Number         0  arm_rfft_init_q31.o ABSOLUTE
    ..\\DSP_LIB\\TransformFunctions\\arm_rfft_q15.c 0x00000000   Number         0  arm_rfft_q15.o ABSOLUTE
    ..\\DSP_LIB\\TransformFunctions\\arm_rfft_q31.c 0x00000000   Number         0  arm_rfft_q31.o ABSOLUTE
    ..\\MAIN\\main.c                         0x00000000   Number         0  main.o ABSOLUTE
    ..\\PERPH\\LED\\led.c                    0x00000000   Number         0  led_1.o ABSOLUTE
    ..\\STM32F4xx_StdPeriph_Driver\\src\\misc.c 0x00000000   Number         0  misc.o ABSOLUTE
    ..\\STM32F4xx_StdPeriph_Driver\\src\\stm32f4xx_adc.c 0x00000000   Number         0  stm32f4xx_adc.o ABSOLUTE
    ..\\STM32F4xx_StdPeriph_Driver\\src\\stm32f4xx_can.c 0x00000000   Number         0  stm32f4xx_can.o ABSOLUTE
    ..\\STM32F4xx_StdPeriph_Driver\\src\\stm32f4xx_cec.c 0x00000000   Number         0  stm32f4xx_cec.o ABSOLUTE
    ..\\STM32F4xx_StdPeriph_Driver\\src\\stm32f4xx_crc.c 0x00000000   Number         0  stm32f4xx_crc.o ABSOLUTE
    ..\\STM32F4xx_StdPeriph_Driver\\src\\stm32f4xx_cryp.c 0x00000000   Number         0  stm32f4xx_cryp.o ABSOLUTE
    ..\\STM32F4xx_StdPeriph_Driver\\src\\stm32f4xx_cryp_aes.c 0x00000000   Number         0  stm32f4xx_cryp_aes.o ABSOLUTE
    ..\\STM32F4xx_StdPeriph_Driver\\src\\stm32f4xx_cryp_des.c 0x00000000   Number         0  stm32f4xx_cryp_des.o ABSOLUTE
    ..\\STM32F4xx_StdPeriph_Driver\\src\\stm32f4xx_cryp_tdes.c 0x00000000   Number         0  stm32f4xx_cryp_tdes.o ABSOLUTE
    ..\\STM32F4xx_StdPeriph_Driver\\src\\stm32f4xx_dac.c 0x00000000   Number         0  stm32f4xx_dac.o ABSOLUTE
    ..\\STM32F4xx_StdPeriph_Driver\\src\\stm32f4xx_dbgmcu.c 0x00000000   Number         0  stm32f4xx_dbgmcu.o ABSOLUTE
    ..\\STM32F4xx_StdPeriph_Driver\\src\\stm32f4xx_dcmi.c 0x00000000   Number         0  stm32f4xx_dcmi.o ABSOLUTE
    ..\\STM32F4xx_StdPeriph_Driver\\src\\stm32f4xx_dfsdm.c 0x00000000   Number         0  stm32f4xx_dfsdm.o ABSOLUTE
    ..\\STM32F4xx_StdPeriph_Driver\\src\\stm32f4xx_dma.c 0x00000000   Number         0  stm32f4xx_dma.o ABSOLUTE
    ..\\STM32F4xx_StdPeriph_Driver\\src\\stm32f4xx_dma2d.c 0x00000000   Number         0  stm32f4xx_dma2d.o ABSOLUTE
    ..\\STM32F4xx_StdPeriph_Driver\\src\\stm32f4xx_dsi.c 0x00000000   Number         0  stm32f4xx_dsi.o ABSOLUTE
    ..\\STM32F4xx_StdPeriph_Driver\\src\\stm32f4xx_exti.c 0x00000000   Number         0  stm32f4xx_exti.o ABSOLUTE
    ..\\STM32F4xx_StdPeriph_Driver\\src\\stm32f4xx_flash.c 0x00000000   Number         0  stm32f4xx_flash.o ABSOLUTE
    ..\\STM32F4xx_StdPeriph_Driver\\src\\stm32f4xx_flash_ramfunc.c 0x00000000   Number         0  stm32f4xx_flash_ramfunc.o ABSOLUTE
    ..\\STM32F4xx_StdPeriph_Driver\\src\\stm32f4xx_fmpi2c.c 0x00000000   Number         0  stm32f4xx_fmpi2c.o ABSOLUTE
    ..\\STM32F4xx_StdPeriph_Driver\\src\\stm32f4xx_gpio.c 0x00000000   Number         0  stm32f4xx_gpio.o ABSOLUTE
    ..\\STM32F4xx_StdPeriph_Driver\\src\\stm32f4xx_hash.c 0x00000000   Number         0  stm32f4xx_hash.o ABSOLUTE
    ..\\STM32F4xx_StdPeriph_Driver\\src\\stm32f4xx_hash_md5.c 0x00000000   Number         0  stm32f4xx_hash_md5.o ABSOLUTE
    ..\\STM32F4xx_StdPeriph_Driver\\src\\stm32f4xx_hash_sha1.c 0x00000000   Number         0  stm32f4xx_hash_sha1.o ABSOLUTE
    ..\\STM32F4xx_StdPeriph_Driver\\src\\stm32f4xx_i2c.c 0x00000000   Number         0  stm32f4xx_i2c.o ABSOLUTE
    ..\\STM32F4xx_StdPeriph_Driver\\src\\stm32f4xx_iwdg.c 0x00000000   Number         0  stm32f4xx_iwdg.o ABSOLUTE
    ..\\STM32F4xx_StdPeriph_Driver\\src\\stm32f4xx_lptim.c 0x00000000   Number         0  stm32f4xx_lptim.o ABSOLUTE
    ..\\STM32F4xx_StdPeriph_Driver\\src\\stm32f4xx_ltdc.c 0x00000000   Number         0  stm32f4xx_ltdc.o ABSOLUTE
    ..\\STM32F4xx_StdPeriph_Driver\\src\\stm32f4xx_pwr.c 0x00000000   Number         0  stm32f4xx_pwr.o ABSOLUTE
    ..\\STM32F4xx_StdPeriph_Driver\\src\\stm32f4xx_qspi.c 0x00000000   Number         0  stm32f4xx_qspi.o ABSOLUTE
    ..\\STM32F4xx_StdPeriph_Driver\\src\\stm32f4xx_rcc.c 0x00000000   Number         0  stm32f4xx_rcc.o ABSOLUTE
    ..\\STM32F4xx_StdPeriph_Driver\\src\\stm32f4xx_rng.c 0x00000000   Number         0  stm32f4xx_rng.o ABSOLUTE
    ..\\STM32F4xx_StdPeriph_Driver\\src\\stm32f4xx_rtc.c 0x00000000   Number         0  stm32f4xx_rtc.o ABSOLUTE
    ..\\STM32F4xx_StdPeriph_Driver\\src\\stm32f4xx_sai.c 0x00000000   Number         0  stm32f4xx_sai.o ABSOLUTE
    ..\\STM32F4xx_StdPeriph_Driver\\src\\stm32f4xx_sdio.c 0x00000000   Number         0  stm32f4xx_sdio.o ABSOLUTE
    ..\\STM32F4xx_StdPeriph_Driver\\src\\stm32f4xx_spdifrx.c 0x00000000   Number         0  stm32f4xx_spdifrx.o ABSOLUTE
    ..\\STM32F4xx_StdPeriph_Driver\\src\\stm32f4xx_spi.c 0x00000000   Number         0  stm32f4xx_spi.o ABSOLUTE
    ..\\STM32F4xx_StdPeriph_Driver\\src\\stm32f4xx_syscfg.c 0x00000000   Number         0  stm32f4xx_syscfg.o ABSOLUTE
    ..\\STM32F4xx_StdPeriph_Driver\\src\\stm32f4xx_tim.c 0x00000000   Number         0  stm32f4xx_tim.o ABSOLUTE
    ..\\STM32F4xx_StdPeriph_Driver\\src\\stm32f4xx_usart.c 0x00000000   Number         0  stm32f4xx_usart.o ABSOLUTE
    ..\\STM32F4xx_StdPeriph_Driver\\src\\stm32f4xx_wwdg.c 0x00000000   Number         0  stm32f4xx_wwdg.o ABSOLUTE
    dc.s                                     0x00000000   Number         0  dc.o ABSOLUTE
    RESET                                    0x08000000   Section      392  startup_stm32f40xx.o(RESET)
    !!!main                                  0x08000188   Section        8  __main.o(!!!main)
    !!!scatter                               0x08000190   Section       52  __scatter.o(!!!scatter)
    !!handler_copy                           0x080001c4   Section       26  __scatter_copy.o(!!handler_copy)
    !!handler_zi                             0x080001e0   Section       28  __scatter_zi.o(!!handler_zi)
    .ARM.Collect$$libinit$$00000000          0x080001fc   Section        2  libinit.o(.ARM.Collect$$libinit$$00000000)
    .ARM.Collect$$libinit$$00000001          0x080001fe   Section        4  libinit2.o(.ARM.Collect$$libinit$$00000001)
    .ARM.Collect$$libinit$$00000004          0x08000202   Section        0  libinit2.o(.ARM.Collect$$libinit$$00000004)
    .ARM.Collect$$libinit$$0000000A          0x08000202   Section        0  libinit2.o(.ARM.Collect$$libinit$$0000000A)
    .ARM.Collect$$libinit$$0000000C          0x08000202   Section        0  libinit2.o(.ARM.Collect$$libinit$$0000000C)
    .ARM.Collect$$libinit$$0000000E          0x08000202   Section        0  libinit2.o(.ARM.Collect$$libinit$$0000000E)
    .ARM.Collect$$libinit$$00000011          0x08000202   Section        0  libinit2.o(.ARM.Collect$$libinit$$00000011)
    .ARM.Collect$$libinit$$00000013          0x08000202   Section        0  libinit2.o(.ARM.Collect$$libinit$$00000013)
    .ARM.Collect$$libinit$$00000015          0x08000202   Section        0  libinit2.o(.ARM.Collect$$libinit$$00000015)
    .ARM.Collect$$libinit$$00000017          0x08000202   Section        0  libinit2.o(.ARM.Collect$$libinit$$00000017)
    .ARM.Collect$$libinit$$00000019          0x08000202   Section        0  libinit2.o(.ARM.Collect$$libinit$$00000019)
    .ARM.Collect$$libinit$$0000001B          0x08000202   Section        0  libinit2.o(.ARM.Collect$$libinit$$0000001B)
    .ARM.Collect$$libinit$$0000001D          0x08000202   Section        0  libinit2.o(.ARM.Collect$$libinit$$0000001D)
    .ARM.Collect$$libinit$$0000001F          0x08000202   Section        0  libinit2.o(.ARM.Collect$$libinit$$0000001F)
    .ARM.Collect$$libinit$$00000021          0x08000202   Section        0  libinit2.o(.ARM.Collect$$libinit$$00000021)
    .ARM.Collect$$libinit$$00000023          0x08000202   Section        0  libinit2.o(.ARM.Collect$$libinit$$00000023)
    .ARM.Collect$$libinit$$00000025          0x08000202   Section        0  libinit2.o(.ARM.Collect$$libinit$$00000025)
    .ARM.Collect$$libinit$$0000002C          0x08000202   Section        0  libinit2.o(.ARM.Collect$$libinit$$0000002C)
    .ARM.Collect$$libinit$$0000002E          0x08000202   Section        0  libinit2.o(.ARM.Collect$$libinit$$0000002E)
    .ARM.Collect$$libinit$$00000030          0x08000202   Section        0  libinit2.o(.ARM.Collect$$libinit$$00000030)
    .ARM.Collect$$libinit$$00000032          0x08000202   Section        0  libinit2.o(.ARM.Collect$$libinit$$00000032)
    .ARM.Collect$$libinit$$00000033          0x08000202   Section        2  libinit2.o(.ARM.Collect$$libinit$$00000033)
    .ARM.Collect$$libshutdown$$00000000      0x08000204   Section        2  libshutdown.o(.ARM.Collect$$libshutdown$$00000000)
    .ARM.Collect$$libshutdown$$00000003      0x08000206   Section        0  libshutdown2.o(.ARM.Collect$$libshutdown$$00000003)
    .ARM.Collect$$libshutdown$$00000006      0x08000206   Section        0  libshutdown2.o(.ARM.Collect$$libshutdown$$00000006)
    .ARM.Collect$$libshutdown$$00000009      0x08000206   Section        0  libshutdown2.o(.ARM.Collect$$libshutdown$$00000009)
    .ARM.Collect$$libshutdown$$0000000B      0x08000206   Section        0  libshutdown2.o(.ARM.Collect$$libshutdown$$0000000B)
    .ARM.Collect$$libshutdown$$0000000E      0x08000206   Section        0  libshutdown2.o(.ARM.Collect$$libshutdown$$0000000E)
    .ARM.Collect$$libshutdown$$0000000F      0x08000206   Section        2  libshutdown2.o(.ARM.Collect$$libshutdown$$0000000F)
    .ARM.Collect$$rtentry$$00000000          0x08000208   Section        0  __rtentry.o(.ARM.Collect$$rtentry$$00000000)
    .ARM.Collect$$rtentry$$00000002          0x08000208   Section        0  __rtentry2.o(.ARM.Collect$$rtentry$$00000002)
    .ARM.Collect$$rtentry$$00000004          0x08000208   Section        6  __rtentry4.o(.ARM.Collect$$rtentry$$00000004)
    .ARM.Collect$$rtentry$$00000009          0x0800020e   Section        0  __rtentry2.o(.ARM.Collect$$rtentry$$00000009)
    .ARM.Collect$$rtentry$$0000000A          0x0800020e   Section        4  __rtentry2.o(.ARM.Collect$$rtentry$$0000000A)
    .ARM.Collect$$rtentry$$0000000C          0x08000212   Section        0  __rtentry2.o(.ARM.Collect$$rtentry$$0000000C)
    .ARM.Collect$$rtentry$$0000000D          0x08000212   Section        8  __rtentry2.o(.ARM.Collect$$rtentry$$0000000D)
    .ARM.Collect$$rtexit$$00000000           0x0800021a   Section        2  rtexit.o(.ARM.Collect$$rtexit$$00000000)
    .ARM.Collect$$rtexit$$00000002           0x0800021c   Section        0  rtexit2.o(.ARM.Collect$$rtexit$$00000002)
    .ARM.Collect$$rtexit$$00000003           0x0800021c   Section        4  rtexit2.o(.ARM.Collect$$rtexit$$00000003)
    .ARM.Collect$$rtexit$$00000004           0x08000220   Section        6  rtexit2.o(.ARM.Collect$$rtexit$$00000004)
    .text                                    0x08000228   Section       64  startup_stm32f40xx.o(.text)
    $v0                                      0x08000228   Number         0  startup_stm32f40xx.o(.text)
    .text                                    0x08000268   Section        2  use_no_semi_2.o(.text)
    .text                                    0x0800026a   Section       68  rt_memclr.o(.text)
    .text                                    0x080002ae   Section       78  rt_memclr_w.o(.text)
    .text                                    0x080002fc   Section        0  heapauxi.o(.text)
    .text                                    0x08000302   Section        2  use_no_semi.o(.text)
    .text                                    0x08000304   Section       74  sys_stackheap_outer.o(.text)
    .text                                    0x0800034e   Section        0  exit.o(.text)
    .text                                    0x0800035c   Section        8  libspace.o(.text)
    i.ADC_Cmd                                0x08000364   Section        0  stm32f4xx_adc.o(i.ADC_Cmd)
    i.ADC_CommonInit                         0x0800037c   Section        0  stm32f4xx_adc.o(i.ADC_CommonInit)
    i.ADC_Config                             0x080003ac   Section        0  ad.o(i.ADC_Config)
    ADC_Config                               0x080003ad   Thumb Code   412  ad.o(i.ADC_Config)
    i.ADC_DMACmd                             0x08000568   Section        0  stm32f4xx_adc.o(i.ADC_DMACmd)
    i.ADC_DMARequestAfterLastTransferCmd     0x0800057e   Section        0  stm32f4xx_adc.o(i.ADC_DMARequestAfterLastTransferCmd)
    i.ADC_Init                               0x08000594   Section        0  stm32f4xx_adc.o(i.ADC_Init)
    i.ADC_Init_All                           0x080005e8   Section        0  ad.o(i.ADC_Init_All)
    i.ADC_RegularChannelConfig               0x08000604   Section        0  stm32f4xx_adc.o(i.ADC_RegularChannelConfig)
    i.ADC_SoftwareStartConv                  0x080006bc   Section        0  stm32f4xx_adc.o(i.ADC_SoftwareStartConv)
    i.BusFault_Handler                       0x080006c6   Section        0  stm32f4xx_it.o(i.BusFault_Handler)
    i.DAC_Ch2_TriangleConfig                 0x080006ca   Section        0  da.o(i.DAC_Ch2_TriangleConfig)
    i.DAC_Cmd                                0x080006fc   Section        0  stm32f4xx_dac.o(i.DAC_Cmd)
    i.DAC_Init                               0x08000724   Section        0  stm32f4xx_dac.o(i.DAC_Init)
    i.DAC_Init_ALL                           0x08000758   Section        0  da.o(i.DAC_Init_ALL)
    i.DAC_Init_IO                            0x08000764   Section        0  da.o(i.DAC_Init_IO)
    DAC_Init_IO                              0x08000765   Thumb Code    40  da.o(i.DAC_Init_IO)
    i.DAC_SetChannel2Data                    0x08000794   Section        0  stm32f4xx_dac.o(i.DAC_SetChannel2Data)
    i.DMA_Cmd                                0x080007b4   Section        0  stm32f4xx_dma.o(i.DMA_Cmd)
    i.DMA_Init                               0x080007cc   Section        0  stm32f4xx_dma.o(i.DMA_Init)
    i.DebugMon_Handler                       0x08000824   Section        0  stm32f4xx_it.o(i.DebugMon_Handler)
    i.GPIO_Init                              0x08000826   Section        0  stm32f4xx_gpio.o(i.GPIO_Init)
    i.GPIO_PinAFConfig                       0x080008b6   Section        0  stm32f4xx_gpio.o(i.GPIO_PinAFConfig)
    i.GPIO_ResetBits                         0x080008fc   Section        0  stm32f4xx_gpio.o(i.GPIO_ResetBits)
    i.HardFault_Handler                      0x08000900   Section        0  stm32f4xx_it.o(i.HardFault_Handler)
    i.LED_Init                               0x08000904   Section        0  led_1.o(i.LED_Init)
    i.MemManage_Handler                      0x08000990   Section        0  stm32f4xx_it.o(i.MemManage_Handler)
    i.NMI_Handler                            0x08000994   Section        0  stm32f4xx_it.o(i.NMI_Handler)
    i.NVIC_Init                              0x08000998   Section        0  misc.o(i.NVIC_Init)
    i.NVIC_PriorityGroupConfig               0x08000a10   Section        0  misc.o(i.NVIC_PriorityGroupConfig)
    i.PendSV_Handler                         0x08000a24   Section        0  stm32f4xx_it.o(i.PendSV_Handler)
    i.RCC_AHB1PeriphClockCmd                 0x08000a28   Section        0  stm32f4xx_rcc.o(i.RCC_AHB1PeriphClockCmd)
    i.RCC_APB1PeriphClockCmd                 0x08000a48   Section        0  stm32f4xx_rcc.o(i.RCC_APB1PeriphClockCmd)
    i.RCC_APB2PeriphClockCmd                 0x08000a68   Section        0  stm32f4xx_rcc.o(i.RCC_APB2PeriphClockCmd)
    i.RCC_GetClocksFreq                      0x08000a88   Section        0  stm32f4xx_rcc.o(i.RCC_GetClocksFreq)
    i.SVC_Handler                            0x08000b70   Section        0  stm32f4xx_it.o(i.SVC_Handler)
    i.SetSysClock                            0x08000b74   Section        0  system_stm32f4xx.o(i.SetSysClock)
    SetSysClock                              0x08000b75   Thumb Code   220  system_stm32f4xx.o(i.SetSysClock)
    i.SysTick_CLKSourceConfig                0x08000c60   Section        0  misc.o(i.SysTick_CLKSourceConfig)
    i.SysTick_Handler                        0x08000c88   Section        0  delay.o(i.SysTick_Handler)
    i.SystemInit                             0x08000c90   Section        0  system_stm32f4xx.o(i.SystemInit)
    i.TIM6_Config                            0x08000cf8   Section        0  da.o(i.TIM6_Config)
    TIM6_Config                              0x08000cf9   Thumb Code    60  da.o(i.TIM6_Config)
    i.TIM_Cmd                                0x08000d38   Section        0  stm32f4xx_tim.o(i.TIM_Cmd)
    i.TIM_SelectOutputTrigger                0x08000d50   Section        0  stm32f4xx_tim.o(i.TIM_SelectOutputTrigger)
    i.TIM_TimeBaseInit                       0x08000d64   Section        0  stm32f4xx_tim.o(i.TIM_TimeBaseInit)
    i.TIM_TimeBaseStructInit                 0x08000de8   Section        0  stm32f4xx_tim.o(i.TIM_TimeBaseStructInit)
    i.USART1_IRQHandler                      0x08000dfc   Section        0  usart.o(i.USART1_IRQHandler)
    i.USART_ClearFlag                        0x08000ee4   Section        0  stm32f4xx_usart.o(i.USART_ClearFlag)
    i.USART_Cmd                              0x08000ef6   Section        0  stm32f4xx_usart.o(i.USART_Cmd)
    i.USART_Config                           0x08000f10   Section        0  usart.o(i.USART_Config)
    USART_Config                             0x08000f11   Thumb Code   210  usart.o(i.USART_Config)
    i.USART_GetITStatus                      0x08000fec   Section        0  stm32f4xx_usart.o(i.USART_GetITStatus)
    i.USART_ITConfig                         0x08001040   Section        0  stm32f4xx_usart.o(i.USART_ITConfig)
    i.USART_Init                             0x0800108c   Section        0  stm32f4xx_usart.o(i.USART_Init)
    i.USART_ReceiveData                      0x08001160   Section        0  stm32f4xx_usart.o(i.USART_ReceiveData)
    i.UsageFault_Handler                     0x0800116a   Section        0  stm32f4xx_it.o(i.UsageFault_Handler)
    i.Usart_Init_All                         0x0800116e   Section        0  usart.o(i.Usart_Init_All)
    i._sys_exit                              0x08001176   Section        0  usart.o(i._sys_exit)
    i.delay_init                             0x0800117c   Section        0  delay.o(i.delay_init)
    i.main                                   0x080011b8   Section        0  main.o(i.main)
    i.time_tick                              0x08001238   Section        0  delay.o(i.time_tick)
    x$fpl$fpinit                             0x08001274   Section       10  fpinit.o(x$fpl$fpinit)
    $v0                                      0x08001274   Number         0  fpinit.o(x$fpl$fpinit)
    .data                                    0x20000000   Section       20  system_stm32f4xx.o(.data)
    .data                                    0x20000014   Section        4  ad.o(.data)
    .data                                    0x20000018   Section        5  usart.o(.data)
    statu                                    0x2000001c   Data           1  usart.o(.data)
    .data                                    0x20000020   Section       16  delay.o(.data)
    fac_us                                   0x20000020   Data           1  delay.o(.data)
    fac_ms                                   0x20000022   Data           2  delay.o(.data)
    Time_tic_cnt                             0x2000002c   Data           4  delay.o(.data)
    .data                                    0x20000030   Section       16  stm32f4xx_rcc.o(.data)
    APBAHBPrescTable                         0x20000030   Data          16  stm32f4xx_rcc.o(.data)
    .bss                                     0x20000040   Section      516  usart.o(.bss)
    .bss                                     0x20000244   Section       96  libspace.o(.bss)
    HEAP                                     0x200002a8   Section      512  startup_stm32f40xx.o(HEAP)
    Heap_Mem                                 0x200002a8   Data         512  startup_stm32f40xx.o(HEAP)
    STACK                                    0x200004a8   Section     1024  startup_stm32f40xx.o(STACK)
    Stack_Mem                                0x200004a8   Data        1024  startup_stm32f40xx.o(STACK)
    __initial_sp                             0x200008a8   Data           0  startup_stm32f40xx.o(STACK)

    Global Symbols

    Symbol Name                              Value     Ov Type        Size  Object(Section)

    BuildAttributes$$THM_ISAv4$E$P$D$K$B$S$7EM$VFPi3$EXTD16$VFPS$VFMA$PE$A:L22UL41UL21$X:L11$S22US41US21$IEEE1$IW$USESV6$~STKCKD$USESV7$~SHL$OSPACE$ROPI$EBA8$UX$STANDARDLIB$REQ8$PRES8$EABIv2 0x00000000   Number         0  anon$$obj.o ABSOLUTE
    __ARM_use_no_argv                        0x00000000   Number         0  main.o ABSOLUTE
    __ARM_exceptions_init                     - Undefined Weak Reference
    __alloca_initialize                       - Undefined Weak Reference
    __arm_preinit_                            - Undefined Weak Reference
    __cpp_initialize__aeabi_                  - Undefined Weak Reference
    __cxa_finalize                            - Undefined Weak Reference
    __rt_locale                               - Undefined Weak Reference
    __sigvec_lookup                           - Undefined Weak Reference
    _atexit_init                              - Undefined Weak Reference
    _call_atexit_fns                          - Undefined Weak Reference
    _clock_init                               - Undefined Weak Reference
    _fp_trap_init                             - Undefined Weak Reference
    _fp_trap_shutdown                         - Undefined Weak Reference
    _get_lc_collate                           - Undefined Weak Reference
    _get_lc_ctype                             - Undefined Weak Reference
    _get_lc_monetary                          - Undefined Weak Reference
    _get_lc_numeric                           - Undefined Weak Reference
    _get_lc_time                              - Undefined Weak Reference
    _getenv_init                              - Undefined Weak Reference
    _handle_redirection                       - Undefined Weak Reference
    _init_alloc                               - Undefined Weak Reference
    _init_user_alloc                          - Undefined Weak Reference
    _initio                                   - Undefined Weak Reference
    _rand_init                                - Undefined Weak Reference
    _signal_finish                            - Undefined Weak Reference
    _signal_init                              - Undefined Weak Reference
    _terminate_alloc                          - Undefined Weak Reference
    _terminate_user_alloc                     - Undefined Weak Reference
    _terminateio                              - Undefined Weak Reference
    __Vectors_Size                           0x00000188   Number         0  startup_stm32f40xx.o ABSOLUTE
    __Vectors                                0x08000000   Data           4  startup_stm32f40xx.o(RESET)
    __Vectors_End                            0x08000188   Data           0  startup_stm32f40xx.o(RESET)
    __main                                   0x08000189   Thumb Code     8  __main.o(!!!main)
    __scatterload                            0x08000191   Thumb Code     0  __scatter.o(!!!scatter)
    __scatterload_rt2                        0x08000191   Thumb Code    44  __scatter.o(!!!scatter)
    __scatterload_rt2_thumb_only             0x08000191   Thumb Code     0  __scatter.o(!!!scatter)
    __scatterload_null                       0x0800019f   Thumb Code     0  __scatter.o(!!!scatter)
    __scatterload_copy                       0x080001c5   Thumb Code    26  __scatter_copy.o(!!handler_copy)
    __scatterload_zeroinit                   0x080001e1   Thumb Code    28  __scatter_zi.o(!!handler_zi)
    __rt_lib_init                            0x080001fd   Thumb Code     0  libinit.o(.ARM.Collect$$libinit$$00000000)
    __rt_lib_init_fp_1                       0x080001ff   Thumb Code     0  libinit2.o(.ARM.Collect$$libinit$$00000001)
    __rt_lib_init_alloca_1                   0x08000203   Thumb Code     0  libinit2.o(.ARM.Collect$$libinit$$0000002E)
    __rt_lib_init_argv_1                     0x08000203   Thumb Code     0  libinit2.o(.ARM.Collect$$libinit$$0000002C)
    __rt_lib_init_atexit_1                   0x08000203   Thumb Code     0  libinit2.o(.ARM.Collect$$libinit$$0000001B)
    __rt_lib_init_clock_1                    0x08000203   Thumb Code     0  libinit2.o(.ARM.Collect$$libinit$$00000021)
    __rt_lib_init_cpp_1                      0x08000203   Thumb Code     0  libinit2.o(.ARM.Collect$$libinit$$00000032)
    __rt_lib_init_exceptions_1               0x08000203   Thumb Code     0  libinit2.o(.ARM.Collect$$libinit$$00000030)
    __rt_lib_init_fp_trap_1                  0x08000203   Thumb Code     0  libinit2.o(.ARM.Collect$$libinit$$0000001F)
    __rt_lib_init_getenv_1                   0x08000203   Thumb Code     0  libinit2.o(.ARM.Collect$$libinit$$00000023)
    __rt_lib_init_heap_1                     0x08000203   Thumb Code     0  libinit2.o(.ARM.Collect$$libinit$$0000000A)
    __rt_lib_init_lc_collate_1               0x08000203   Thumb Code     0  libinit2.o(.ARM.Collect$$libinit$$00000011)
    __rt_lib_init_lc_ctype_1                 0x08000203   Thumb Code     0  libinit2.o(.ARM.Collect$$libinit$$00000013)
    __rt_lib_init_lc_monetary_1              0x08000203   Thumb Code     0  libinit2.o(.ARM.Collect$$libinit$$00000015)
    __rt_lib_init_lc_numeric_1               0x08000203   Thumb Code     0  libinit2.o(.ARM.Collect$$libinit$$00000017)
    __rt_lib_init_lc_time_1                  0x08000203   Thumb Code     0  libinit2.o(.ARM.Collect$$libinit$$00000019)
    __rt_lib_init_preinit_1                  0x08000203   Thumb Code     0  libinit2.o(.ARM.Collect$$libinit$$00000004)
    __rt_lib_init_rand_1                     0x08000203   Thumb Code     0  libinit2.o(.ARM.Collect$$libinit$$0000000E)
    __rt_lib_init_return                     0x08000203   Thumb Code     0  libinit2.o(.ARM.Collect$$libinit$$00000033)
    __rt_lib_init_signal_1                   0x08000203   Thumb Code     0  libinit2.o(.ARM.Collect$$libinit$$0000001D)
    __rt_lib_init_stdio_1                    0x08000203   Thumb Code     0  libinit2.o(.ARM.Collect$$libinit$$00000025)
    __rt_lib_init_user_alloc_1               0x08000203   Thumb Code     0  libinit2.o(.ARM.Collect$$libinit$$0000000C)
    __rt_lib_shutdown                        0x08000205   Thumb Code     0  libshutdown.o(.ARM.Collect$$libshutdown$$00000000)
    __rt_lib_shutdown_fp_trap_1              0x08000207   Thumb Code     0  libshutdown2.o(.ARM.Collect$$libshutdown$$00000006)
    __rt_lib_shutdown_heap_1                 0x08000207   Thumb Code     0  libshutdown2.o(.ARM.Collect$$libshutdown$$0000000E)
    __rt_lib_shutdown_return                 0x08000207   Thumb Code     0  libshutdown2.o(.ARM.Collect$$libshutdown$$0000000F)
    __rt_lib_shutdown_signal_1               0x08000207   Thumb Code     0  libshutdown2.o(.ARM.Collect$$libshutdown$$00000009)
    __rt_lib_shutdown_stdio_1                0x08000207   Thumb Code     0  libshutdown2.o(.ARM.Collect$$libshutdown$$00000003)
    __rt_lib_shutdown_user_alloc_1           0x08000207   Thumb Code     0  libshutdown2.o(.ARM.Collect$$libshutdown$$0000000B)
    __rt_entry                               0x08000209   Thumb Code     0  __rtentry.o(.ARM.Collect$$rtentry$$00000000)
    __rt_entry_presh_1                       0x08000209   Thumb Code     0  __rtentry2.o(.ARM.Collect$$rtentry$$00000002)
    __rt_entry_sh                            0x08000209   Thumb Code     0  __rtentry4.o(.ARM.Collect$$rtentry$$00000004)
    __rt_entry_li                            0x0800020f   Thumb Code     0  __rtentry2.o(.ARM.Collect$$rtentry$$0000000A)
    __rt_entry_postsh_1                      0x0800020f   Thumb Code     0  __rtentry2.o(.ARM.Collect$$rtentry$$00000009)
    __rt_entry_main                          0x08000213   Thumb Code     0  __rtentry2.o(.ARM.Collect$$rtentry$$0000000D)
    __rt_entry_postli_1                      0x08000213   Thumb Code     0  __rtentry2.o(.ARM.Collect$$rtentry$$0000000C)
    __rt_exit                                0x0800021b   Thumb Code     0  rtexit.o(.ARM.Collect$$rtexit$$00000000)
    __rt_exit_ls                             0x0800021d   Thumb Code     0  rtexit2.o(.ARM.Collect$$rtexit$$00000003)
    __rt_exit_prels_1                        0x0800021d   Thumb Code     0  rtexit2.o(.ARM.Collect$$rtexit$$00000002)
    __rt_exit_exit                           0x08000221   Thumb Code     0  rtexit2.o(.ARM.Collect$$rtexit$$00000004)
    Reset_Handler                            0x08000229   Thumb Code     8  startup_stm32f40xx.o(.text)
    ADC_IRQHandler                           0x08000243   Thumb Code     0  startup_stm32f40xx.o(.text)
    CAN1_RX0_IRQHandler                      0x08000243   Thumb Code     0  startup_stm32f40xx.o(.text)
    CAN1_RX1_IRQHandler                      0x08000243   Thumb Code     0  startup_stm32f40xx.o(.text)
    CAN1_SCE_IRQHandler                      0x08000243   Thumb Code     0  startup_stm32f40xx.o(.text)
    CAN1_TX_IRQHandler                       0x08000243   Thumb Code     0  startup_stm32f40xx.o(.text)
    CAN2_RX0_IRQHandler                      0x08000243   Thumb Code     0  startup_stm32f40xx.o(.text)
    CAN2_RX1_IRQHandler                      0x08000243   Thumb Code     0  startup_stm32f40xx.o(.text)
    CAN2_SCE_IRQHandler                      0x08000243   Thumb Code     0  startup_stm32f40xx.o(.text)
    CAN2_TX_IRQHandler                       0x08000243   Thumb Code     0  startup_stm32f40xx.o(.text)
    CRYP_IRQHandler                          0x08000243   Thumb Code     0  startup_stm32f40xx.o(.text)
    DCMI_IRQHandler                          0x08000243   Thumb Code     0  startup_stm32f40xx.o(.text)
    DMA1_Stream0_IRQHandler                  0x08000243   Thumb Code     0  startup_stm32f40xx.o(.text)
    DMA1_Stream1_IRQHandler                  0x08000243   Thumb Code     0  startup_stm32f40xx.o(.text)
    DMA1_Stream2_IRQHandler                  0x08000243   Thumb Code     0  startup_stm32f40xx.o(.text)
    DMA1_Stream3_IRQHandler                  0x08000243   Thumb Code     0  startup_stm32f40xx.o(.text)
    DMA1_Stream4_IRQHandler                  0x08000243   Thumb Code     0  startup_stm32f40xx.o(.text)
    DMA1_Stream5_IRQHandler                  0x08000243   Thumb Code     0  startup_stm32f40xx.o(.text)
    DMA1_Stream6_IRQHandler                  0x08000243   Thumb Code     0  startup_stm32f40xx.o(.text)
    DMA1_Stream7_IRQHandler                  0x08000243   Thumb Code     0  startup_stm32f40xx.o(.text)
    DMA2_Stream0_IRQHandler                  0x08000243   Thumb Code     0  startup_stm32f40xx.o(.text)
    DMA2_Stream1_IRQHandler                  0x08000243   Thumb Code     0  startup_stm32f40xx.o(.text)
    DMA2_Stream2_IRQHandler                  0x08000243   Thumb Code     0  startup_stm32f40xx.o(.text)
    DMA2_Stream3_IRQHandler                  0x08000243   Thumb Code     0  startup_stm32f40xx.o(.text)
    DMA2_Stream4_IRQHandler                  0x08000243   Thumb Code     0  startup_stm32f40xx.o(.text)
    DMA2_Stream5_IRQHandler                  0x08000243   Thumb Code     0  startup_stm32f40xx.o(.text)
    DMA2_Stream6_IRQHandler                  0x08000243   Thumb Code     0  startup_stm32f40xx.o(.text)
    DMA2_Stream7_IRQHandler                  0x08000243   Thumb Code     0  startup_stm32f40xx.o(.text)
    ETH_IRQHandler                           0x08000243   Thumb Code     0  startup_stm32f40xx.o(.text)
    ETH_WKUP_IRQHandler                      0x08000243   Thumb Code     0  startup_stm32f40xx.o(.text)
    EXTI0_IRQHandler                         0x08000243   Thumb Code     0  startup_stm32f40xx.o(.text)
    EXTI15_10_IRQHandler                     0x08000243   Thumb Code     0  startup_stm32f40xx.o(.text)
    EXTI1_IRQHandler                         0x08000243   Thumb Code     0  startup_stm32f40xx.o(.text)
    EXTI2_IRQHandler                         0x08000243   Thumb Code     0  startup_stm32f40xx.o(.text)
    EXTI3_IRQHandler                         0x08000243   Thumb Code     0  startup_stm32f40xx.o(.text)
    EXTI4_IRQHandler                         0x08000243   Thumb Code     0  startup_stm32f40xx.o(.text)
    EXTI9_5_IRQHandler                       0x08000243   Thumb Code     0  startup_stm32f40xx.o(.text)
    FLASH_IRQHandler                         0x08000243   Thumb Code     0  startup_stm32f40xx.o(.text)
    FPU_IRQHandler                           0x08000243   Thumb Code     0  startup_stm32f40xx.o(.text)
    FSMC_IRQHandler                          0x08000243   Thumb Code     0  startup_stm32f40xx.o(.text)
    HASH_RNG_IRQHandler                      0x08000243   Thumb Code     0  startup_stm32f40xx.o(.text)
    I2C1_ER_IRQHandler                       0x08000243   Thumb Code     0  startup_stm32f40xx.o(.text)
    I2C1_EV_IRQHandler                       0x08000243   Thumb Code     0  startup_stm32f40xx.o(.text)
    I2C2_ER_IRQHandler                       0x08000243   Thumb Code     0  startup_stm32f40xx.o(.text)
    I2C2_EV_IRQHandler                       0x08000243   Thumb Code     0  startup_stm32f40xx.o(.text)
    I2C3_ER_IRQHandler                       0x08000243   Thumb Code     0  startup_stm32f40xx.o(.text)
    I2C3_EV_IRQHandler                       0x08000243   Thumb Code     0  startup_stm32f40xx.o(.text)
    OTG_FS_IRQHandler                        0x08000243   Thumb Code     0  startup_stm32f40xx.o(.text)
    OTG_FS_WKUP_IRQHandler                   0x08000243   Thumb Code     0  startup_stm32f40xx.o(.text)
    OTG_HS_EP1_IN_IRQHandler                 0x08000243   Thumb Code     0  startup_stm32f40xx.o(.text)
    OTG_HS_EP1_OUT_IRQHandler                0x08000243   Thumb Code     0  startup_stm32f40xx.o(.text)
    OTG_HS_IRQHandler                        0x08000243   Thumb Code     0  startup_stm32f40xx.o(.text)
    OTG_HS_WKUP_IRQHandler                   0x08000243   Thumb Code     0  startup_stm32f40xx.o(.text)
    PVD_IRQHandler                           0x08000243   Thumb Code     0  startup_stm32f40xx.o(.text)
    RCC_IRQHandler                           0x08000243   Thumb Code     0  startup_stm32f40xx.o(.text)
    RTC_Alarm_IRQHandler                     0x08000243   Thumb Code     0  startup_stm32f40xx.o(.text)
    RTC_WKUP_IRQHandler                      0x08000243   Thumb Code     0  startup_stm32f40xx.o(.text)
    SDIO_IRQHandler                          0x08000243   Thumb Code     0  startup_stm32f40xx.o(.text)
    SPI1_IRQHandler                          0x08000243   Thumb Code     0  startup_stm32f40xx.o(.text)
    SPI2_IRQHandler                          0x08000243   Thumb Code     0  startup_stm32f40xx.o(.text)
    SPI3_IRQHandler                          0x08000243   Thumb Code     0  startup_stm32f40xx.o(.text)
    TAMP_STAMP_IRQHandler                    0x08000243   Thumb Code     0  startup_stm32f40xx.o(.text)
    TIM1_BRK_TIM9_IRQHandler                 0x08000243   Thumb Code     0  startup_stm32f40xx.o(.text)
    TIM1_CC_IRQHandler                       0x08000243   Thumb Code     0  startup_stm32f40xx.o(.text)
    TIM1_TRG_COM_TIM11_IRQHandler            0x08000243   Thumb Code     0  startup_stm32f40xx.o(.text)
    TIM1_UP_TIM10_IRQHandler                 0x08000243   Thumb Code     0  startup_stm32f40xx.o(.text)
    TIM2_IRQHandler                          0x08000243   Thumb Code     0  startup_stm32f40xx.o(.text)
    TIM3_IRQHandler                          0x08000243   Thumb Code     0  startup_stm32f40xx.o(.text)
    TIM4_IRQHandler                          0x08000243   Thumb Code     0  startup_stm32f40xx.o(.text)
    TIM5_IRQHandler                          0x08000243   Thumb Code     0  startup_stm32f40xx.o(.text)
    TIM6_DAC_IRQHandler                      0x08000243   Thumb Code     0  startup_stm32f40xx.o(.text)
    TIM7_IRQHandler                          0x08000243   Thumb Code     0  startup_stm32f40xx.o(.text)
    TIM8_BRK_TIM12_IRQHandler                0x08000243   Thumb Code     0  startup_stm32f40xx.o(.text)
    TIM8_CC_IRQHandler                       0x08000243   Thumb Code     0  startup_stm32f40xx.o(.text)
    TIM8_TRG_COM_TIM14_IRQHandler            0x08000243   Thumb Code     0  startup_stm32f40xx.o(.text)
    TIM8_UP_TIM13_IRQHandler                 0x08000243   Thumb Code     0  startup_stm32f40xx.o(.text)
    UART4_IRQHandler                         0x08000243   Thumb Code     0  startup_stm32f40xx.o(.text)
    UART5_IRQHandler                         0x08000243   Thumb Code     0  startup_stm32f40xx.o(.text)
    USART2_IRQHandler                        0x08000243   Thumb Code     0  startup_stm32f40xx.o(.text)
    USART3_IRQHandler                        0x08000243   Thumb Code     0  startup_stm32f40xx.o(.text)
    USART6_IRQHandler                        0x08000243   Thumb Code     0  startup_stm32f40xx.o(.text)
    WWDG_IRQHandler                          0x08000243   Thumb Code     0  startup_stm32f40xx.o(.text)
    __user_initial_stackheap                 0x08000245   Thumb Code     0  startup_stm32f40xx.o(.text)
    __use_no_semihosting                     0x08000269   Thumb Code     2  use_no_semi_2.o(.text)
    __aeabi_memclr                           0x0800026b   Thumb Code     0  rt_memclr.o(.text)
    __rt_memclr                              0x0800026b   Thumb Code    68  rt_memclr.o(.text)
    _memset                                  0x0800026f   Thumb Code     0  rt_memclr.o(.text)
    __aeabi_memclr4                          0x080002af   Thumb Code     0  rt_memclr_w.o(.text)
    __aeabi_memclr8                          0x080002af   Thumb Code     0  rt_memclr_w.o(.text)
    __rt_memclr_w                            0x080002af   Thumb Code    78  rt_memclr_w.o(.text)
    _memset_w                                0x080002b3   Thumb Code     0  rt_memclr_w.o(.text)
    __use_two_region_memory                  0x080002fd   Thumb Code     2  heapauxi.o(.text)
    __rt_heap_escrow$2region                 0x080002ff   Thumb Code     2  heapauxi.o(.text)
    __rt_heap_expand$2region                 0x08000301   Thumb Code     2  heapauxi.o(.text)
    __I$use$semihosting                      0x08000303   Thumb Code     0  use_no_semi.o(.text)
    __use_no_semihosting_swi                 0x08000303   Thumb Code     2  use_no_semi.o(.text)
    __user_setup_stackheap                   0x08000305   Thumb Code    74  sys_stackheap_outer.o(.text)
    exit                                     0x0800034f   Thumb Code    12  exit.o(.text)
    __user_libspace                          0x0800035d   Thumb Code     8  libspace.o(.text)
    __user_perproc_libspace                  0x0800035d   Thumb Code     0  libspace.o(.text)
    __user_perthread_libspace                0x0800035d   Thumb Code     0  libspace.o(.text)
    ADC_Cmd                                  0x08000365   Thumb Code    22  stm32f4xx_adc.o(i.ADC_Cmd)
    ADC_CommonInit                           0x0800037d   Thumb Code    34  stm32f4xx_adc.o(i.ADC_CommonInit)
    ADC_DMACmd                               0x08000569   Thumb Code    22  stm32f4xx_adc.o(i.ADC_DMACmd)
    ADC_DMARequestAfterLastTransferCmd       0x0800057f   Thumb Code    22  stm32f4xx_adc.o(i.ADC_DMARequestAfterLastTransferCmd)
    ADC_Init                                 0x08000595   Thumb Code    74  stm32f4xx_adc.o(i.ADC_Init)
    ADC_Init_All                             0x080005e9   Thumb Code    20  ad.o(i.ADC_Init_All)
    ADC_RegularChannelConfig                 0x08000605   Thumb Code   184  stm32f4xx_adc.o(i.ADC_RegularChannelConfig)
    ADC_SoftwareStartConv                    0x080006bd   Thumb Code    10  stm32f4xx_adc.o(i.ADC_SoftwareStartConv)
    BusFault_Handler                         0x080006c7   Thumb Code     4  stm32f4xx_it.o(i.BusFault_Handler)
    DAC_Ch2_TriangleConfig                   0x080006cb   Thumb Code    48  da.o(i.DAC_Ch2_TriangleConfig)
    DAC_Cmd                                  0x080006fd   Thumb Code    34  stm32f4xx_dac.o(i.DAC_Cmd)
    DAC_Init                                 0x08000725   Thumb Code    46  stm32f4xx_dac.o(i.DAC_Init)
    DAC_Init_ALL                             0x08000759   Thumb Code    12  da.o(i.DAC_Init_ALL)
    DAC_SetChannel2Data                      0x08000795   Thumb Code    26  stm32f4xx_dac.o(i.DAC_SetChannel2Data)
    DMA_Cmd                                  0x080007b5   Thumb Code    22  stm32f4xx_dma.o(i.DMA_Cmd)
    DMA_Init                                 0x080007cd   Thumb Code    82  stm32f4xx_dma.o(i.DMA_Init)
    DebugMon_Handler                         0x08000825   Thumb Code     2  stm32f4xx_it.o(i.DebugMon_Handler)
    GPIO_Init                                0x08000827   Thumb Code   144  stm32f4xx_gpio.o(i.GPIO_Init)
    GPIO_PinAFConfig                         0x080008b7   Thumb Code    70  stm32f4xx_gpio.o(i.GPIO_PinAFConfig)
    GPIO_ResetBits                           0x080008fd   Thumb Code     4  stm32f4xx_gpio.o(i.GPIO_ResetBits)
    HardFault_Handler                        0x08000901   Thumb Code     4  stm32f4xx_it.o(i.HardFault_Handler)
    LED_Init                                 0x08000905   Thumb Code   136  led_1.o(i.LED_Init)
    MemManage_Handler                        0x08000991   Thumb Code     4  stm32f4xx_it.o(i.MemManage_Handler)
    NMI_Handler                              0x08000995   Thumb Code     2  stm32f4xx_it.o(i.NMI_Handler)
    NVIC_Init                                0x08000999   Thumb Code   106  misc.o(i.NVIC_Init)
    NVIC_PriorityGroupConfig                 0x08000a11   Thumb Code    10  misc.o(i.NVIC_PriorityGroupConfig)
    PendSV_Handler                           0x08000a25   Thumb Code     2  stm32f4xx_it.o(i.PendSV_Handler)
    RCC_AHB1PeriphClockCmd                   0x08000a29   Thumb Code    26  stm32f4xx_rcc.o(i.RCC_AHB1PeriphClockCmd)
    RCC_APB1PeriphClockCmd                   0x08000a49   Thumb Code    26  stm32f4xx_rcc.o(i.RCC_APB1PeriphClockCmd)
    RCC_APB2PeriphClockCmd                   0x08000a69   Thumb Code    26  stm32f4xx_rcc.o(i.RCC_APB2PeriphClockCmd)
    RCC_GetClocksFreq                        0x08000a89   Thumb Code   214  stm32f4xx_rcc.o(i.RCC_GetClocksFreq)
    SVC_Handler                              0x08000b71   Thumb Code     2  stm32f4xx_it.o(i.SVC_Handler)
    SysTick_CLKSourceConfig                  0x08000c61   Thumb Code    40  misc.o(i.SysTick_CLKSourceConfig)
    SysTick_Handler                          0x08000c89   Thumb Code     8  delay.o(i.SysTick_Handler)
    SystemInit                               0x08000c91   Thumb Code    88  system_stm32f4xx.o(i.SystemInit)
    TIM_Cmd                                  0x08000d39   Thumb Code    24  stm32f4xx_tim.o(i.TIM_Cmd)
    TIM_SelectOutputTrigger                  0x08000d51   Thumb Code    18  stm32f4xx_tim.o(i.TIM_SelectOutputTrigger)
    TIM_TimeBaseInit                         0x08000d65   Thumb Code   104  stm32f4xx_tim.o(i.TIM_TimeBaseInit)
    TIM_TimeBaseStructInit                   0x08000de9   Thumb Code    18  stm32f4xx_tim.o(i.TIM_TimeBaseStructInit)
    USART1_IRQHandler                        0x08000dfd   Thumb Code   218  usart.o(i.USART1_IRQHandler)
    USART_ClearFlag                          0x08000ee5   Thumb Code    18  stm32f4xx_usart.o(i.USART_ClearFlag)
    USART_Cmd                                0x08000ef7   Thumb Code    24  stm32f4xx_usart.o(i.USART_Cmd)
    USART_GetITStatus                        0x08000fed   Thumb Code    84  stm32f4xx_usart.o(i.USART_GetITStatus)
    USART_ITConfig                           0x08001041   Thumb Code    74  stm32f4xx_usart.o(i.USART_ITConfig)
    USART_Init                               0x0800108d   Thumb Code   204  stm32f4xx_usart.o(i.USART_Init)
    USART_ReceiveData                        0x08001161   Thumb Code    10  stm32f4xx_usart.o(i.USART_ReceiveData)
    UsageFault_Handler                       0x0800116b   Thumb Code     4  stm32f4xx_it.o(i.UsageFault_Handler)
    Usart_Init_All                           0x0800116f   Thumb Code     8  usart.o(i.Usart_Init_All)
    _sys_exit                                0x08001177   Thumb Code     6  usart.o(i._sys_exit)
    delay_init                               0x0800117d   Thumb Code    52  delay.o(i.delay_init)
    main                                     0x080011b9   Thumb Code   116  main.o(i.main)
    time_tick                                0x08001239   Thumb Code    44  delay.o(i.time_tick)
    _fp_init                                 0x08001275   Thumb Code    10  fpinit.o(x$fpl$fpinit)
    __fplib_config_fpu_vfp                   0x0800127d   Thumb Code     0  fpinit.o(x$fpl$fpinit)
    __fplib_config_pureend_doubles           0x0800127d   Thumb Code     0  fpinit.o(x$fpl$fpinit)
    Region$$Table$$Base                      0x08001280   Number         0  anon$$obj.o(Region$$Table)
    Region$$Table$$Limit                     0x080012a0   Number         0  anon$$obj.o(Region$$Table)
    SystemCoreClock                          0x20000000   Data           4  system_stm32f4xx.o(.data)
    AHBPrescTable                            0x20000004   Data          16  system_stm32f4xx.o(.data)
    uhADCxConvertedValue_1                   0x20000014   Data           2  ad.o(.data)
    uhADCxConvertedValue_2                   0x20000016   Data           2  ad.o(.data)
    __stdout                                 0x20000018   Data           4  usart.o(.data)
    Time_statr_flag                          0x20000024   Data           1  delay.o(.data)
    Time_out_flag                            0x20000025   Data           1  delay.o(.data)
    Time_wait_cnt                            0x20000028   Data           4  delay.o(.data)
    USART1_MESSG                             0x20000040   Data         516  usart.o(.bss)
    __libspace_start                         0x20000244   Data          96  libspace.o(.bss)
    __temporary_stack_top$libspace           0x200002a4   Data           0  libspace.o(.bss)



==============================================================================

Memory Map of the image

  Image Entry point : 0x08000189

  Load Region LR_IROM1 (Base: 0x08000000, Size: 0x000012e0, Max: 0x00100000, ABSOLUTE)

    Execution Region ER_IROM1 (Base: 0x08000000, Size: 0x000012a0, Max: 0x00100000, ABSOLUTE)

    Base Addr    Size         Type   Attr      Idx    E Section Name        Object

    0x08000000   0x00000188   Data   RO          220    RESET               startup_stm32f40xx.o
    0x08000188   0x00000008   Code   RO        12256  * !!!main             c_w.l(__main.o)
    0x08000190   0x00000034   Code   RO        12455    !!!scatter          c_w.l(__scatter.o)
    0x080001c4   0x0000001a   Code   RO        12457    !!handler_copy      c_w.l(__scatter_copy.o)
    0x080001de   0x00000002   PAD
    0x080001e0   0x0000001c   Code   RO        12459    !!handler_zi        c_w.l(__scatter_zi.o)
    0x080001fc   0x00000002   Code   RO        12326    .ARM.Collect$$libinit$$00000000  c_w.l(libinit.o)
    0x080001fe   0x00000004   Code   RO        12336    .ARM.Collect$$libinit$$00000001  c_w.l(libinit2.o)
    0x08000202   0x00000000   Code   RO        12339    .ARM.Collect$$libinit$$00000004  c_w.l(libinit2.o)
    0x08000202   0x00000000   Code   RO        12342    .ARM.Collect$$libinit$$0000000A  c_w.l(libinit2.o)
    0x08000202   0x00000000   Code   RO        12344    .ARM.Collect$$libinit$$0000000C  c_w.l(libinit2.o)
    0x08000202   0x00000000   Code   RO        12346    .ARM.Collect$$libinit$$0000000E  c_w.l(libinit2.o)
    0x08000202   0x00000000   Code   RO        12349    .ARM.Collect$$libinit$$00000011  c_w.l(libinit2.o)
    0x08000202   0x00000000   Code   RO        12351    .ARM.Collect$$libinit$$00000013  c_w.l(libinit2.o)
    0x08000202   0x00000000   Code   RO        12353    .ARM.Collect$$libinit$$00000015  c_w.l(libinit2.o)
    0x08000202   0x00000000   Code   RO        12355    .ARM.Collect$$libinit$$00000017  c_w.l(libinit2.o)
    0x08000202   0x00000000   Code   RO        12357    .ARM.Collect$$libinit$$00000019  c_w.l(libinit2.o)
    0x08000202   0x00000000   Code   RO        12359    .ARM.Collect$$libinit$$0000001B  c_w.l(libinit2.o)
    0x08000202   0x00000000   Code   RO        12361    .ARM.Collect$$libinit$$0000001D  c_w.l(libinit2.o)
    0x08000202   0x00000000   Code   RO        12363    .ARM.Collect$$libinit$$0000001F  c_w.l(libinit2.o)
    0x08000202   0x00000000   Code   RO        12365    .ARM.Collect$$libinit$$00000021  c_w.l(libinit2.o)
    0x08000202   0x00000000   Code   RO        12367    .ARM.Collect$$libinit$$00000023  c_w.l(libinit2.o)
    0x08000202   0x00000000   Code   RO        12369    .ARM.Collect$$libinit$$00000025  c_w.l(libinit2.o)
    0x08000202   0x00000000   Code   RO        12373    .ARM.Collect$$libinit$$0000002C  c_w.l(libinit2.o)
    0x08000202   0x00000000   Code   RO        12375    .ARM.Collect$$libinit$$0000002E  c_w.l(libinit2.o)
    0x08000202   0x00000000   Code   RO        12377    .ARM.Collect$$libinit$$00000030  c_w.l(libinit2.o)
    0x08000202   0x00000000   Code   RO        12379    .ARM.Collect$$libinit$$00000032  c_w.l(libinit2.o)
    0x08000202   0x00000002   Code   RO        12380    .ARM.Collect$$libinit$$00000033  c_w.l(libinit2.o)
    0x08000204   0x00000002   Code   RO        12408    .ARM.Collect$$libshutdown$$00000000  c_w.l(libshutdown.o)
    0x08000206   0x00000000   Code   RO        12423    .ARM.Collect$$libshutdown$$00000003  c_w.l(libshutdown2.o)
    0x08000206   0x00000000   Code   RO        12426    .ARM.Collect$$libshutdown$$00000006  c_w.l(libshutdown2.o)
    0x08000206   0x00000000   Code   RO        12429    .ARM.Collect$$libshutdown$$00000009  c_w.l(libshutdown2.o)
    0x08000206   0x00000000   Code   RO        12431    .ARM.Collect$$libshutdown$$0000000B  c_w.l(libshutdown2.o)
    0x08000206   0x00000000   Code   RO        12434    .ARM.Collect$$libshutdown$$0000000E  c_w.l(libshutdown2.o)
    0x08000206   0x00000002   Code   RO        12435    .ARM.Collect$$libshutdown$$0000000F  c_w.l(libshutdown2.o)
    0x08000208   0x00000000   Code   RO        12282    .ARM.Collect$$rtentry$$00000000  c_w.l(__rtentry.o)
    0x08000208   0x00000000   Code   RO        12297    .ARM.Collect$$rtentry$$00000002  c_w.l(__rtentry2.o)
    0x08000208   0x00000006   Code   RO        12309    .ARM.Collect$$rtentry$$00000004  c_w.l(__rtentry4.o)
    0x0800020e   0x00000000   Code   RO        12299    .ARM.Collect$$rtentry$$00000009  c_w.l(__rtentry2.o)
    0x0800020e   0x00000004   Code   RO        12300    .ARM.Collect$$rtentry$$0000000A  c_w.l(__rtentry2.o)
    0x08000212   0x00000000   Code   RO        12302    .ARM.Collect$$rtentry$$0000000C  c_w.l(__rtentry2.o)
    0x08000212   0x00000008   Code   RO        12303    .ARM.Collect$$rtentry$$0000000D  c_w.l(__rtentry2.o)
    0x0800021a   0x00000002   Code   RO        12330    .ARM.Collect$$rtexit$$00000000  c_w.l(rtexit.o)
    0x0800021c   0x00000000   Code   RO        12382    .ARM.Collect$$rtexit$$00000002  c_w.l(rtexit2.o)
    0x0800021c   0x00000004   Code   RO        12383    .ARM.Collect$$rtexit$$00000003  c_w.l(rtexit2.o)
    0x08000220   0x00000006   Code   RO        12384    .ARM.Collect$$rtexit$$00000004  c_w.l(rtexit2.o)
    0x08000226   0x00000002   PAD
    0x08000228   0x00000040   Code   RO          221    .text               startup_stm32f40xx.o
    0x08000268   0x00000002   Code   RO        12242    .text               c_w.l(use_no_semi_2.o)
    0x0800026a   0x00000044   Code   RO        12250    .text               c_w.l(rt_memclr.o)
    0x080002ae   0x0000004e   Code   RO        12252    .text               c_w.l(rt_memclr_w.o)
    0x080002fc   0x00000006   Code   RO        12254    .text               c_w.l(heapauxi.o)
    0x08000302   0x00000002   Code   RO        12280    .text               c_w.l(use_no_semi.o)
    0x08000304   0x0000004a   Code   RO        12315    .text               c_w.l(sys_stackheap_outer.o)
    0x0800034e   0x0000000c   Code   RO        12319    .text               c_w.l(exit.o)
    0x0800035a   0x00000002   PAD
    0x0800035c   0x00000008   Code   RO        12327    .text               c_w.l(libspace.o)
    0x08000364   0x00000016   Code   RO          578    i.ADC_Cmd           stm32f4xx_adc.o
    0x0800037a   0x00000002   PAD
    0x0800037c   0x00000030   Code   RO          579    i.ADC_CommonInit    stm32f4xx_adc.o
    0x080003ac   0x000001bc   Code   RO          228    i.ADC_Config        ad.o
    0x08000568   0x00000016   Code   RO          582    i.ADC_DMACmd        stm32f4xx_adc.o
    0x0800057e   0x00000016   Code   RO          583    i.ADC_DMARequestAfterLastTransferCmd  stm32f4xx_adc.o
    0x08000594   0x00000054   Code   RO          598    i.ADC_Init          stm32f4xx_adc.o
    0x080005e8   0x0000001c   Code   RO          229    i.ADC_Init_All      ad.o
    0x08000604   0x000000b8   Code   RO          603    i.ADC_RegularChannelConfig  stm32f4xx_adc.o
    0x080006bc   0x0000000a   Code   RO          605    i.ADC_SoftwareStartConv  stm32f4xx_adc.o
    0x080006c6   0x00000004   Code   RO            4    i.BusFault_Handler  stm32f4xx_it.o
    0x080006ca   0x00000030   Code   RO          263    i.DAC_Ch2_TriangleConfig  da.o
    0x080006fa   0x00000002   PAD
    0x080006fc   0x00000028   Code   RO         1302    i.DAC_Cmd           stm32f4xx_dac.o
    0x08000724   0x00000034   Code   RO         1310    i.DAC_Init          stm32f4xx_dac.o
    0x08000758   0x0000000c   Code   RO          264    i.DAC_Init_ALL      da.o
    0x08000764   0x00000030   Code   RO          265    i.DAC_Init_IO       da.o
    0x08000794   0x00000020   Code   RO         1312    i.DAC_SetChannel2Data  stm32f4xx_dac.o
    0x080007b4   0x00000016   Code   RO         1599    i.DMA_Cmd           stm32f4xx_dma.o
    0x080007ca   0x00000002   PAD
    0x080007cc   0x00000058   Code   RO         1611    i.DMA_Init          stm32f4xx_dma.o
    0x08000824   0x00000002   Code   RO            5    i.DebugMon_Handler  stm32f4xx_it.o
    0x08000826   0x00000090   Code   RO         2264    i.GPIO_Init         stm32f4xx_gpio.o
    0x080008b6   0x00000046   Code   RO         2265    i.GPIO_PinAFConfig  stm32f4xx_gpio.o
    0x080008fc   0x00000004   Code   RO         2271    i.GPIO_ResetBits    stm32f4xx_gpio.o
    0x08000900   0x00000004   Code   RO            6    i.HardFault_Handler  stm32f4xx_it.o
    0x08000904   0x0000008c   Code   RO         5394    i.LED_Init          led_1.o
    0x08000990   0x00000004   Code   RO            7    i.MemManage_Handler  stm32f4xx_it.o
    0x08000994   0x00000002   Code   RO            8    i.NMI_Handler       stm32f4xx_it.o
    0x08000996   0x00000002   PAD
    0x08000998   0x00000078   Code   RO          524    i.NVIC_Init         misc.o
    0x08000a10   0x00000014   Code   RO          525    i.NVIC_PriorityGroupConfig  misc.o
    0x08000a24   0x00000002   Code   RO            9    i.PendSV_Handler    stm32f4xx_it.o
    0x08000a26   0x00000002   PAD
    0x08000a28   0x00000020   Code   RO         3190    i.RCC_AHB1PeriphClockCmd  stm32f4xx_rcc.o
    0x08000a48   0x00000020   Code   RO         3199    i.RCC_APB1PeriphClockCmd  stm32f4xx_rcc.o
    0x08000a68   0x00000020   Code   RO         3202    i.RCC_APB2PeriphClockCmd  stm32f4xx_rcc.o
    0x08000a88   0x000000e8   Code   RO         3211    i.RCC_GetClocksFreq  stm32f4xx_rcc.o
    0x08000b70   0x00000002   Code   RO           10    i.SVC_Handler       stm32f4xx_it.o
    0x08000b72   0x00000002   PAD
    0x08000b74   0x000000ec   Code   RO          180    i.SetSysClock       system_stm32f4xx.o
    0x08000c60   0x00000028   Code   RO          528    i.SysTick_CLKSourceConfig  misc.o
    0x08000c88   0x00000008   Code   RO          412    i.SysTick_Handler   delay.o
    0x08000c90   0x00000068   Code   RO          182    i.SystemInit        system_stm32f4xx.o
    0x08000cf8   0x00000040   Code   RO          266    i.TIM6_Config       da.o
    0x08000d38   0x00000018   Code   RO         4586    i.TIM_Cmd           stm32f4xx_tim.o
    0x08000d50   0x00000012   Code   RO         4644    i.TIM_SelectOutputTrigger  stm32f4xx_tim.o
    0x08000d62   0x00000002   PAD
    0x08000d64   0x00000084   Code   RO         4658    i.TIM_TimeBaseInit  stm32f4xx_tim.o
    0x08000de8   0x00000012   Code   RO         4659    i.TIM_TimeBaseStructInit  stm32f4xx_tim.o
    0x08000dfa   0x00000002   PAD
    0x08000dfc   0x000000e8   Code   RO          307    i.USART1_IRQHandler  usart.o
    0x08000ee4   0x00000012   Code   RO         5136    i.USART_ClearFlag   stm32f4xx_usart.o
    0x08000ef6   0x00000018   Code   RO         5140    i.USART_Cmd         stm32f4xx_usart.o
    0x08000f0e   0x00000002   PAD
    0x08000f10   0x000000dc   Code   RO          308    i.USART_Config      usart.o
    0x08000fec   0x00000054   Code   RO         5144    i.USART_GetITStatus  stm32f4xx_usart.o
    0x08001040   0x0000004a   Code   RO         5146    i.USART_ITConfig    stm32f4xx_usart.o
    0x0800108a   0x00000002   PAD
    0x0800108c   0x000000d4   Code   RO         5147    i.USART_Init        stm32f4xx_usart.o
    0x08001160   0x0000000a   Code   RO         5154    i.USART_ReceiveData  stm32f4xx_usart.o
    0x0800116a   0x00000004   Code   RO           11    i.UsageFault_Handler  stm32f4xx_it.o
    0x0800116e   0x00000008   Code   RO          309    i.Usart_Init_All    usart.o
    0x08001176   0x00000006   Code   RO          310    i._sys_exit         usart.o
    0x0800117c   0x0000003c   Code   RO          413    i.delay_init        delay.o
    0x080011b8   0x00000080   Code   RO          472    i.main              main.o
    0x08001238   0x0000003c   Code   RO          417    i.time_tick         delay.o
    0x08001274   0x0000000a   Code   RO        12396    x$fpl$fpinit        fz_wm.l(fpinit.o)
    0x0800127e   0x00000002   PAD
    0x08001280   0x00000020   Data   RO        12453    Region$$Table       anon$$obj.o


    Execution Region RW_IRAM1 (Base: 0x20000000, Size: 0x000008a8, Max: 0x00020000, ABSOLUTE)

    Base Addr    Size         Type   Attr      Idx    E Section Name        Object

    0x20000000   0x00000014   Data   RW          183    .data               system_stm32f4xx.o
    0x20000014   0x00000004   Data   RW          230    .data               ad.o
    0x20000018   0x00000005   Data   RW          313    .data               usart.o
    0x2000001d   0x00000003   PAD
    0x20000020   0x00000010   Data   RW          418    .data               delay.o
    0x20000030   0x00000010   Data   RW         3243    .data               stm32f4xx_rcc.o
    0x20000040   0x00000204   Zero   RW          312    .bss                usart.o
    0x20000244   0x00000060   Zero   RW        12328    .bss                c_w.l(libspace.o)
    0x200002a4   0x00000004   PAD
    0x200002a8   0x00000200   Zero   RW          219    HEAP                startup_stm32f40xx.o
    0x200004a8   0x00000400   Zero   RW          218    STACK               startup_stm32f40xx.o


==============================================================================

Image component sizes


      Code (inc. data)   RO Data    RW Data    ZI Data      Debug   Object Name

       472         40          0          4          0       1863   ad.o
       172         12          0          0          0       1980   da.o
       128         24          0         16          0       1881   delay.o
       140          4          0          0          0        567   led_1.o
       128         12          0          0          0      26830   main.o
       180         24          0          0          0       2197   misc.o
        64         26        392          0       1536        828   startup_stm32f40xx.o
       392         24          0          0          0       5679   stm32f4xx_adc.o
       124         18          0          0          0       2555   stm32f4xx_dac.o
       110          6          0          0          0       2453   stm32f4xx_dma.o
       218          0          0          0          0       2424   stm32f4xx_gpio.o
        24          0          0          0          0     326012   stm32f4xx_it.o
       328         36          0         16          0       4799   stm32f4xx_rcc.o
       192         28          0          0          0       3092   stm32f4xx_tim.o
       422          8          0          0          0       4980   stm32f4xx_usart.o
       340         32          0         20          0       1757   system_stm32f4xx.o
       466         24          0          5        516       5084   usart.o

    ----------------------------------------------------------------------
      3920        318        424         64       2052     394981   Object Totals
         0          0         32          0          0          0   (incl. Generated)
        20          0          0          3          0          0   (incl. Padding)

    ----------------------------------------------------------------------

      Code (inc. data)   RO Data    RW Data    ZI Data      Debug   Library Member Name

         8          0          0          0          0         68   __main.o
         0          0          0          0          0          0   __rtentry.o
        12          0          0          0          0          0   __rtentry2.o
         6          0          0          0          0          0   __rtentry4.o
        52          8          0          0          0          0   __scatter.o
        26          0          0          0          0          0   __scatter_copy.o
        28          0          0          0          0          0   __scatter_zi.o
        12          0          0          0          0         72   exit.o
         6          0          0          0          0        152   heapauxi.o
         2          0          0          0          0          0   libinit.o
         6          0          0          0          0          0   libinit2.o
         2          0          0          0          0          0   libshutdown.o
         2          0          0          0          0          0   libshutdown2.o
         8          4          0          0         96         68   libspace.o
        68          0          0          0          0         68   rt_memclr.o
        78          0          0          0          0         80   rt_memclr_w.o
         2          0          0          0          0          0   rtexit.o
        10          0          0          0          0          0   rtexit2.o
        74          0          0          0          0         80   sys_stackheap_outer.o
         2          0          0          0          0         68   use_no_semi.o
         2          0          0          0          0         68   use_no_semi_2.o
        10          0          0          0          0        116   fpinit.o

    ----------------------------------------------------------------------
       424         12          0          0        100        840   Library Totals
         8          0          0          0          4          0   (incl. Padding)

    ----------------------------------------------------------------------

      Code (inc. data)   RO Data    RW Data    ZI Data      Debug   Library Name

       406         12          0          0         96        724   c_w.l
        10          0          0          0          0        116   fz_wm.l

    ----------------------------------------------------------------------
       424         12          0          0        100        840   Library Totals

    ----------------------------------------------------------------------

==============================================================================


      Code (inc. data)   RO Data    RW Data    ZI Data      Debug   

      4344        330        424         64       2152     390361   Grand Totals
      4344        330        424         64       2152     390361   ELF Image Totals
      4344        330        424         64          0          0   ROM Totals

==============================================================================

    Total RO  Size (Code + RO Data)                 4768 (   4.66kB)
    Total RW  Size (RW Data + ZI Data)              2216 (   2.16kB)
    Total ROM Size (Code + RO Data + RW Data)       4832 (   4.72kB)

==============================================================================

